$ pnpm contracts:check
$ node scripts/sync-contracts.mjs --check
Web ABI matches verified contract sources (0x06e8d37cdccef0f7993c9f29649bb713f126b1572eb4fe16a528848ff77603bc).
$ next build
▲ Next.js 16.2.1 (Turbopack)

  Creating an optimized production build ...
✓ Compiled successfully in 912ms
  Running TypeScript ...
  Finished TypeScript in 63ms ...
  Collecting page data using 8 workers ...
  Generating static pages using 8 workers (0/7) ...
  Generating static pages using 8 workers (1/7) 
  Generating static pages using 8 workers (3/7) 
  Generating static pages using 8 workers (5/7) 
✓ Generating static pages using 8 workers (7/7) in 230ms
  Finalizing page optimization ...

Route (app)
┌ ○ /
├ ○ /_not-found
├ ○ /design
├ ○ /icon.svg
├ ○ /review
└ ○ /review/frame


○  (Static)  prerendered as static content

