No files changed, compilation skipped

Ran 3 tests for test/unit/FreshPoolFactory.t.sol:FreshPoolFactoryTest
[PASS] test_newDeploymentDoesNotReadPreviousFactories() (gas: 613539)
[PASS] test_newFactoryCannotBeginHistoricalBackfill() (gas: 20142)
[PASS] test_newFactoryStillRejectsDuplicateMachineWithinItsRegistry() (gas: 618267)
Suite result: ok. 3 passed; 0 failed; 0 skipped; finished in 3.44ms (371.29µs CPU time)

Ran 2 tests for test/unit/BudgetWrapperCompatibility.t.sol:BudgetWrapperCompatibilityTest
[PASS] test_failedSecondPurchaseRollsBackItsFundingWithoutAffectingFirst() (gas: 2452101)
[PASS] test_twoChildrenCanBeBoughtByOneContractAndSurplusCollected() (gas: 2993100)
Suite result: ok. 2 passed; 0 failed; 0 skipped; finished in 5.07ms (2.19ms CPU time)

Ran 4 tests for test/unit/IntegratedDeployment.t.sol:IntegratedDeploymentTest
[PASS] test_BothGraphsShareGovernanceWithSeparateFactoryBindingsAndMarkets() (gas: 7288862)
[PASS] test_BudgetFactoryTrustChangeRequiresTheFortyEightHourTimelock() (gas: 5272454)
[PASS] test_BudgetInitializationFailureRollsBackCoreAndAllowsSameAddressRetry() (gas: 10005389)
[PASS] test_WrongPortfolioBindingAndUnauthorizedCallerCannotCreateEitherGraph() (gas: 5038620)
Suite result: ok. 4 passed; 0 failed; 0 skipped; finished in 5.71ms (3.15ms CPU time)

Ran 12 tests for test/unit/PoolGovernance.t.sol:PoolGovernanceTest
[PASS] test_BeaconOwnershipCannotMigrateEvenThroughTimelock() (gas: 99856)
[PASS] test_BeaconUpgradeChangesAllPoolsOnlyAfter48Hours() (gas: 7031806)
[PASS] test_CreateBothWhitelistedCircuitTypesAndDirectSale() (gas: 1230353)
[PASS] test_CreatePoolRegistryAndTreasurySnapshot() (gas: 1201750)
[PASS] test_CreateRejectsInvalidEconomicAndTimingParameters() (gas: 259486)
[PASS] test_DailyAdminDoesNotGiveOperatorOwnerPowers() (gas: 691932)
[PASS] test_FactoryUpgradeRequiresRealTimelockQueueAndPreservesRegistry() (gas: 5657762)
[PASS] test_GovernanceRolesAndNoDeployerAdmin() (gas: 84007)
[PASS] test_InitializationRejectsMissingRolesAndUnprotectedGovernance() (gas: 2225873)
[PASS] test_InitializeIsAtomicAndCannotBeRepeated() (gas: 40875)
[PASS] test_TimelockDelayCannotBeReducedBelow48Hours() (gas: 64600)
[PASS] test_TimelockProposeCancelAndPublicExecuteBoundaries() (gas: 60121)
Suite result: ok. 12 passed; 0 failed; 0 skipped; finished in 6.88ms (3.90ms CPU time)

Ran 15 tests for test/unit/AtomicDeployment.t.sol:AtomicDeploymentTest
[PASS] test_AtomicGraphIsInitializedWithCorrectRolesAndNoDeployerAuthority() (gas: 5260500)
[PASS] test_AtomicMarketUpgradeStillRequiresFull48HourTimelock() (gas: 7493204)
[PASS] test_BeaconAcceptsBoundUpgradeOnlyAfter48Hours() (gas: 9888871)
[PASS] test_BeaconRejectsWrongFactoryOrMissingBindingEvenAfterTimelock() (gas: 9339107)
[PASS] test_BootstrapMarketCannotBeReplacedByOwnerOperatorOrLaterTimelock() (gas: 4374757)
[PASS] test_DeploymentAndBothInitializersCannotBeReplayedOrTakenOver() (gas: 4344710)
[PASS] test_ImplementationsCannotBeInitializedBeforeDeployment() (gas: 31320)
[PASS] test_NoPublicProxySurvivesFailedBootstrapAndSamePredictionCanRetry() (gas: 8410815)
[PASS] test_OnlyBoundOfficialFactoryCanInitializeOfficialBeaconPool() (gas: 5167450)
[PASS] test_ProductionCoordinatorAndImplementationsFitProtocolCodeLimits() (gas: 56092)
[PASS] test_RejectsForeignFactoryBindingAndEmptyImplementation() (gas: 5065332)
[PASS] test_RejectsInvalidOwnerMultisigConfiguration() (gas: 929728)
[PASS] test_RejectsInvalidTreasuryMultisigThreshold() (gas: 483863)
[PASS] test_RejectsUnseparatedOrMissingProductionRoles() (gas: 76794)
[PASS] test_SeparateTreasuryMultisigCanUseDifferentValidThreshold() (gas: 4598410)
Suite result: ok. 15 passed; 0 failed; 0 skipped; finished in 8.34ms (5.65ms CPU time)

Ran 2 tests for test/unit/DeploymentScript.t.sol:DeploymentScriptTest
[PASS] test_scriptRejectsWrongChainBeforeDeployment() (gas: 17967223)
[PASS] test_scriptSimulatesAtomicDeploymentWithoutPrivateKey() (gas: 39762931)
Logs:
  chainId 56
  coordinator 0xa8Aad1e3ba125Dd2Ac2749B0f059823e4E8C15CE
  deployer 0x000000000000000000000000000000000000D310
  ownerMultisig 0x5615dEB798BB3E4dFa0139dFa1b3D433Cc23b72f
  operator 0x0000000000000000000000000000000000000123
  treasury 0x5615dEB798BB3E4dFa0139dFa1b3D433Cc23b72f
  timelock 0x10f79912D89Eb45A9Df871917507f2494df6EC99
  beacon 0x04DF9CeE8dCbf3FA682284AdB7CC7e5d76CE9b29
  factory 0xF396E8E0c79F3a226De10b272D88f5dab805B526
  shareMarket 0x25c61d2f10c2F032C14baE88b99b9D49b9cd8c3E
  vaultImplementation 0x074d190812BBdEeF161Ac61E12F0856F39093a5a
  0x9debc1d7ec966e00da5381d1691e7637f0c6fa482e91175513321ba4629d8700
  factoryImplementation 0x744B4E42FF9b6A72bE4B54414F79e972766A1a56
  0x3d87040e33f62ece1fa3e3f1a99df15c763653789d51acacf6e2dab8d8c73a7e
  marketImplementation 0xBe54712881c6957580f8e2C4575a8511cc7ffAC8
  0x954a056d164a5893ad8b5ff0f7c913fec730f5c6027a18200af084e662b51c57

Suite result: ok. 2 passed; 0 failed; 0 skipped; finished in 4.89ms (3.57ms CPU time)

Ran 3 tests for test/audit/AuditGovernance.t.sol:AuditGovernance
[PASS] test_oldFormatListedProposalCannotCompleteAfterUpgradeAndCanExpire() (gas: 11134498)
[PASS] test_oldFormatOpenProposalCannotBeVotedOrExecuted() (gas: 5510550)
[PASS] test_sameTimestampBuyersVoteAndFormerHoldersCannotForceSale() (gas: 7003004)
Logs:
  former holders' current shares: 1
  former holders' effective proposal votes: 26
  buyers' payment in wei: 7400000000000000000

Suite result: ok. 3 passed; 0 failed; 0 skipped; finished in 11.21ms (3.99ms CPU time)

Ran 6 tests for test/unit/MachineRegistry.t.sol:MachineRegistryMigrationTest
[PASS] test_emptyLegacyFactoryUpgradeImmediatelyReadyWithoutInventedPoolList() (gas: 18760727)
[PASS] test_legacyDuplicateConflictStopsMigrationWithoutOverwritingEarlierPool() (gas: 5777324)
[PASS] test_legacyFundedBalancesSurviveUpgradeAndCreationWaitsForFullBackfill() (gas: 6827512)
[PASS] test_migrationBatchBoundsAndOneTimeInitialization() (gas: 5208383)
[PASS] test_migrationKeepsBothOriginalAndHistoricalAcquiredAlternative() (gas: 5243059)
[PASS] test_uninitializedMigrationFailsClosedButDoesNotBlockRefund() (gas: 5415167)
Suite result: ok. 6 passed; 0 failed; 0 skipped; finished in 7.20ms (4.85ms CPU time)

Ran 6 tests for test/unit/NativeDelisting.t.sol:NativeDelistingTest
[PASS] test_exactHalfAddressesCannotPassEvenWithShareMajority() (gas: 1461559)
[PASS] test_exactHalfSharesCannotPassEvenWithAddressMajorityAndVotesAreSingleUse() (gas: 1691284)
[PASS] test_expiredListingImmediatelyReopensAndOldRoundCannotAct() (gas: 1875801)
[PASS] test_nativeOrControlledFillWinsAgainstOpenDelistingRound() (gas: 1683801)
[PASS] test_onlyCurrentListedRoundMembersCanStartOrVoteAndArgumentsAreBound() (gas: 1281379)
[PASS] test_votedDelistRevokesNonceAndImmediatelyOpensDistinctSaleRound() (gas: 2105164)
Suite result: ok. 6 passed; 0 failed; 0 skipped; finished in 14.28ms (8.95ms CPU time)

Ran 10 tests for test/unit/FactoryLensCreation.t.sol:FactoryLensCreationTest
[PASS] test_changedTaskRevertsEntireCreationAndRegistry() (gas: 856388)
[PASS] test_changedWeightRevertsEvenWhenMinimumStillMet() (gas: 861084)
[PASS] test_checkedCreateRegistersMatchingReferenceAndEmitsRealPool() (gas: 855859)
[PASS] test_checkedCreateRetainsOperatorAndCreationPauseRequirements() (gas: 92650)
[PASS] test_failedFlexibleConfigurationAlsoRollsBackRegistration() (gas: 667132)
[PASS] test_initializationCreatesBoundLensAndPermissionlessEnsureIsIdempotent() (gas: 39301)
[PASS] test_legacyFlexibleEntryRemainsOperatorOnlyAndCompatible() (gas: 851437)
[PASS] test_legacyZeroLensCreatesOnceWithoutChangingPoolsOrRolesEvenWhenPaused() (gas: 2066036)
[PASS] test_uninitializedProxyAndImplementationCannotCreateLens() (gas: 5095650)
[PASS] test_zeroExpectedWeightCannotDisableReferenceCheck() (gas: 849017)
Suite result: ok. 10 passed; 0 failed; 0 skipped; finished in 7.52ms (3.96ms CPU time)

Ran 5 tests for test/unit/MachineRegistry.t.sol:MachineRegistryTest
[PASS] test_allFourCreateEntriesAtomicallyRejectSameMachine() (gas: 246759)
[PASS] test_invalidConfigurationRevertsReservationAndRegistration() (gas: 1200732)
[PASS] test_onlyRegisteredFundedPoolCanClaimAndCannotTakeAnotherReservation() (gas: 1511655)
[PASS] test_permanentReservationSurvivesRefundAndDeniesReinitialization() (gas: 461337)
[PASS] test_sameTokenIdDifferentCollectionsAndDistinctIdsDoNotCollide() (gas: 1163924)
Suite result: ok. 5 passed; 0 failed; 0 skipped; finished in 3.27ms (1.43ms CPU time)

Ran 9 tests for test/unit/Governance24Migration.t.sol:Governance24MigrationTest
[PASS] test_AllFourUupsBothVaultRoutesAndAuthorityRemainGovernableAfter24Hours() (gas: 10823001)
[PASS] test_AtomicMigrationPreservesExistingAssetsClaimsSharesOrdersRegistriesAndRoles() (gas: 1477063)
[PASS] test_FirstMigrationCannotScheduleBelow48HoursAndExecutesOnlyAfter48() (gas: 464021)
[PASS] test_FutureBusinessUpgradesAndAdministrationUse24HoursAndPreserveDelegateContext() (gas: 629933)
[PASS] test_Hard24HourFloorCannotBeRemovedAndBeaconBindingOwnershipStayFixed() (gas: 283354)
[PASS] test_LastActionFailureRollsBackBothRoutesAllFourUupsAndFactoryOwners() (gas: 1217373)
[PASS] test_LegacyBeaconRecoveryStillRequires48HoursAndPreservesPoolStorage() (gas: 754791)
[PASS] test_NewPoolsKeepLegacyBeaconAddressAndUse24HourBusinessRoute() (gas: 1900337)
[PASS] test_UnauthorizedAndInvalidMigrationRevertWithoutChangingProxy() (gas: 1551418)
Suite result: ok. 9 passed; 0 failed; 0 skipped; finished in 18.94ms (10.53ms CPU time)

Ran 5 tests for test/unit/MultiShareMarket.t.sol:MultiShareMarketTest
[PASS] test_buyerWithLockedListingsCannotListMoreThanActualUnencumberedBalance() (gas: 2238538)
[PASS] test_multipleBuysProduceOneCombinedVotingWeightAndVoteFreezesFills() (gas: 1739493)
[PASS] test_oneOrderCanListAndFillAllOneHundredShares() (gas: 1006800)
[PASS] test_repeatedBuysSettleEachRewardPeriodToTheActualOwners() (gas: 1986338)
[PASS] test_sameWalletMayBuyRepeatedlyFromSeveralPartialOrdersUpToOneHundred() (gas: 1728628)
Suite result: ok. 5 passed; 0 failed; 0 skipped; finished in 16.32ms (11.24ms CPU time)

Ran 12 tests for test/unit/AuditMiningSettlement.t.sol:AuditMiningSettlementTest
[PASS] test_activeClaimCannotLeavePendingDebt() (gas: 231438)
[PASS] test_activeClaimFailureStillRejectsEvenWithZeroPending() (gas: 1220878)
[PASS] test_activeClaimStillRequiresPendingPaidToCurrentVault() (gas: 253560)
[PASS] test_mockClaimRejectsEveryNonMiningStatusWithRealSelector() (gas: 31642)
[PASS] test_nonMiningOutstandingPendingFailsClosedForTransferAndSale() (gas: 1168814)
[PASS] test_ordinaryInactiveHarvestEmitsFailureAndOldRewardsRemainClaimable() (gas: 471838)
[PASS] test_status0ZeroSettlementAllowsTransfersMarketFillAndCompleteSale() (gas: 2670303)
[PASS] test_status2ZeroSettlementAllowsTransfersMarketFillAndCompleteSale() (gas: 2675192)
[PASS] test_status3ZeroSettlementAllowsTransfersMarketFillAndCompleteSale() (gas: 2675258)
[PASS] test_unknownPostClaimStatusAlsoFailsClosed() (gas: 179849)
[PASS] test_unknownStatusesWithZeroPendingFailClosed() (gas: 1285568)
[PASS] test_zeroSettlementStillChecksIdentityAndActualNftOwner() (gas: 219236)
Suite result: ok. 12 passed; 0 failed; 0 skipped; finished in 23.13ms (15.01ms CPU time)

Ran 22 tests for test/unit/PoolLens.t.sol:PoolLensTest
[PASS] test_atCostMajorityThresholdAndVotingDeadlineBoundary() (gas: 1166962)
[PASS] test_badAbiShortEmptyLongAndInvalidBoolDoNotRevertWholeRead() (gas: 680344)
[PASS] test_badParamsNarrowIntegerIsRejectedBeforeDecode() (gas: 200283)
[PASS] test_badRegistryEntryFailsLocallyAndDoesNotSkipCursor() (gas: 204339)
[PASS] test_closedAndRefundingRowsAreNotFiltered() (gas: 570046)
[PASS] test_constructorOnlyRejectsZeroAndHasNoPayableEntry() (gas: 1929686)
[PASS] test_failedClaimableIsUnknownNotZeroAndOtherFieldsStillValid() (gas: 178515)
[PASS] test_getterCannotWriteAndExhaustedGasDoesNotBlockFollowingPool() (gas: 2559742)
[PASS] test_governanceMalformedProposalAndFailedVoteLookupRemainIsolated() (gas: 596563)
[PASS] test_governanceUsesActualCostAndSnapshotVotingThenExpiry() (gas: 1656451)
[PASS] test_inconsistentAvailableSharesNotAccepted() (gas: 191014)
[PASS] test_legacyDuplicateNftViewsRemainSeparateAndParamsAreCurrent() (gas: 1040734)
[PASS] test_oldProposalFormatIsNeverShownAsExecutable() (gas: 550071)
[PASS] test_realVaultFieldsMatchDirectReadsAndPreserveAtomicUnits() (gas: 556217)
[PASS] test_referenceIndependentAndNarrowTypesValidated() (gas: 95264)
[PASS] test_registrationAndBothFactoryBindingsRequired() (gas: 285714)
[PASS] test_registryCountFailureDoesNotHideExplicitPositions() (gas: 198190)
[PASS] test_sameSecondBuyerReceivesLensVoteAndFormerHolderDoesNot() (gas: 916695)
[PASS] test_snapshotPagesBoundedAndEndCursorSafeIncludingHugeOffset() (gas: 333201)
[PASS] test_twentyDistinctColdPoolsStayWithinMeasuredReadBudget() (gas: 14342801)
Logs:
  20 distinct cold Funding-pool positions execution gas: 2835950

[PASS] test_twentyRealRowsBoundedGasAndNeverMutateAccounting() (gas: 2200111)
Logs:
  20 warm repeated actual-vault positions execution gas: 1846517

[PASS] test_zeroShareFormerHolderKeepsRewardsAndBnbRightsVisible() (gas: 859279)
Suite result: ok. 22 passed; 0 failed; 0 skipped; finished in 32.97ms (27.00ms CPU time)

Ran 12 tests for test/unit/AutomaticSaleReference.t.sol:AutomaticSaleReferenceTest
[PASS] test_automaticDisplayQuoteCannotAutoApproveOrRewriteProposalReviewSnapshot() (gas: 470748)
[PASS] test_gasCannotApproveSaleCreatePoolRedirectTreasuryOrUpgrade() (gas: 3260135)
[PASS] test_gasCannotBuyProjectOrClaimFeesWithoutAdminSignature() (gas: 73023)
[PASS] test_gasDisplayQuoteCannotReplaceAdministratorAttestedReviewQuote() (gas: 149548)
[PASS] test_gasRotationRevokesOldPublisherImmediately() (gas: 117498)
[PASS] test_gasWalletPublishesOnlyReferenceWithoutAdminNonceOrSignature() (gas: 112669)
[PASS] test_olderEvidenceCannotReplaceNewerAutomaticReference() (gas: 110034)
[PASS] test_onlyCoreRegisteredPoolsAcceptAutomaticReference() (gas: 101594)
[PASS] test_priceDigestAndObservationTimeAreValidated() (gas: 221239)
[PASS] test_uint128MaximumIsAcceptedAndOversizedAbiValueCannotWrite() (gas: 93580)
[PASS] test_unrelatedWalletsIncludingAdministratorsCannotUsePublisherEntry() (gas: 144946)
[PASS] test_wrongFactoryAuthorityOrEoaOperatorDisablesPublisher() (gas: 137328)
Suite result: ok. 12 passed; 0 failed; 0 skipped; finished in 6.22ms (1.24ms CPU time)

Ran 1 test for test/unit/PoolTreasuryMigration.t.sol:PoolTreasuryMigrationTest
[PASS] test_timelockMigrationSettlesOldRewardsAndPreservesPreviouslyBookedFees() (gas: 1655302)
Suite result: ok. 1 passed; 0 failed; 0 skipped; finished in 6.23ms (1.03ms CPU time)

Ran 24 tests for test/unit/FirstoBatchPurchase.t.sol:FirstoBatchControlledProtocolTest
[PASS] test_MOCK_PROTOCOL_1271AndBoundsAndCanonicalEncoding() (gas: 1449573)
[PASS] test_MOCK_PROTOCOL_alreadyConsumedLeafCannotBuy() (gas: 863898)
[PASS] test_MOCK_PROTOCOL_badProofIndexAndMismatchedLeafReject() (gas: 939749)
[PASS] test_MOCK_PROTOCOL_batchCapabilityVersionIsSeparateFromNativeSaleAndOwner() (gas: 25623)
[PASS] test_MOCK_PROTOCOL_batchFailureStillAllowsDeadlinePrincipalRefund() (gas: 878636)
[PASS] test_MOCK_PROTOCOL_batchSingleLeafAfterGovernance24DispatcherKeepsCustodyAndSettlement() (gas: 8218257)
[PASS] test_MOCK_PROTOCOL_batchSingleLeafExactCostCustodyAndSellerRewards() (gas: 1331416)
[PASS] test_MOCK_PROTOCOL_changedTargetOwnerCannotBeBoughtEvenWithNewValidSignature() (gas: 835665)
[PASS] test_MOCK_PROTOCOL_claimCanInvalidateLeafAndEntirePurchaseRollsBack() (gas: 1421033)
[PASS] test_MOCK_PROTOCOL_claimFailureAndPostClaimQualityMutationRollback() (gas: 3185076)
[PASS] test_MOCK_PROTOCOL_expiryWrongSchemaWrongNftAndPayoutRollback() (gas: 1425342)
[PASS] test_MOCK_PROTOCOL_feeChangesGrossCapAndFloor() (gas: 1528788)
[PASS] test_MOCK_PROTOCOL_flexibleGrossSurplusAllocatedAndOriginalPriority() (gas: 2301872)
[PASS] test_MOCK_PROTOCOL_flexibleLockedModelAndWeightGrossCap() (gas: 1600106)
[PASS] test_MOCK_PROTOCOL_marketFaultsAndNftCallbackFaultsRollback() (gas: 7087299)
[PASS] test_MOCK_PROTOCOL_multiLeafSortedProofAndSiblingRemainUnspent() (gas: 1354368)
[PASS] test_MOCK_PROTOCOL_officialPriorityAndReadFailureBlockFallback() (gas: 1086917)
[PASS] test_MOCK_PROTOCOL_proofDepthAndMaximumCanonicalPayload() (gas: 2430943)
[PASS] test_MOCK_PROTOCOL_reentryCannotSpendAgain() (gas: 1936164)
[PASS] test_MOCK_PROTOCOL_runtimeMismatchFailsBeforeRewardsOrPayment() (gas: 2361879)
[PASS] test_MOCK_PROTOCOL_signatureBatchCancellationConsumedLeafRollback() (gas: 968123)
[PASS] test_MOCK_PROTOCOL_unconfiguredLegacyTargetCannotBuy() (gas: 833944)
[PASS] test_MOCK_PROTOCOL_wrongNetworkAndProtocolBindingsFailClosed() (gas: 955714)
[PASS] test_MOCK_PROTOCOL_wrongStateAndExactPurchaseDeadlineDoNotSpend() (gas: 865073)
Suite result: ok. 24 passed; 0 failed; 0 skipped; finished in 54.74ms (51.63ms CPU time)

Ran 17 tests for test/unit/PoolMining.t.sol:PoolMiningTest
[PASS] test_armAndStartRejectOtherCollectionOrToken() (gas: 1205333)
[PASS] test_armForwardsExactDataFromVaultToFixedMining() (gas: 1287239)
[PASS] test_externalCallCannotReenterMineEvenWhenMiningIsOperator() (gas: 1503175)
[PASS] test_mineRejectsMemberOwnerAndStranger() (gas: 1146024)
[PASS] test_mineRequiresActiveInFundingFundedAndRefunding() (gas: 830287)
[PASS] test_minerIdentityChangeDuringMiningCallRollsBack() (gas: 1316326)
[PASS] test_missingOwnershipRejectsBeforeCallingMining() (gas: 1130820)
[PASS] test_operatorRotationRevokesOldAuthorityOnExistingPool() (gas: 1303054)
[PASS] test_ownerLossDuringMiningCallRollsBackProtocolMutation() (gas: 1323365)
[PASS] test_protocolCustomErrorBubblesWithoutChangingAssets() (gas: 1234241)
[PASS] test_reclaimOnlyForCurrentProjectKey() (gas: 1283161)
[PASS] test_shortPayloadAndWrongFixedLengthsRejected() (gas: 1261608)
[PASS] test_startDecodesCompleteDynamicArgumentsAndPreservesReturnData() (gas: 1672384)
[PASS] test_startMalformedDynamicOffsetsCannotReachMining() (gas: 1127189)
[PASS] test_startRejectsNoncanonicalTrailingData() (gas: 1134912)
[PASS] test_stopClaimApprovalAndArbitrarySelectorRejectedBeforeExternalCall() (gas: 1211389)
[PASS] test_wrongMinerIdentityRejectsBeforeCallingMining() (gas: 1137242)
Suite result: ok. 17 passed; 0 failed; 0 skipped; finished in 31.21ms (24.76ms CPU time)

Ran 24 tests for test/unit/FirstoPurchase.t.sol:FirstoPurchaseTest
[PASS] test_allNftCallbackFaultsRevertAtomicPurchase() (gas: 3459769)
[PASS] test_claimFailureWrongOwnerAndInactiveMinerRollback() (gas: 2182819)
[PASS] test_delistedOfficialTargetAllowsFirstoPurchase() (gas: 1380280)
[PASS] test_failedMarketCannotBlockDeadlinePrincipalRefund() (gas: 801961)
[PASS] test_failedOfficialLookupCannotBeTreatedAsNoListing() (gas: 819793)
[PASS] test_feeEpochOrFeeChangeFailsClosedEvenWhenOldEpochAcceptedByExchange() (gas: 914748)
[PASS] test_feeRoundsDownWithoutOverpayingOneWei() (gas: 1268264)
[PASS] test_firstoAlternativeCannotBypassReference() (gas: 956142)
[PASS] test_fixedPoolFirstoCannotBypassEligibleOfficialListing() (gas: 988677)
[PASS] test_flexibleGrossSurplusAllocatedToPurchaseTime37And63Shares() (gas: 2049092)
[PASS] test_flexibleLockedReferenceWeightCapAppliesToGross() (gas: 1449635)
[PASS] test_flexiblePoolFirstoCannotBypassEligibleOfficialListing() (gas: 1554097)
[PASS] test_grossAboveCapRejectedEvenWhenSellerPriceAtCap() (gas: 855520)
[PASS] test_invalidSignatureRevertsSellerSettlementAndEveryBalance() (gas: 1110065)
[PASS] test_long1271SignatureBoundAndCanonicalEncoding() (gas: 1382079)
[PASS] test_malformedEncodingWrongChainExpiredAndCancelledFailClosed() (gas: 925526)
[PASS] test_marketRevertMissingNftWrongRecipientRefundFeeMutationAndOwnerMutationRollback() (gas: 3501819)
[PASS] test_overCapOfficialTargetDoesNotBlockFirstoPurchase() (gas: 1381783)
[PASS] test_pausedWrongProtocolFactoryAndSchemaFailClosed() (gas: 909279)
[PASS] test_reentrantPurchaseCannotSpendAgain() (gas: 1669312)
[PASS] test_rejectingPayoutCannotConsumeOrderOrSellerRewards() (gas: 1270004)
[PASS] test_short1271SignatureUsesExchangeValidation() (gas: 1329918)
[PASS] test_signedOriginalPaysGrossReceivesExactNftAndSettlesStaleZeroPending() (gas: 1285865)
[PASS] test_unknownRoutesStayDisabled() (gas: 828879)
Suite result: ok. 24 passed; 0 failed; 0 skipped; finished in 28.01ms (24.94ms CPU time)

Ran 4 tests for test/unit/PoolMultiShareLifecycle.t.sol:PoolMultiShareLifecycleTest
[PASS] test_marketPurchasesCanConsolidateAllHundredWithoutMovingOldRights() (gas: 4505845)
[PASS] test_soleSubscriberCanPurchaseClaimRewardsAndCompleteWholeSale() (gas: 3311116)
[PASS] test_splitSubscriptionRefundsExactlyOncePerWallet() (gas: 1582679)
[PASS] test_splitSubscriptionsPurchaseRewardAndWholeSaleUseAggregatedShares() (gas: 4294140)
Suite result: ok. 4 passed; 0 failed; 0 skipped; finished in 25.15ms (16.91ms CPU time)

Ran 7 tests for test/unit/FirstoSale.t.sol:FirstoSaleTest
[PASS] test_claimFailureCannotLeaveSignatureApprovalOrSpendBuyerFunds() (gas: 1176568)
[PASS] test_confirmationPriceProposalFeeAndEpochAreBinding() (gas: 1342522)
[PASS] test_controlledSaleClaimsBeforeTransferPaysExactGrossAndClearsAuthorization() (gas: 1770726)
[PASS] test_eachExchangeFaultRollsBackNftMiningAccountingValueAndPermit() (gas: 8728579)
[PASS] test_exchangeCannotReenterAnySecondSale() (gas: 1656979)
[PASS] test_externalNativeFillUsesApprovedAskButLegacyDirectEntryRemainsDisabled() (gas: 1435472)
[PASS] test_prefundedPredictableExecutorCannotBlockTheSale() (gas: 1500467)
Suite result: ok. 7 passed; 0 failed; 0 skipped; finished in 30.14ms (18.50ms CPU time)

Ran 16 tests for test/unit/PlatformAuthority.t.sol:PlatformAuthorityTest
[PASS] testAdministratorCanInvalidateOwnNonceAndSubmitWithoutRelayer() (gas: 257839)
[PASS] testAdministratorCannotInvalidateFromNearMaximumToOverflowingNonce() (gas: 171398)
[PASS] testAdministratorCannotJumpNonceToMaximumAndBrickSigner() (gas: 51539)
[PASS] testAllCreateVariantsAndPauseUseVisibleTypedFields() (gas: 565484)
[PASS] testBudgetPurchasesRequireExactSingleAdminSignatureAndCostCeiling() (gas: 531537)
[PASS] testEitherAdminCanReviewButRelayerCannotForgeOrReplay() (gas: 399748)
[PASS] testExpiredCrossChainAndWrongContractSignaturesFail() (gas: 392230)
[PASS] testFirstAdminCanTakeAllFeesButRelayerCannotRedirect() (gas: 363957)
[PASS] testGasWalletMayOnlyRelayWhitelistedOperations() (gas: 489529)
[PASS] testIncorrectSaleApprovalPriceCanBeCorrectedBeforeExecution() (gas: 355545)
[PASS] testOldOpaqueActionSignatureCannotAuthorizeReview() (gas: 47223)
[PASS] testOnlyTimelockCanRotateAdminsAndGasWallet() (gas: 90279)
[PASS] testReclaimRequiresAdministratorSignature() (gas: 108072)
[PASS] testReferenceNeedsAdminSignatureAndCannotBeChanged() (gas: 111333)
[PASS] testRemovedAdministratorCannotReturnWithOutstandingSignature() (gas: 260848)
[PASS] testTypedStructHashesMatchIndependentEthersVectors() (gas: 17268)
Suite result: ok. 16 passed; 0 failed; 0 skipped; finished in 12.96ms (8.87ms CPU time)

Ran 2 tests for test/unit/PoolBurn.t.sol:PoolBurnTest
[PASS] test_allBurnEntrypointsDisabledForOperatorAndMemberBeforeAndAfterSale() (gas: 1979839)
[PASS] test_plainBnbAndWbnbRefundAreRejected() (gas: 67524)
Suite result: ok. 2 passed; 0 failed; 0 skipped; finished in 7.87ms (1.78ms CPU time)

Ran 9 tests for test/unit/PoolFundingConcurrency.t.sol:PoolFundingConcurrencyTest
[PASS] test_aliceWinsLastShareInSameBlock() (gas: 619642)
[PASS] test_atFundingDeadlineNeitherWalletCanTakeLastShare() (gas: 492912)
[PASS] test_bobWinsLastShareInSameBlock() (gas: 619884)
[PASS] test_lastDepositBeforeWithdrawalWinsAndPreventsBurningFundedShares() (gas: 578394)
[PASS] test_lastSecondWinnerAndDeadlineLosersNeverChangeFunding() (gas: 618840)
[PASS] test_oneWalletHundredFirstLeavesNoCapacityForAnotherWallet() (gas: 411099)
[PASS] test_otherWalletFirstMakesHundredShareOrderAllOrNothing() (gas: 595667)
[PASS] test_withdrawalBeforeCompetingDepositsKeepsRefundSeparate() (gas: 770549)
[PASS] test_wrongPaymentAndExcessSharesCannotReserveTheLastTwoShares() (gas: 645530)
Suite result: ok. 9 passed; 0 failed; 0 skipped; finished in 8.61ms (6.56ms CPU time)

Ran 7 tests for test/unit/PoolClaimOwnership.t.sol:PoolClaimOwnershipTest
[PASS] testFuzz_claimAndHarvestShareTheReentrancyGuard(bool,bool) (runs: 256, μ: 503856, ~: 556943)
[PASS] test_emptyClaimPreservesDebtFractionsAndLastSuccessfulTime() (gas: 581634)
[PASS] test_failedPersonalPaymentRollsBackSettlementAndFractions() (gas: 653134)
[PASS] test_removedClaimForSelectorRejectsWithoutChangingAccounting() (gas: 373570)
[PASS] test_selfCanClaimNewIncomeAgainInTheSameTimestamp() (gas: 548744)
[PASS] test_strangerHarvestsToPoolButOnlyMembersCanClaimTheirOwnIncome() (gas: 550017)
[PASS] test_zeroShareFormerHolderPersonallyClaimsOldIncomeAfterRealTransfer() (gas: 4408417)
Suite result: ok. 7 passed; 0 failed; 0 skipped; finished in 276.28ms (272.81ms CPU time)

Ran 31 tests for test/unit/PoolFunding.t.sol:PoolFundingTest
[PASS] testFuzz_paymentMustMatchExactIntegerShares(uint8,uint96) (runs: 256, μ: 91018, ~: 91401)
Logs:
  Bound result 10
  Bound result 7551

[PASS] test_assetOwedExposesOnlyNativeBnbLiability() (gas: 391468)
[PASS] test_bnbCallbackCannotWithdrawTwice() (gas: 484211)
[PASS] test_checkpointTracksMembershipAndSameTimestampFinalState() (gas: 797328)
[PASS] test_cumulativeOneHundredSharesCountAsOneMember() (gas: 484572)
[PASS] test_currentAndFutureCheckpointLookupsReject() (gas: 39721)
[PASS] test_depositBeforeDeadlineButRejectAtDeadlineAndAfter() (gas: 386415)
[PASS] test_depositOneAndFortyNineShares() (gas: 537462)
[PASS] test_erc20TransfersAndApprovalsCannotReplaceBnbSubscription() (gas: 615226)
[PASS] test_failedBnbTransferRestoresPullCredit() (gas: 420357)
[PASS] test_finalizeBeforeFundingDeadlineAndRepeatedFinalizeRejected() (gas: 415628)
[PASS] test_fundingTimeoutCreditsActualContributionsOnly() (gas: 611092)
[PASS] test_initialStateAndAssetBindings() (gas: 94093)
[PASS] test_nonCanonicalUint8AbiCannotMintFractionalShares() (gas: 40022)
[PASS] test_oneHundredMemberFailureHasBoundedGasAndConservesBnb() (gas: 19226004)
Logs:
  finalizeFailure 100 members gas: 2360077

[PASS] test_operatorReplacementRevokesOldAuthorityInExistingPool() (gas: 81380)
[PASS] test_overRemainingSharesRejectedThenLastShareCompletes() (gas: 922949)
[PASS] test_pauseOnlyDepositsAndDoesNotBlockWithdrawalOrFailure() (gas: 617295)
[PASS] test_pauseRequiresOperatorAndResumeRestoresDeposits() (gas: 398674)
[PASS] test_plainBnbTransferCannotSubscribe() (gas: 51521)
[PASS] test_purchaseTimeoutAndExactDeadline() (gas: 793513)
[PASS] test_redepositDoesNotOverwritePriorPullCreditOrDuplicateRefund() (gas: 559352)
[PASS] test_refundHasNoBemClaimIntervalOrExpiry() (gas: 796005)
[PASS] test_repeatedWithdrawAndNonMemberCannotTakeOthersBnb() (gas: 403120)
[PASS] test_secondWalletCannotExceedRemainingPoolSupply() (gas: 434408)
[PASS] test_shareTransferAndTransferFromRejectedBeforeActive() (gas: 392447)
[PASS] test_singleWalletMayFundAllHundredSharesAtOnce() (gas: 412637)
[PASS] test_threeMembersFortyNineFortyNineTwoFundExactly() (gas: 741405)
[PASS] test_withdrawDepositAfterDeadlineBeforeFinalizationRemainsAvailable() (gas: 406088)
[PASS] test_withdrawDepositIsPullAndRemovesCurrentMember() (gas: 544983)
[PASS] test_zeroAndOneHundredOneSharesRejected() (gas: 123622)
Suite result: ok. 31 passed; 0 failed; 0 skipped; finished in 172.51ms (170.22ms CPU time)

Ran 9 tests for test/unit/NativeFirstoSale.t.sol:NativeFirstoSaleTest
[PASS] testFuzz_nativeAndControlledSitesConsumeOneNonceOnly(bool) (runs: 256, μ: 1505745, ~: 1553609)
[PASS] test_expiryDisablesSignatureImmediatelyAndCleanupRevokesOnlyTokenApproval() (gas: 1771805)
[PASS] test_feeChangeAndPauseDisableNativeAskWithoutPretendingItWasSold() (gas: 1217645)
[PASS] test_listingClaimFailureRollsBackGovernanceAndApproval() (gas: 929847)
[PASS] test_nativeFillBooksOnlyReceivedBemAndLeavesPostListingMiningToBuyer() (gas: 1882966)
[PASS] test_nativeReceiverCannotChangeSharesOrReenterControlledSale() (gas: 1982982)
[PASS] test_nativeWrongPayoutAndMissingNonceRevertEntireNftTransfer() (gas: 1778692)
[PASS] test_openHarvestsExistingBemAndPublishesOnlyTheExactGovernanceAsk() (gas: 1353129)
[PASS] test_unrelatedOrPrematurePaymentCannotCloseTheListing() (gas: 1114894)
Suite result: ok. 9 passed; 0 failed; 0 skipped; finished in 681.69ms (697.32ms CPU time)

Ran 43 tests for test/unit/PoolVoting.t.sol:PoolVotingTest
[PASS] testFuzz_fiftyOneThroughFiftyNineSharesPassDoubleMajority(uint8) (runs: 256, μ: 1094430, ~: 1094571)
Logs:
  Bound result 51

[PASS] testFuzz_referenceAndPriceAreRecordedWithoutOracleValidation(uint256,uint256,uint64) (runs: 256, μ: 383904, ~: 384014)
Logs:
  Bound result 93

[PASS] test_acquisitionThreeDayBoundaryAndProposalSnapshot() (gas: 548906)
[PASS] test_belowEightyPercentFreshReferenceRequiresPlatformApproval() (gas: 1020364)
[PASS] test_closedLifecycleFixtureCannotVoteOrProposeButRetainsHistory() (gas: 641814)
[PASS] test_competingCandidatesShareOneFrozenSnapshotAndRoundDeadline() (gas: 861874)
[PASS] test_currentNewMemberCanProposeAndVoteAfterSameSecondTransfer() (gas: 1029351)
[PASS] test_discountBelowActualCostUsesDoubleMajority() (gas: 1078019)
[PASS] test_discountedAlternativeNeedsDoubleMajority() (gas: 1315961)
[PASS] test_eightyPercentBoundaryExecutesWithoutReview() (gas: 912050)
[PASS] test_exactlyHalfMembersFailEvenWithShareMajority() (gas: 991088)
[PASS] test_exactlyHalfSharesFailEvenWithMemberMajority() (gas: 1247242)
[PASS] test_falseVoteConsumesVoteAndCannotBeChanged() (gas: 569170)
[PASS] test_fortyNineSharesAloneDoNotPass() (gas: 562037)
[PASS] test_fundingFundedAndRefundingPoolsCannotProposeOrVote() (gas: 1405344)
[PASS] test_futureReviewCannotRejectOrPreApproveAnOrdinaryPool() (gas: 472443)
[PASS] test_listedLifecycleFixtureRejectsProposalsAndVotesWithoutChangingHistory() (gas: 636921)
[PASS] test_lockedSharesRetainBeneficialOwnerVoteAndCancellationDoesNotResetVote() (gas: 784307)
[PASS] test_miningCallbackCannotProposeDuringShareTransfer() (gas: 1343092)
[PASS] test_miningCallbackCannotVoteDuringHarvest() (gas: 1107264)
[PASS] test_minorityCannotMonopolizeRoundPriceOrOpenAnotherRound() (gas: 6870150)
[PASS] test_nonMembersHaveNoPrivilegedProposalOrVoteAccess() (gas: 651264)
[PASS] test_oneWeiBelowEightyPercentNeedsReviewButBoundaryNeedsNone() (gas: 965981)
[PASS] test_openVotePreventsAcquiringAdditionalVotingShares() (gas: 636898)
[PASS] test_openVotePreventsExitingAndKeepsSnapshotVotingRights() (gas: 602152)
[PASS] test_platformCanFinallyRejectBelowEightyPercentProposal() (gas: 639095)
[PASS] test_rejectedDiscountedSaleStaysBlockedAfterReferenceFalls() (gas: 637263)
[PASS] test_replacementProposalRefreshesSnapshotAndDoesNotInheritOldVotes() (gas: 1500884)
[PASS] test_reviewMustNameCurrentUnexecutedProposalAtItsActualPrice() (gas: 474125)
[PASS] test_saleAtActualCostUsesDoubleMajority() (gas: 958324)
[PASS] test_salePriceAboveFirstoLimitRejectedWithoutConsumingProposalOrCooldown() (gas: 72914)
[PASS] test_salePriceAtFirstoLimitCanBeApprovedAndListed() (gas: 924105)
[PASS] test_sameProposerThreeDayBoundarySurvivesExitAndReentry() (gas: 1218282)
[PASS] test_sameSecondDirectTransferCannotDuplicateSnapshotVotes() (gas: 656953)
[PASS] test_sameSecondMarketFillCannotDuplicateSnapshotVotes() (gas: 858387)
[PASS] test_sameSecondMemberExitUpdatesSnapshotMajorityThreshold() (gas: 1068072)
[PASS] test_sameSecondTransferFromCannotDuplicateSnapshotVotes() (gas: 688551)
[PASS] test_singleOwnerCannotBypassBelowEightyPercentPlatformReview() (gas: 891094)
[PASS] test_twentyFourHourVotingBoundaryAndExpiredProposalReplacement() (gas: 1035975)
[PASS] test_twoOfThreeMembersWithFiftyOneSharesPass() (gas: 607096)
[PASS] test_twoPassedCandidatesCannotExecuteTwice() (gas: 1291786)
[PASS] test_unknownProposalViewsAndVotesRejectWithoutWritingVotes() (gas: 545865)
[PASS] test_zeroSalePriceRejectedWithoutConsumingProposalOrCooldown() (gas: 67817)
Suite result: ok. 43 passed; 0 failed; 0 skipped; finished in 840.85ms (835.55ms CPU time)

Ran 1 test for test/audit/AuditFunds.t.sol:AuditFundsSaleTest
[PASS] testFuzz_legacyBudgetReleasePreservesAllPriorPaymentsAndPrincipal(uint96,uint8,uint96) (runs: 256, μ: 7322538, ~: 7336219)
Logs:
  Bound result 10998
  Bound result 40

Suite result: ok. 1 passed; 0 failed; 0 skipped; finished in 905.55ms (900.60ms CPU time)

Ran 17 tests for test/unit/PoolRewards.t.sol:PoolRewardsTest
[PASS] testFuzz_harnessStrictHarvestRejectsFailedOrUnsettledClaimWithoutCharging(uint8) (runs: 256, μ: 265080, ~: 270875)
Logs:
  Bound result 1

[PASS] test_bemTransferCannotReenterHarvest() (gas: 421422)
[PASS] test_claimDoesNotHarvestEvenWhenPendingMiningExists() (gas: 511563)
[PASS] test_emptyClaimDoesNotChangeLastSuccessfulTimeOrAccounting() (gas: 490814)
[PASS] test_failedMemberTransferPreservesDebtAndClaimTime() (gas: 558986)
[PASS] test_feeFailureRollsBackAndDeadRejectionHasNoEffect() (gas: 591142)
[PASS] test_harnessClosedStatePaysNewBookedRewardImmediatelyWithoutMining() (gas: 581180)
[PASS] test_harnessClosedWithExpiryDisabledKeepsRewardsForYears() (gas: 2346846)
[PASS] test_harnessStrictHarvestSuccessfullyAccountsActualReceipt() (gas: 353902)
[PASS] test_legacyExpiryParameterCannotEnableForfeitureInNewPool() (gas: 660787)
[PASS] test_miningClaimCannotReenterHarvest() (gas: 415511)
[PASS] test_miningClaimChangingOwnerRollsBackEntireHarvest() (gas: 266369)
[PASS] test_newBookedRewardsCanBeClaimedAgainInTheSameSecond() (gas: 509999)
[PASS] test_onePercentFeeAndNinetyNinePercentMembersWithNoBurn() (gas: 615847)
[PASS] test_ordinaryClaimFailureStillAccountsIndependentDirectReceipt() (gas: 453364)
[PASS] test_permanentRewardsAndFractionsSurviveThirtyThousandDays() (gas: 781418)
[PASS] test_unbookedRewardIsNotPayableUntilExplicitHarvest() (gas: 466336)
Suite result: ok. 17 passed; 0 failed; 0 skipped; finished in 245.71ms (242.13ms CPU time)

Ran 41 tests for test/unit/PoolPurchase.t.sol:PoolPurchaseTest
[PASS] testFuzz_badClaimPostconditionsRollback(uint8) (runs: 256, μ: 1135630, ~: 1127965)
Logs:
  Bound result 2

[PASS] testFuzz_badPostPurchaseOwnershipOrMiningRollsBack(uint8) (runs: 256, μ: 1298289, ~: 1320646)
Logs:
  Bound result 1

[PASS] testFuzz_directBadCallbackRollsBackSellerCreditAndReward(uint8) (runs: 256, μ: 15459149, ~: 15437371)
Logs:
  Bound result 1

[PASS] testFuzz_wrongOrDuplicateCallbackRollsBack(uint8) (runs: 256, μ: 1283202, ~: 1255442)
Logs:
  Bound result 1

[PASS] test_callbackCannotReenterAnotherPurchase() (gas: 1403371)
[PASS] test_claimCallbackCannotReenterAnotherPurchase() (gas: 1453292)
[PASS] test_claimCallbackCannotWithdrawExistingCredit() (gas: 1593874)
[PASS] test_claimFailureDoesNotGetSwallowedEvenWhenPendingZero() (gas: 1012376)
[PASS] test_directDeadlineRejectsAtDeadline() (gas: 15120466)
[PASS] test_directOnlyConfiguredSellerAndRequiresApproval() (gas: 15375972)
[PASS] test_directPurchasedEventIdentifiesPathAndPrice() (gas: 15448147)
[PASS] test_directRepeatPurchaseCannotCreditSellerTwice() (gas: 15475658)
[PASS] test_directSellerMayBeAMemberWithoutMixingSellerPriceAndSurplus() (gas: 15503945)
[PASS] test_directSellerReceivesPullCreditAndHistoricalBem() (gas: 15532385)
[PASS] test_existingSellerBemCannotMaskMissingSettlementReceipt() (gas: 1129043)
[PASS] test_fixedDirectRejectsUnverifiedMixedAndOptimalBeforePaying() (gas: 15315208)
[PASS] test_fixedMarketRejectsUnverifiedMixedAndOptimalBeforePaying() (gas: 1165651)
[PASS] test_inactiveMinerCannotBePurchased() (gas: 981172)
[PASS] test_marketDeadlineRejectsAtDeadlineAndLeavesRefundAvailable() (gas: 986706)
[PASS] test_marketFailureRollsBackPreviouslyMintedSellerReward() (gas: 1257182)
[PASS] test_marketPriceCapInclusiveAndOneWeiExcessRejected() (gas: 1481778)
[PASS] test_marketPurchaseOneSecondBeforeDeadlineSucceedsDespiteDepositPause() (gas: 1318905)
[PASS] test_marketPurchasePaysOnlyListedPriceAndCreditsOriginalSurplus() (gas: 1352426)
[PASS] test_marketRejectsInvalidListingWrongNftAndWrongTokenId() (gas: 1290673)
[PASS] test_marketRejectsSellerWhoseOwnershipChanged() (gas: 921461)
[PASS] test_marketSettlementEventPrecedesNftTransferAndPurchase() (gas: 1294245)
[PASS] test_minerBecomingInactiveDuringClaimRollsBackEverything() (gas: 1341650)
[PASS] test_miningRecordMustMatchRequestedNft() (gas: 982091)
[PASS] test_noSurplusWhenPurchaseUsesEntireRaise() (gas: 15611605)
[PASS] test_previousWithdrawalCreditAndForcedBnbDoNotInflateSurplus() (gas: 1420154)
[PASS] test_purchaseRequiresFundedAndCannotRepeat() (gas: 1305573)
[PASS] test_qualityChangesDuringClaimOrMarketTransferRollbackEntirePurchase() (gas: 3284906)
[PASS] test_rejectingDirectSellerDoesNotBlockPurchaseAndKeepsPullCredit() (gas: 15702472)
[PASS] test_surplusDoesNotPermitOrdinaryTransfersBeforeT1d() (gas: 1309892)
[PASS] test_surplusRemainderReservedSeparatelyAndAllMembersConserveBnb() (gas: 1532091)
[PASS] test_surplusWithdrawImmediatelyAtPurchaseTimestampAndOnlyOnce() (gas: 1384690)
[PASS] test_totalBnbOwedIncludesClaimableSoleHolderRemainder() (gas: 1019459)
[PASS] test_unconfiguredDirectPathRejected() (gas: 778738)
[PASS] test_unsolicitedTargetNftTransferRejectedOutsidePurchaseContext() (gas: 768329)
[PASS] test_zeroStoredPendingStillClaimsUnreportedRewards() (gas: 1313506)
[PASS] test_zeroTotalRewardCanStillBeSettledAndPurchased() (gas: 1266686)
Suite result: ok. 41 passed; 0 failed; 0 skipped; finished in 1.86s (1.85s CPU time)

Ran 30 tests for test/unit/ShareMarket.t.sol:ShareMarketTest
[PASS] testFuzz_listedOrClosedCannotFillButCancelOnlyUnlocks(bool) (runs: 256, μ: 255542, ~: 255124)
[PASS] test_bothFeesRemainPositivePerPartialFillAtMinimumPrice() (gas: 807967)
[PASS] test_cancelOnlySellerAndCannotRepeatOrFillCancelledOrder() (gas: 231702)
[PASS] test_failedFinalMiningClaimRollsBackFillBnbCreditAndLocks() (gas: 493144)
[PASS] test_feeRecipientUsesPoolSnapshotWhenFactoryTreasuryChanges() (gas: 704172)
[PASS] test_fullFillCreditsCanBeWithdrawnOnlyOnceByRecipients() (gas: 711858)
[PASS] test_fundingPoolCannotListShares() (gas: 679527)
[PASS] test_legacyOrderWithoutExpiryCanOnlyBeCancelledOrExpired() (gas: 226756)
[PASS] test_listingAndCancelDoNotTransferSharesOrCreateMemberCheckpoints() (gas: 260172)
[PASS] test_lockedSharesRemainOwnedWhileBuyerAccumulatesPastFortyNine() (gas: 1123099)
[PASS] test_marketInitializeLockedAndRejectsWrongGovernance() (gas: 4743059)
[PASS] test_minimumPriceChargesEachSidePerFillAndPreservesLegacyEvent() (gas: 1183859)
[PASS] test_miningCallbackCannotReenterFillDuringLockedTransfer() (gas: 1172264)
[PASS] test_multipleOrdersCannotLockMoreThanSellerOwnsAndCancelFreesOnlyRemainder() (gas: 1055620)
[PASS] test_orderExpiryRejectsLateFillButAnyoneCanUnlockOnlyToOriginalSeller() (gas: 792591)
[PASS] test_partialFillsPreserveLocksAndChargeEachSideExactlyOnePercent() (gas: 1004653)
[PASS] test_preUpgradeSubMinimumPriceOrderCanExpireWithoutBeingFilled() (gas: 219767)
[PASS] test_preUpgradeSubMinimumPriceOrderCannotBeFilledButCanBeCancelled() (gas: 281288)
[PASS] test_quoteOverflowRejectsWithoutChangingOrderOrCredits() (gas: 270810)
[PASS] test_registrationChecksCodeFactoryAndTimelockIdentityEvenThroughQueue() (gas: 7429128)
[PASS] test_registrationRequiresActual48HourQueueAndCannotInstantlyReplace() (gas: 13892937)
[PASS] test_rejectingSellerCannotBlockFillAndFailedWithdrawalKeepsCredit() (gas: 1264309)
[PASS] test_sellerAndTreasurySameAddressAccumulateRatherThanOverwrite() (gas: 824544)
[PASS] test_subMinimumPriceOrderCannotBeListed() (gas: 229973)
[PASS] test_treasuryBuyerPaysOwnFeeAndBothCreditsAreConserved() (gas: 707062)
[PASS] test_unregisteredMarketAndUnknownPoolCannotCreateOrders() (gas: 3403911)
[PASS] test_uupsUpgradeRequiresActual48HourQueueAndPreservesOrderAndCredit() (gas: 4368232)
[PASS] test_votingBlocksOldOrderFillAndNewOrdersButPreservesCancellation() (gas: 742487)
[PASS] test_withdrawBnbCallbackCannotReenterAndGetPaidTwice() (gas: 1334715)
[PASS] test_wrongAmountWrongPaymentAndUnknownOrderAreAtomic() (gas: 381642)
Suite result: ok. 30 passed; 0 failed; 0 skipped; finished in 303.34ms (296.96ms CPU time)

Ran 6 tests for test/unit/SoldMachineReuse.t.sol:SoldMachineReuseTest
[PASS] testFuzz_completedNativeOrControlledSaleAllowsNewProjectWithoutMovingOldClaims(bool) (runs: 256, μ: 2869631, ~: 2908085)
[PASS] test_activeListedAndExpiredListingCannotCreateOverlappingProjects() (gas: 1136213)
[PASS] test_budgetChildUsesTheSameReservationAndPreservesTheOldRegisteredPool() (gas: 2303275)
[PASS] test_closedPoolThatRegainsNftCustodyCannotReserveItInAnotherProject() (gas: 1642832)
[PASS] test_failedNativePayoutDoesNotReleaseMachineForASecondProject() (gas: 1284223)
[PASS] test_reuseCapabilityIsInheritedByFreshFactory() (gas: 4747840)
Suite result: ok. 6 passed; 0 failed; 0 skipped; finished in 1.00s (997.28ms CPU time)

Ran 30 tests for test/unit/TargetOwner.t.sol:TargetOwnerTest
[PASS] testAllPostFundingStatesCannotBeCancelledOrConfigured() (gas: 255724)
[PASS] testAuthorityChangeInvalidatesPreviousAuthorization() (gas: 226323)
[PASS] testBothDistinctCurrentAdminsRequired() (gas: 176826)
[PASS] testCannotOverwriteNewPoolBaseline() (gas: 60582)
[PASS] testDepositPauseSignaturesCannotInitializeOwner() (gas: 85760)
[PASS] testExternalBuyerRelistingCannotReviveFixedPurchase() (gas: 1904548)
[PASS] testFlexibleAndPostPurchaseStatesCannotMigrate() (gas: 15879289)
[PASS] testFlexiblePoolReferenceOwnerChangeDoesNotBlockSubscriptionOrCancel() (gas: 16200419)
[PASS] testFundedExternalBuyerCanRefundBeforeDeadline() (gas: 847683)
[PASS] testFundingExternalBuyerBlocksDepositAndCreditsExistingMembers() (gas: 714854)
[PASS] testInitializeLocksActualOwnerAndIndependentVersion() (gas: 26560)
[PASS] testLegacyFundedNoBaselineRetainsDeadlineRefund() (gas: 800855)
[PASS] testLegacyMigrationNeverLazilyUsesCurrentOwner() (gas: 164155)
[PASS] testLegacyMissingBaselineBlocksDepositButPreservesWithdrawalAndFailure() (gas: 456082)
[PASS] testLegacyTwoAdminMigrationKeepsAllDeliveredStateAndRefundsHistoricalOwnerChange() (gas: 944842)
[PASS] testLegacyUnconfiguredFundedCannotBuyBeforeMigration() (gas: 837240)
[PASS] testMalformedOwnerResponseIsUnknownNotSale() (gas: 376999)
[PASS] testMigrationReplayAndSecondConfigurationRejected() (gas: 137490)
[PASS] testMigrationRequiresCanonicalEnvelopeAndFullSignatures() (gas: 129219)
[PASS] testMissingTokenCannotCreatePool() (gas: 14100094)
[PASS] testNonceExpiredAndTamperedOwnerRejected() (gas: 160481)
[PASS] testOwnSuccessfulPurchaseNeverRefundsAndCallbackCannotCancel() (gas: 3884569)
[PASS] testRefundPreservesExistingWithdrawalCreditAndDoesNotRecreditIt() (gas: 634483)
[PASS] testRepeatedSyncCannotDoubleCredit() (gas: 837794)
[PASS] testRotatingCurrentAdminsInvalidatesPreviousAuthorization() (gas: 86649)
[PASS] testUnchangedOwnerAndCancelledListingDoNotRefund() (gas: 373850)
[PASS] testUnknownRevertingOwnerReadNeverCreditsRefund() (gas: 400671)
[PASS] testUnsolicitedPoolCustodyIsNotExternalSale() (gas: 785586)
[PASS] testWrongChainAndPoolSignaturesRejected() (gas: 140716)
[PASS] testZeroOwnerResponseIsUnknownNotSale() (gas: 377672)
Suite result: ok. 30 passed; 0 failed; 0 skipped; finished in 25.20ms (12.81ms CPU time)

Ran 7 tests for test/unit/TransferableBemRewards.t.sol:TransferableBemRewardsTest
[PASS] testFuzz_receiptsClaimsAndTransfersConserveEveryAtomicBem(uint256) (runs: 256, μ: 874536, ~: 877077)
[PASS] test_manualClaimBeforeTransferDoesNotPayBuyerTwice() (gas: 213022)
[PASS] test_mixedClaimedAndUnclaimedSharesMoveOnlyTheirRemainingEntitlement() (gas: 219216)
[PASS] test_oneWalletCombinesRewardsFromMultipleReceivedShareLots() (gas: 217927)
[PASS] test_roundingStaysInProjectUntilEnoughNewBemArrives() (gas: 216766)
[PASS] test_selfTransferPreservesEntitlement() (gas: 150788)
[PASS] test_unclaimedIncomeFollowsAllTransferredShares() (gas: 197384)
Suite result: ok. 7 passed; 0 failed; 0 skipped; finished in 706.80ms (705.98ms CPU time)

Ran 8 tests for test/unit/SingleOwnerDeployment.t.sol:SingleOwnerDeploymentTest
[PASS] test_AllThreeUpgradePathsRequire48HoursAndPreserveFundedPool() (gas: 18292060)
[PASS] test_DeploymentAndInitializersCannotBeReplayedOrTakenOver() (gas: 4345076)
[PASS] test_FailedGraphLeavesNoUninitializedProxyAndCanRetrySamePrediction() (gas: 8376319)
[PASS] test_ForeignCallerCannotDeployAndOwnerCannotBeRedirected() (gas: 41258)
[PASS] test_OwnerCannotReduceSchedulingFloorEvenThroughTimelock() (gas: 4346650)
[PASS] test_RejectsEmptyImplementationsAndForeignVaultBinding() (gas: 4992237)
[PASS] test_RejectsZeroRolesAndPreservesLegacyMultisigRequirements() (gas: 47488)
[PASS] test_SingleEOAWalletReceivesDailyRolesButNotDirectUpgradeAuthority() (gas: 4950436)
Suite result: ok. 8 passed; 0 failed; 0 skipped; finished in 5.82ms (3.58ms CPU time)

Ran 6 tests for test/unit/RewardMigration.t.sol:RewardMigrationTest
[PASS] test_burnedHistoricalEpochCannotBeRecreatedAsNewDebt() (gas: 1134911)
[PASS] test_expiredUnpaidEpochFailsClosedWithoutMovingOrForfeitingFunds() (gas: 741214)
[PASS] test_fixedCutoverPreservesFormerHolderAndInactiveRecipientForYears() (gas: 1425612)
[PASS] test_moreThanSixtyFourCheckpointsRequiresReviewedMigration() (gas: 8638128)
[PASS] test_paidOldSlotsMixedFractionsAndNewIncomeAreNotClaimedTwice() (gas: 1511311)
[PASS] test_sixtyFourCheckpointBoundaryAndAllLiveRightsReconstruct() (gas: 9355414)
Suite result: ok. 6 passed; 0 failed; 0 skipped; finished in 32.60ms (29.25ms CPU time)

Ran 3 tests for test/unit/SaleBudgetMigration.t.sol:LegacyListedSaleMigrationTest
[PASS] test_discountRequiresBothShareAndAddressMajority() (gas: 720488)
[PASS] test_legacyDiscountListingWithFiftyOneSharesAndAddressMajorityCanComplete() (gas: 552347)
[PASS] test_legacyZeroPriceListingCannotCompleteAndCanExpire() (gas: 212621)
Suite result: ok. 3 passed; 0 failed; 0 skipped; finished in 17.91ms (1.42ms CPU time)

Ran 2 tests for test/unit/SaleBudgetMigration.t.sol:SaleBudgetMigrationTest
[PASS] test_oldPaidHolderReceivesOnlyIndependentBonusAndNoDoublePayment() (gas: 666150)
[PASS] test_onlyRemainingBudgetReleasedAlreadySpentValueNeverRecreated() (gas: 642942)
Suite result: ok. 2 passed; 0 failed; 0 skipped; finished in 6.96ms (446.12µs CPU time)

Ran 4 tests for test/unit/SaleReviewPolicy.t.sol:SaleReviewPolicyTest
[PASS] testFuzz_matchesExactCrossMultiplication(uint128,uint128) (runs: 256, μ: 3844, ~: 3844)
[PASS] test_exactlyEightyPercentNeedsNoReview() (gas: 4461)
[PASS] test_fractionalWeiBoundaryIsNotRoundedDown() (gas: 4931)
[PASS] test_largeHistoricalValuesDoNotOverflow() (gas: 5412)
Suite result: ok. 4 passed; 0 failed; 0 skipped; finished in 73.59ms (72.88ms CPU time)

Ran 7 tests for test/unit/ShareMarketConcurrency.t.sol:ShareMarketConcurrencyTest
[PASS] testFuzz_competingBuyersSeeUpdatedRemainingAndLosingPaymentIsNotCharged(bool) (runs: 256, μ: 1267789, ~: 1267799)
[PASS] testFuzz_competingForFinalTwoSharesCannotBothReachOneHundred(bool) (runs: 256, μ: 1418161, ~: 1480342)
[PASS] testFuzz_expiryBoundaryAndBuyerFillFollowTheFirstValidTransaction(bool) (runs: 256, μ: 501643, ~: 242204)
[PASS] testFuzz_independentOrdersSettleRegardlessOfBuyerTransactionOrder(bool) (runs: 256, μ: 1357155, ~: 1357150)
[PASS] testFuzz_sellerCancellationAndBuyerFillFollowTheFirstMinedTransaction(bool) (runs: 256, μ: 479034, ~: 239716)
[PASS] test_cancelAndRelistAtNewPriceRejectsBothStaleOrderIdAndStalePayment() (gas: 873317)
[PASS] test_sameBlockCompetingBuysAllocateQueuedRewardsToPreFillOwners() (gas: 1745607)
Suite result: ok. 7 passed; 0 failed; 0 skipped; finished in 2.86s (2.86s CPU time)

Ran 2 tests for test/invariant/PoolRewardsInvariant.t.sol:PoolRewardsNoExpiryInvariantTest
[PASS] invariant_accumulatorAndHistoricalEpochLiabilitiesMatchOracle() (runs: 128, calls: 8192, reverts: 0)

╭----------------+---------------------+-------+---------+----------╮
| Contract       | Selector            | Calls | Reverts | Discards |
+===================================================================+
| RewardsHandler | advanceTime         | 983   | 0       | 0        |
|----------------+---------------------+-------+---------+----------|
| RewardsHandler | burn                | 1075  | 0       | 0        |
|----------------+---------------------+-------+---------+----------|
| RewardsHandler | claim               | 1038  | 0       | 0        |
|----------------+---------------------+-------+---------+----------|
| RewardsHandler | donate              | 1066  | 0       | 0        |
|----------------+---------------------+-------+---------+----------|
| RewardsHandler | externalMiningClaim | 1011  | 0       | 0        |
|----------------+---------------------+-------+---------+----------|
| RewardsHandler | harvest             | 969   | 0       | 0        |
|----------------+---------------------+-------+---------+----------|
| RewardsHandler | queueMining         | 1035  | 0       | 0        |
|----------------+---------------------+-------+---------+----------|
| RewardsHandler | settle              | 1015  | 0       | 0        |
╰----------------+---------------------+-------+---------+----------╯

Logs:
  Bound result 62
  Bound result 1910055
  Bound result 641481606709
  Bound result 6368
  Bound result 1714400313
  Bound result 1753552
  Bound result 12165
  Bound result 4829
  Bound result 2575
  Bound result 2826
  Bound result 723467
  Bound result 482773799971
  Bound result 2537784
  Bound result 158141
  Bound result 7789
  Bound result 25
  Bound result 635779
  Bound result 3729
  Bound result 958214416559
  Bound result 377
  Bound result 20606
  Bound result 16960

[PASS] invariant_actualBalancesMatchIndependentGrossNetAndLiabilities() (runs: 128, calls: 8192, reverts: 0)

╭----------------+---------------------+-------+---------+----------╮
| Contract       | Selector            | Calls | Reverts | Discards |
+===================================================================+
| RewardsHandler | advanceTime         | 983   | 0       | 0        |
|----------------+---------------------+-------+---------+----------|
| RewardsHandler | burn                | 1075  | 0       | 0        |
|----------------+---------------------+-------+---------+----------|
| RewardsHandler | claim               | 1038  | 0       | 0        |
|----------------+---------------------+-------+---------+----------|
| RewardsHandler | donate              | 1066  | 0       | 0        |
|----------------+---------------------+-------+---------+----------|
| RewardsHandler | externalMiningClaim | 1011  | 0       | 0        |
|----------------+---------------------+-------+---------+----------|
| RewardsHandler | harvest             | 969   | 0       | 0        |
|----------------+---------------------+-------+---------+----------|
| RewardsHandler | queueMining         | 1035  | 0       | 0        |
|----------------+---------------------+-------+---------+----------|
| RewardsHandler | settle              | 1015  | 0       | 0        |
╰----------------+---------------------+-------+---------+----------╯

Logs:
  Bound result 62
  Bound result 1910055
  Bound result 641481606709
  Bound result 4523
  Bound result 1714400312
  Bound result 1753552
  Bound result 2004279
  Bound result 4863
  Bound result 2574
  Bound result 2884
  Bound result 723467
  Bound result 482773799971
  Bound result 2537784
  Bound result 158141
  Bound result 7800
  Bound result 25
  Bound result 782568
  Bound result 3729
  Bound result 958214416559
  Bound result 377
  Bound result 919944745
  Bound result 16884

Suite result: ok. 2 passed; 0 failed; 0 skipped; finished in 13.44s (13.43s CPU time)

Ran 27 tests for test/unit/PoolSale.t.sol:PoolSaleTest
[PASS] testFuzz_buyerRejectingNftOrMovingItAwayRollsBackWholeSale(uint8) (runs: 256, μ: 2740255, ~: 2723138)
Logs:
  Bound result 1

[PASS] testFuzz_finalClaimFaultsRollbackAllAssetsAndLiabilities(uint8) (runs: 256, μ: 1305706, ~: 1326838)
Logs:
  Bound result 1

[PASS] testFuzz_onePercentFeeConservesEveryWeiRegardlessOfWithdrawalOrder(uint256,bool) (runs: 256, μ: 1995712, ~: 2011456)
Logs:
  Bound result 2040864746118891339

[PASS] test_buyerBubblingReentryFailureRollsBackFinalClaimAndSale() (gas: 2877495)
[PASS] test_buyerCallbackSeesClosedStateAndCannotCompleteAgainOrWithdraw() (gas: 2733852)
[PASS] test_changedNftOwnerBeforeSaleRejectsWithoutTouchingFunds() (gas: 1135194)
[PASS] test_closedClaimsRemainPermanentAndNeverClaimSoldNftAgain() (gas: 1987950)
[PASS] test_closedClaimsWithExpiryDisabledRemainClaimableAfterLongDelay() (gas: 3520962)
[PASS] test_closedRejectsReplayAndPermanentlyFreezesShares() (gas: 1551066)
[PASS] test_completeLastSecondBeforeListingExpirySucceeds() (gas: 1485243)
[PASS] test_executeAtVoteDeadlineRejectsEvenPassingProposal() (gas: 764405)
[PASS] test_executeLastSecondBeforeVoteDeadlineSucceeds() (gas: 1085984)
[PASS] test_executeRequiresCurrentPassingProposalAndRecordsSevenDayListing() (gas: 995569)
[PASS] test_expiryBoundaryClearsListingAndRequiresNewApprovedProposalForRelist() (gas: 1734743)
[PASS] test_failedBnbWithdrawalRestoresLazySaleEntitlementForRetry() (gas: 2752470)
[PASS] test_listedFreezesTransfersAndFillsButOrderCanBeCancelled() (gas: 1294397)
[PASS] test_memberBuyerRetainsHistoricShareRightsAndOwnsFutureNftRewards() (gas: 1691511)
[PASS] test_miningClaimCallbackCannotReenterCompletion() (gas: 1674225)
[PASS] test_onePercentFeeAndExactNetAtSmallPriceBoundaries() (gas: 13732963)
[PASS] test_saleAddsToOldRefundDirectSellerAndPurchaseSurplusCredits() (gas: 3565694)
[PASS] test_saleRemainderAssignedToLastHolderWhileHistoricalPurchaseTailRemains() (gas: 3616030)
[PASS] test_saleStrictlySettlesRewardsBeforeNftTransferWithoutBurn() (gas: 1733596)
[PASS] test_sameSecondListingAndCompletionLazilyDistributeActualFrozenHoldings() (gas: 2328787)
[PASS] test_settleSaleNeverAcceptsAnUnverifiedExternalSaleRoute() (gas: 1503111)
[PASS] test_treasuryMemberReceivesFeeAndOwnSharesWithoutLosingFormerMemberSurplus() (gas: 1895977)
[PASS] test_wrongPaymentRollsBackWithoutHarvestingOrCrediting() (gas: 1744022)
[PASS] test_zeroPriceProposalRejectedBeforeAnySale() (gas: 56991)
Suite result: ok. 27 passed; 0 failed; 0 skipped; finished in 2.41s (2.40s CPU time)

Ran 2 tests for test/invariant/PoolFundingInvariant.t.sol:PoolFundingInvariantTest
[PASS] invariant_fundingUsesRealBnbAndRefundsRemainSolvent() (runs: 128, calls: 8192, reverts: 0)

╭----------------+-----------------+-------+---------+----------╮
| Contract       | Selector        | Calls | Reverts | Discards |
+===============================================================+
| FundingHandler | advanceTime     | 1176  | 0       | 0        |
|----------------+-----------------+-------+---------+----------|
| FundingHandler | deposit         | 1249  | 0       | 0        |
|----------------+-----------------+-------+---------+----------|
| FundingHandler | finalizeFailure | 1182  | 0       | 0        |
|----------------+-----------------+-------+---------+----------|
| FundingHandler | forceBnb        | 1152  | 0       | 0        |
|----------------+-----------------+-------+---------+----------|
| FundingHandler | setPause        | 1095  | 0       | 0        |
|----------------+-----------------+-------+---------+----------|
| FundingHandler | withdrawBnb     | 1169  | 0       | 0        |
|----------------+-----------------+-------+---------+----------|
| FundingHandler | withdrawDeposit | 1169  | 0       | 0        |
╰----------------+-----------------+-------+---------+----------╯

Logs:
  Bound result 7
  Bound result 163384
  Bound result 316818
  Bound result 68859
  Bound result 248211
  Bound result 6204
  Bound result 293656
  Bound result 10171
  Bound result 885953467554069094
  Bound result 473308698102892187
  Bound result 303168097348393966
  Bound result 2834429244
  Bound result 120399
  Bound result 217282
  Bound result 185671
  Bound result 23689
  Bound result 5892999401435
  Bound result 36782
  Bound result 23489
  Bound result 85604
  Bound result 23316

[PASS] invariant_shareSupplyAndCurrentMemberIndexAgree() (runs: 128, calls: 8192, reverts: 0)

╭----------------+-----------------+-------+---------+----------╮
| Contract       | Selector        | Calls | Reverts | Discards |
+===============================================================+
| FundingHandler | advanceTime     | 1176  | 0       | 0        |
|----------------+-----------------+-------+---------+----------|
| FundingHandler | deposit         | 1249  | 0       | 0        |
|----------------+-----------------+-------+---------+----------|
| FundingHandler | finalizeFailure | 1182  | 0       | 0        |
|----------------+-----------------+-------+---------+----------|
| FundingHandler | forceBnb        | 1152  | 0       | 0        |
|----------------+-----------------+-------+---------+----------|
| FundingHandler | setPause        | 1095  | 0       | 0        |
|----------------+-----------------+-------+---------+----------|
| FundingHandler | withdrawBnb     | 1169  | 0       | 0        |
|----------------+-----------------+-------+---------+----------|
| FundingHandler | withdrawDeposit | 1169  | 0       | 0        |
╰----------------+-----------------+-------+---------+----------╯

Logs:
  Bound result 7
  Bound result 166408
  Bound result 316818
  Bound result 68859
  Bound result 193524
  Bound result 16724
  Bound result 293656
  Bound result 10090
  Bound result 885953467554069094
  Bound result 473308698102892187
  Bound result 303168097348393966
  Bound result 2834429244
  Bound result 120399
  Bound result 217282
  Bound result 185671
  Bound result 23593
  Bound result 5892999401435
  Bound result 36782
  Bound result 23184
  Bound result 85604
  Bound result 23316

Suite result: ok. 2 passed; 0 failed; 0 skipped; finished in 18.13s (27.65s CPU time)

Ran 2 tests for test/invariant/PoolSaleInvariant.t.sol:PoolSaleLifecycleInvariantTest
[PASS] invariant_bnbEqualsIndependentCreditsReservesAndForcedFunds() (runs: 128, calls: 8192, reverts: 0)

╭-----------------+-------------+-------+---------+----------╮
| Contract        | Selector    | Calls | Reverts | Discards |
+============================================================+
| PoolSaleHandler | advanceTime | 1132  | 0       | 0        |
|-----------------+-------------+-------+---------+----------|
| PoolSaleHandler | cancel      | 1212  | 0       | 0        |
|-----------------+-------------+-------+---------+----------|
| PoolSaleHandler | complete    | 1172  | 0       | 0        |
|-----------------+-------------+-------+---------+----------|
| PoolSaleHandler | forceBnb    | 1169  | 0       | 0        |
|-----------------+-------------+-------+---------+----------|
| PoolSaleHandler | listSale    | 1217  | 0       | 0        |
|-----------------+-------------+-------+---------+----------|
| PoolSaleHandler | moveShares  | 1157  | 0       | 0        |
|-----------------+-------------+-------+---------+----------|
| PoolSaleHandler | withdraw    | 1133  | 0       | 0        |
╰-----------------+-------------+-------+---------+----------╯

Logs:
  Bound result 2
  Bound result 5
  Bound result 3
  Bound result 10003
  Bound result 604800
  Bound result 20007
  Bound result 17
  Bound result 13772
  Bound result 23557455541689801
  Bound result 713649157487671321
  Bound result 1805141368
  Bound result 874528780016859597
  Bound result 2
  Bound result 537279
  Bound result 0
  Bound result 4764
  Bound result 378026
  Bound result 3
  Bound result 305165825376684953
  Bound result 688836510432729450
  Bound result 134532
  Bound result 972051138651466165
  Bound result 495656
  Bound result 671065

[PASS] invariant_ownershipRemainsFrozenAfterAtMostOneCompletedSale() (runs: 128, calls: 8192, reverts: 0)

╭-----------------+-------------+-------+---------+----------╮
| Contract        | Selector    | Calls | Reverts | Discards |
+============================================================+
| PoolSaleHandler | advanceTime | 1132  | 0       | 0        |
|-----------------+-------------+-------+---------+----------|
| PoolSaleHandler | cancel      | 1212  | 0       | 0        |
|-----------------+-------------+-------+---------+----------|
| PoolSaleHandler | complete    | 1172  | 0       | 0        |
|-----------------+-------------+-------+---------+----------|
| PoolSaleHandler | forceBnb    | 1169  | 0       | 0        |
|-----------------+-------------+-------+---------+----------|
| PoolSaleHandler | listSale    | 1217  | 0       | 0        |
|-----------------+-------------+-------+---------+----------|
| PoolSaleHandler | moveShares  | 1157  | 0       | 0        |
|-----------------+-------------+-------+---------+----------|
| PoolSaleHandler | withdraw    | 1133  | 0       | 0        |
╰-----------------+-------------+-------+---------+----------╯

Logs:
  Bound result 2
  Bound result 5
  Bound result 3
  Bound result 10003
  Bound result 604800
  Bound result 20007
  Bound result 17
  Bound result 13750
  Bound result 23557455541689801
  Bound result 713649157487671321
  Bound result 927728409507889409
  Bound result 874528780016859597
  Bound result 2
  Bound result 537279
  Bound result 0
  Bound result 4496
  Bound result 378026
  Bound result 3
  Bound result 305165825376684953
  Bound result 688836510432729450
  Bound result 134532
  Bound result 972051138651466165
  Bound result 495656
  Bound result 671065

Suite result: ok. 2 passed; 0 failed; 0 skipped; finished in 20.05s (20.04s CPU time)

Ran 17 tests for test/unit/PoolTransfers.t.sol:PoolTransfersTest
[PASS] testFuzz_failedStrictClaimRollsBackTransferAndAllowance(uint8) (runs: 256, μ: 290441, ~: 320806)
Logs:
  Bound result 1

[PASS] testFuzz_pendingRewardsBelongToOldSharesBeforeTransfer(uint8) (runs: 256, μ: 1043615, ~: 1044035)
Logs:
  Bound result 1

[PASS] test_allSharesCanConcentrateInOneWalletAndTransferAgain() (gas: 711426)
[PASS] test_disabledExpiryPreservesFractionsAcrossDaysAndOwnershipChanges() (gas: 2973708)
[PASS] test_listedAndClosedOrdinaryTransfersFailWithoutMovingShares() (gas: 103389)
[PASS] test_lockedOwnerCanReceiveAndHoldAllOneHundredShares() (gas: 1031742)
[PASS] test_lockedSharesRemainSellerPropertyAndCannotBeTransferredOrdinarily() (gas: 1130674)
[PASS] test_memberCheckpointsRecordExitEntryAndNewMemberCount() (gas: 833182)
[PASS] test_miningClaimCannotReenterApprovedTransferFrom() (gas: 936631)
[PASS] test_onlyRegisteredMarketCanChangeLocksOrTransferLockedShares() (gas: 93967)
[PASS] test_purchaseTimestampTransferCannotCarryOldBnbSurplus() (gas: 693118)
[PASS] test_sameEpochFractionStaysWithOriginalOwnerAcrossTransfers() (gas: 1167440)
[PASS] test_selfTransferRespectsUnlockedBalance() (gas: 736787)
[PASS] test_transferFromConsumesAllowanceAndPreservesBalances() (gas: 570054)
[PASS] test_transferPreservesPermanentFormerHolderIncome() (gas: 1085868)
[PASS] test_zeroBalanceFormerMemberStillClaimsOldRewards() (gas: 864722)
[PASS] test_zeroOversizedAndMarketDestinationRejected() (gas: 198567)
Suite result: ok. 17 passed; 0 failed; 0 skipped; finished in 732.47ms (718.44ms CPU time)

Ran 2 tests for test/invariant/PoolSaleInvariant.t.sol:PoolSaleClosedInvariantTest
[PASS] invariant_bnbEqualsIndependentCreditsReservesAndForcedFunds() (runs: 128, calls: 8192, reverts: 0)

╭-----------------+-------------+-------+---------+----------╮
| Contract        | Selector    | Calls | Reverts | Discards |
+============================================================+
| PoolSaleHandler | advanceTime | 1132  | 0       | 0        |
|-----------------+-------------+-------+---------+----------|
| PoolSaleHandler | cancel      | 1212  | 0       | 0        |
|-----------------+-------------+-------+---------+----------|
| PoolSaleHandler | complete    | 1172  | 0       | 0        |
|-----------------+-------------+-------+---------+----------|
| PoolSaleHandler | forceBnb    | 1169  | 0       | 0        |
|-----------------+-------------+-------+---------+----------|
| PoolSaleHandler | listSale    | 1217  | 0       | 0        |
|-----------------+-------------+-------+---------+----------|
| PoolSaleHandler | moveShares  | 1157  | 0       | 0        |
|-----------------+-------------+-------+---------+----------|
| PoolSaleHandler | withdraw    | 1133  | 0       | 0        |
╰-----------------+-------------+-------+---------+----------╯

Logs:
  Bound result 2
  Bound result 5
  Bound result 3
  Bound result 10003
  Bound result 604800
  Bound result 20007
  Bound result 17
  Bound result 14030
  Bound result 23557455541689801
  Bound result 713649157487671321
  Bound result 482902167327530127
  Bound result 874528780016859597
  Bound result 2
  Bound result 537279
  Bound result 0
  Bound result 4331
  Bound result 378026
  Bound result 3
  Bound result 305165825376684953
  Bound result 688836510432729450
  Bound result 134532
  Bound result 972051138651466165
  Bound result 495656
  Bound result 671065

[PASS] invariant_ownershipRemainsFrozenAfterAtMostOneCompletedSale() (runs: 128, calls: 8192, reverts: 0)

╭-----------------+-------------+-------+---------+----------╮
| Contract        | Selector    | Calls | Reverts | Discards |
+============================================================+
| PoolSaleHandler | advanceTime | 1132  | 0       | 0        |
|-----------------+-------------+-------+---------+----------|
| PoolSaleHandler | cancel      | 1212  | 0       | 0        |
|-----------------+-------------+-------+---------+----------|
| PoolSaleHandler | complete    | 1172  | 0       | 0        |
|-----------------+-------------+-------+---------+----------|
| PoolSaleHandler | forceBnb    | 1169  | 0       | 0        |
|-----------------+-------------+-------+---------+----------|
| PoolSaleHandler | listSale    | 1217  | 0       | 0        |
|-----------------+-------------+-------+---------+----------|
| PoolSaleHandler | moveShares  | 1157  | 0       | 0        |
|-----------------+-------------+-------+---------+----------|
| PoolSaleHandler | withdraw    | 1133  | 0       | 0        |
╰-----------------+-------------+-------+---------+----------╯

Logs:
  Bound result 2
  Bound result 5
  Bound result 3
  Bound result 10003
  Bound result 604800
  Bound result 20007
  Bound result 17
  Bound result 13996
  Bound result 23557455541689801
  Bound result 713649157487671321
  Bound result 808430319940564807
  Bound result 874528780016859597
  Bound result 2
  Bound result 537279
  Bound result 0
  Bound result 3921
  Bound result 378026
  Bound result 3
  Bound result 305165825376684953
  Bound result 688836510432729450
  Bound result 134532
  Bound result 972051138651466165
  Bound result 495656
  Bound result 671065

Suite result: ok. 2 passed; 0 failed; 0 skipped; finished in 16.20s (20.59s CPU time)

Ran 2 tests for test/invariant/PoolTransfersInvariant.t.sol:PoolTransfersNoExpiryInvariantTest
[PASS] invariant_effectiveSharesLocksAndOriginalPurchaseSurplusRemainCorrect() (runs: 128, calls: 8192, reverts: 0)

╭----------------------+----------------+-------+---------+----------╮
| Contract             | Selector       | Calls | Reverts | Discards |
+====================================================================+
| ShareTransferHandler | advanceTime    | 898   | 0       | 0        |
|----------------------+----------------+-------+---------+----------|
| ShareTransferHandler | burn           | 922   | 0       | 0        |
|----------------------+----------------+-------+---------+----------|
| ShareTransferHandler | changeLock     | 895   | 0       | 0        |
|----------------------+----------------+-------+---------+----------|
| ShareTransferHandler | claim          | 882   | 0       | 0        |
|----------------------+----------------+-------+---------+----------|
| ShareTransferHandler | donate         | 893   | 0       | 0        |
|----------------------+----------------+-------+---------+----------|
| ShareTransferHandler | harvest        | 915   | 0       | 0        |
|----------------------+----------------+-------+---------+----------|
| ShareTransferHandler | queueMining    | 963   | 0       | 0        |
|----------------------+----------------+-------+---------+----------|
| ShareTransferHandler | transferLocked | 925   | 0       | 0        |
|----------------------+----------------+-------+---------+----------|
| ShareTransferHandler | transferShares | 899   | 0       | 0        |
╰----------------------+----------------+-------+---------+----------╯

Logs:
  Bound result 1
  Bound result 34
  Bound result 1350
  Bound result 1
  Bound result 919985410254
  Bound result 11
  Bound result 87
  Bound result 54358919518
  Bound result 562
  Bound result 431029765225
  Bound result 473505328475
  Bound result 757893825946
  Bound result 240649
  Bound result 1
  Bound result 31
  Bound result 24
  Bound result 997809
  Bound result 5279
  Bound result 16
  Bound result 10
  Bound result 16
  Bound result 6
  Bound result 2
  Bound result 429507017273
  Bound result 6
  Bound result 178514
  Bound result 1
  Bound result 1067121

[PASS] invariant_rawIncomeAndHistoricalHoldingsConserveEveryBemUnit() (runs: 128, calls: 8192, reverts: 0)

╭----------------------+----------------+-------+---------+----------╮
| Contract             | Selector       | Calls | Reverts | Discards |
+====================================================================+
| ShareTransferHandler | advanceTime    | 898   | 0       | 0        |
|----------------------+----------------+-------+---------+----------|
| ShareTransferHandler | burn           | 922   | 0       | 0        |
|----------------------+----------------+-------+---------+----------|
| ShareTransferHandler | changeLock     | 895   | 0       | 0        |
|----------------------+----------------+-------+---------+----------|
| ShareTransferHandler | claim          | 882   | 0       | 0        |
|----------------------+----------------+-------+---------+----------|
| ShareTransferHandler | donate         | 893   | 0       | 0        |
|----------------------+----------------+-------+---------+----------|
| ShareTransferHandler | harvest        | 915   | 0       | 0        |
|----------------------+----------------+-------+---------+----------|
| ShareTransferHandler | queueMining    | 963   | 0       | 0        |
|----------------------+----------------+-------+---------+----------|
| ShareTransferHandler | transferLocked | 925   | 0       | 0        |
|----------------------+----------------+-------+---------+----------|
| ShareTransferHandler | transferShares | 899   | 0       | 0        |
╰----------------------+----------------+-------+---------+----------╯

Logs:
  Bound result 1
  Bound result 34
  Bound result 1350
  Bound result 1
  Bound result 919985410254
  Bound result 11
  Bound result 87
  Bound result 54358919518
  Bound result 3325
  Bound result 431029765225
  Bound result 473505328475
  Bound result 757893825946
  Bound result 25
  Bound result 240649
  Bound result 1
  Bound result 18
  Bound result 997809
  Bound result 16195
  Bound result 16
  Bound result 24
  Bound result 16
  Bound result 5
  Bound result 4
  Bound result 429507017273
  Bound result 36
  Bound result 178514
  Bound result 13
  Bound result 1067121

Suite result: ok. 2 passed; 0 failed; 0 skipped; finished in 25.22s (42.11s CPU time)

Ran 2 tests for test/invariant/PoolTransfersInvariant.t.sol:PoolTransfersInvariantTest
[PASS] invariant_effectiveSharesLocksAndOriginalPurchaseSurplusRemainCorrect() (runs: 128, calls: 8192, reverts: 0)

╭----------------------+----------------+-------+---------+----------╮
| Contract             | Selector       | Calls | Reverts | Discards |
+====================================================================+
| ShareTransferHandler | advanceTime    | 898   | 0       | 0        |
|----------------------+----------------+-------+---------+----------|
| ShareTransferHandler | burn           | 922   | 0       | 0        |
|----------------------+----------------+-------+---------+----------|
| ShareTransferHandler | changeLock     | 895   | 0       | 0        |
|----------------------+----------------+-------+---------+----------|
| ShareTransferHandler | claim          | 882   | 0       | 0        |
|----------------------+----------------+-------+---------+----------|
| ShareTransferHandler | donate         | 893   | 0       | 0        |
|----------------------+----------------+-------+---------+----------|
| ShareTransferHandler | harvest        | 915   | 0       | 0        |
|----------------------+----------------+-------+---------+----------|
| ShareTransferHandler | queueMining    | 963   | 0       | 0        |
|----------------------+----------------+-------+---------+----------|
| ShareTransferHandler | transferLocked | 925   | 0       | 0        |
|----------------------+----------------+-------+---------+----------|
| ShareTransferHandler | transferShares | 899   | 0       | 0        |
╰----------------------+----------------+-------+---------+----------╯

Logs:
  Bound result 1
  Bound result 34
  Bound result 2145
  Bound result 1
  Bound result 919985410254
  Bound result 24
  Bound result 11
  Bound result 87
  Bound result 54358919518
  Bound result 1331
  Bound result 431029765225
  Bound result 473505328475
  Bound result 757893825946
  Bound result 16
  Bound result 240649
  Bound result 1
  Bound result 21
  Bound result 18
  Bound result 997809
  Bound result 7
  Bound result 5261
  Bound result 16
  Bound result 4
  Bound result 2
  Bound result 2
  Bound result 2
  Bound result 429507017273
  Bound result 2
  Bound result 178514
  Bound result 1
  Bound result 1067121

[PASS] invariant_rawIncomeAndHistoricalHoldingsConserveEveryBemUnit() (runs: 128, calls: 8192, reverts: 0)

╭----------------------+----------------+-------+---------+----------╮
| Contract             | Selector       | Calls | Reverts | Discards |
+====================================================================+
| ShareTransferHandler | advanceTime    | 898   | 0       | 0        |
|----------------------+----------------+-------+---------+----------|
| ShareTransferHandler | burn           | 922   | 0       | 0        |
|----------------------+----------------+-------+---------+----------|
| ShareTransferHandler | changeLock     | 895   | 0       | 0        |
|----------------------+----------------+-------+---------+----------|
| ShareTransferHandler | claim          | 882   | 0       | 0        |
|----------------------+----------------+-------+---------+----------|
| ShareTransferHandler | donate         | 893   | 0       | 0        |
|----------------------+----------------+-------+---------+----------|
| ShareTransferHandler | harvest        | 915   | 0       | 0        |
|----------------------+----------------+-------+---------+----------|
| ShareTransferHandler | queueMining    | 963   | 0       | 0        |
|----------------------+----------------+-------+---------+----------|
| ShareTransferHandler | transferLocked | 925   | 0       | 0        |
|----------------------+----------------+-------+---------+----------|
| ShareTransferHandler | transferShares | 899   | 0       | 0        |
╰----------------------+----------------+-------+---------+----------╯

Logs:
  Bound result 1
  Bound result 34
  Bound result 2145
  Bound result 1
  Bound result 919985410254
  Bound result 24
  Bound result 11
  Bound result 87
  Bound result 54358919518
  Bound result 365609
  Bound result 431029765225
  Bound result 473505328475
  Bound result 757893825946
  Bound result 240649
  Bound result 1
  Bound result 21
  Bound result 24
  Bound result 997809
  Bound result 5263
  Bound result 16
  Bound result 4
  Bound result 16
  Bound result 429507017273
  Bound result 2
  Bound result 178514
  Bound result 9
  Bound result 1067121

Suite result: ok. 2 passed; 0 failed; 0 skipped; finished in 29.52s (43.73s CPU time)

Ran 3 tests for test/unit/WholeMinerConcurrency.t.sol:WholeMinerConcurrencyTest
[PASS] testFuzz_twoBuyersCannotBothCompleteTheSameWholeMinerSale(bool) (runs: 256, μ: 1724169, ~: 1724179)
[PASS] testFuzz_twoIndependentFactoriesCannotBuyTheSameOfficialListing(bool) (runs: 256, μ: 16130695, ~: 16130956)
[PASS] testFuzz_twoWalletsCannotPurchaseTheSamePoolTwice(bool) (runs: 256, μ: 1471024, ~: 1471034)
Suite result: ok. 3 passed; 0 failed; 0 skipped; finished in 50.14s (1.88s CPU time)

Ran 2 tests for test/invariant/PoolRewardsInvariant.t.sol:PoolRewardsInvariantTest
[PASS] invariant_accumulatorAndHistoricalEpochLiabilitiesMatchOracle() (runs: 128, calls: 8192, reverts: 0)

╭----------------+---------------------+-------+---------+----------╮
| Contract       | Selector            | Calls | Reverts | Discards |
+===================================================================+
| RewardsHandler | advanceTime         | 983   | 0       | 0        |
|----------------+---------------------+-------+---------+----------|
| RewardsHandler | burn                | 1075  | 0       | 0        |
|----------------+---------------------+-------+---------+----------|
| RewardsHandler | claim               | 1038  | 0       | 0        |
|----------------+---------------------+-------+---------+----------|
| RewardsHandler | donate              | 1066  | 0       | 0        |
|----------------+---------------------+-------+---------+----------|
| RewardsHandler | externalMiningClaim | 1011  | 0       | 0        |
|----------------+---------------------+-------+---------+----------|
| RewardsHandler | harvest             | 969   | 0       | 0        |
|----------------+---------------------+-------+---------+----------|
| RewardsHandler | queueMining         | 1035  | 0       | 0        |
|----------------+---------------------+-------+---------+----------|
| RewardsHandler | settle              | 1015  | 0       | 0        |
╰----------------+---------------------+-------+---------+----------╯

Logs:
  Bound result 62
  Bound result 1910055
  Bound result 4777
  Bound result 6347
  Bound result 822
  Bound result 1753552
  Bound result 35780
  Bound result 3507
  Bound result 2466
  Bound result 1000000000000
  Bound result 723467
  Bound result 482773799971
  Bound result 2537784
  Bound result 158141
  Bound result 7640
  Bound result 25
  Bound result 2011018
  Bound result 4698
  Bound result 958214416559
  Bound result 377
  Bound result 129120137130
  Bound result 16556

[PASS] invariant_actualBalancesMatchIndependentGrossNetAndLiabilities() (runs: 128, calls: 8192, reverts: 0)

╭----------------+---------------------+-------+---------+----------╮
| Contract       | Selector            | Calls | Reverts | Discards |
+===================================================================+
| RewardsHandler | advanceTime         | 983   | 0       | 0        |
|----------------+---------------------+-------+---------+----------|
| RewardsHandler | burn                | 1075  | 0       | 0        |
|----------------+---------------------+-------+---------+----------|
| RewardsHandler | claim               | 1038  | 0       | 0        |
|----------------+---------------------+-------+---------+----------|
| RewardsHandler | donate              | 1066  | 0       | 0        |
|----------------+---------------------+-------+---------+----------|
| RewardsHandler | externalMiningClaim | 1011  | 0       | 0        |
|----------------+---------------------+-------+---------+----------|
| RewardsHandler | harvest             | 969   | 0       | 0        |
|----------------+---------------------+-------+---------+----------|
| RewardsHandler | queueMining         | 1035  | 0       | 0        |
|----------------+---------------------+-------+---------+----------|
| RewardsHandler | settle              | 1015  | 0       | 0        |
╰----------------+---------------------+-------+---------+----------╯

Logs:
  Bound result 62
  Bound result 1910055
  Bound result 4778
  Bound result 6345
  Bound result 822
  Bound result 1753552
  Bound result 710426
  Bound result 3389
  Bound result 2466
  Bound result 1000000000000
  Bound result 723467
  Bound result 482773799971
  Bound result 2537784
  Bound result 158141
  Bound result 7640
  Bound result 25
  Bound result 20453
  Bound result 4698
  Bound result 958214416559
  Bound result 377
  Bound result 20108
  Bound result 16554

Suite result: ok. 2 passed; 0 failed; 0 skipped; finished in 53.08s (12.32s CPU time)

Ran 2 tests for test/invariant/ShareMarketInvariant.t.sol:ShareMarketInvariantTest
[PASS] invariant_paidBnbEqualsIndependentCreditsAndWithdrawals() (runs: 128, calls: 8192, reverts: 0)

╭--------------------+---------------------+-------+---------+----------╮
| Contract           | Selector            | Calls | Reverts | Discards |
+=======================================================================+
| ShareMarketHandler | cancelOrder         | 1412  | 0       | 0        |
|--------------------+---------------------+-------+---------+----------|
| ShareMarketHandler | fillOrder           | 1409  | 0       | 0        |
|--------------------+---------------------+-------+---------+----------|
| ShareMarketHandler | listOrder           | 1305  | 0       | 0        |
|--------------------+---------------------+-------+---------+----------|
| ShareMarketHandler | rejectBadPayment    | 1351  | 0       | 0        |
|--------------------+---------------------+-------+---------+----------|
| ShareMarketHandler | rejectMiningFailure | 1329  | 0       | 0        |
|--------------------+---------------------+-------+---------+----------|
| ShareMarketHandler | withdraw            | 1386  | 0       | 0        |
╰--------------------+---------------------+-------+---------+----------╯

Logs:
  Bound result 12
  Bound result 990000000010002
  Bound result 20
  Bound result 10000000000000
  Bound result 16
  Bound result 990000000000100
  Bound result 2
  Bound result 100000000000001
  Bound result 5
  Bound result 7
  Bound result 7
  Bound result 990000000000134
  Bound result 2
  Bound result 3
  Bound result 3
  Bound result 11
  Bound result 16
  Bound result 4
  Bound result 1
  Bound result 1
  Bound result 1
  Bound result 321507243023725
  Bound result 18
  Bound result 10000000000003
  Bound result 3
  Bound result 508316491377995
  Bound result 1
  Bound result 7
  Bound result 633950203088992

[PASS] invariant_realOrdersLockExactlyTheirRemainingBeneficialShares() (runs: 128, calls: 8192, reverts: 0)

╭--------------------+---------------------+-------+---------+----------╮
| Contract           | Selector            | Calls | Reverts | Discards |
+=======================================================================+
| ShareMarketHandler | cancelOrder         | 1412  | 0       | 0        |
|--------------------+---------------------+-------+---------+----------|
| ShareMarketHandler | fillOrder           | 1409  | 0       | 0        |
|--------------------+---------------------+-------+---------+----------|
| ShareMarketHandler | listOrder           | 1305  | 0       | 0        |
|--------------------+---------------------+-------+---------+----------|
| ShareMarketHandler | rejectBadPayment    | 1351  | 0       | 0        |
|--------------------+---------------------+-------+---------+----------|
| ShareMarketHandler | rejectMiningFailure | 1329  | 0       | 0        |
|--------------------+---------------------+-------+---------+----------|
| ShareMarketHandler | withdraw            | 1386  | 0       | 0        |
╰--------------------+---------------------+-------+---------+----------╯

Logs:
  Bound result 12
  Bound result 990000000010002
  Bound result 20
  Bound result 10000000000000
  Bound result 16
  Bound result 990000000000100
  Bound result 2
  Bound result 100000000000001
  Bound result 5
  Bound result 7
  Bound result 7
  Bound result 990000000000134
  Bound result 2
  Bound result 3
  Bound result 1
  Bound result 5
  Bound result 16
  Bound result 4
  Bound result 9
  Bound result 1
  Bound result 12
  Bound result 723639632151845
  Bound result 1
  Bound result 321507243023725
  Bound result 18
  Bound result 10000000000003
  Bound result 1
  Bound result 508316491377995
  Bound result 1
  Bound result 7
  Bound result 633950203088992

Suite result: ok. 2 passed; 0 failed; 0 skipped; finished in 51.00s (75.20s CPU time)

Ran 46 tests for test/unit/FlexiblePurchase.t.sol:FlexiblePurchaseTest
[PASS] testFuzz_alternativeRejectsLowWeightUnverifiedOptimalOrInactive(uint8) (runs: 256, μ: 968373, ~: 963570)
Logs:
  Bound result 0

[PASS] testFuzz_configureRejectsInvalidOnchainReferenceAtomically(uint8) (runs: 256, μ: 14438112, ~: 14433904)
Logs:
  Bound result 0

[PASS] testFuzz_invalidNftCallbackRollsBackSelectionAndSellerSettlement(uint8) (runs: 256, μ: 1361392, ~: 1336397)
Logs:
  Bound result 1

[PASS] testFuzz_marketFaultRollsBackSelectionAndFunds(uint8) (runs: 256, μ: 1296407, ~: 1271059)
Logs:
  Bound result 1

[PASS] testFuzz_modelChangedDuringClaimOrMarketTransferRollsBack(bool) (runs: 256, μ: 1407651, ~: 1558532)
[PASS] testFuzz_modelIsReadFromChainIncludingTaskZero(uint32) (runs: 256, μ: 14645397, ~: 14645419)
[PASS] testFuzz_originalUnavailableOrUnqualifiedAllowsReplacement(uint8) (runs: 256, μ: 1582598, ~: 1589146)
Logs:
  Bound result 0

[PASS] testFuzz_qualityChangedDuringRewardClaimRollsBack(uint8) (runs: 256, μ: 1144733, ~: 1149940)
Logs:
  Bound result 2

[PASS] testFuzz_rejectingBnbHolderCannotBlockPurchaseOrOtherRefunds(bool) (runs: 256, μ: 1238795, ~: 1582738)
[PASS] testFuzz_twoFundedPoolsCannotBuyTheSameAlternativeListing(bool) (runs: 256, μ: 2700823, ~: 2754020)
[PASS] testFuzz_weightDropsDuringClaimOrMarketTransferRevertsEntirePurchase(bool) (runs: 256, μ: 15921732, ~: 16071392)
[PASS] testFuzz_wrongMinerIdentityRollsBackAllFunds(bool) (runs: 256, μ: 959714, ~: 959803)
[PASS] testFuzz_zeroPriceOrSellerOriginalIsNotPurchasable(bool) (runs: 256, μ: 1539168, ~: 1549064)
[PASS] test_alternativeReservedAsAnotherProjectsReferenceCannotBePurchased() (gas: 1594757)
[PASS] test_callbacksCannotReenterAndPurchaseCannotRepeat() (gas: 1660168)
[PASS] test_configRejectsDirectRouteAndZeroOrFutureTerms() (gas: 15602647)
[PASS] test_configureIsAtomicFactoryOnlyAndImmutable() (gas: 96948)
[PASS] test_configureRejectsPostFundingEvenWhenFactoryCalls() (gas: 14679579)
[PASS] test_extraAdjustableAndTargetRoundsUpToHundredWei() (gas: 29169720)
[PASS] test_extraFundraisingCannotRaiseOriginalPurchaseCap() (gas: 15335719)
[PASS] test_factoryCreationRejectsUnauthorizedAndInvalidReferenceRaise() (gas: 14416070)
[PASS] test_failedOriginalLookupCannotBeTreatedAsUnavailable() (gas: 1006527)
[PASS] test_failureWith100HoldersStaysWithinLocalGasBudgetAndReturnsEveryWei() (gas: 23316860)
Logs:
  100-holder failure local execution gas (setup excluded): 3052877

[PASS] test_fixedPoolCannotUseAlternativeAndKeepsOriginalName() (gas: 15196078)
[PASS] test_flexiblePoolCannotUseDirectSellerBypass() (gas: 783396)
[PASS] test_fullSurplusUses49_26_25AndRoundingNoDustRemains() (gas: 1535698)
[PASS] test_higherWeightStillCannotExceedConservativeTotalCap() (gas: 1622984)
[PASS] test_legacyFlexibleWithoutModelCannotPurchaseOrBackfillButCanRefund() (gas: 1208847)
[PASS] test_lowerMinimumDoesNotLowerReferenceDenominatorOrAllowLowWeightTopPrice() (gas: 16167180)
[PASS] test_missingTransferApprovalRollsBackSelectionPaymentAndSellerRewards() (gas: 1270615)
[PASS] test_oldModelWithoutReferenceWeightCannotPurchaseButCanRefund() (gas: 1136332)
[PASS] test_originalAffordableListingPreventsThirdPartyAlternativeFrontRun() (gas: 1657228)
[PASS] test_originalDelistedDoesNotPermitSameWeightAlternativeAt110Percent() (gas: 1724982)
[PASS] test_originalEntryCannotBypassVerifiedQuality() (gas: 973259)
[PASS] test_originalSimulationFailureDoesNotAuthorizeAlternativeButDeadlineRefundWorks() (gas: 1440920)
[PASS] test_originalSoldThenQualifiedAlternativeActivatesAndSettlesSellerOldRewards() (gas: 1770554)
[PASS] test_priceCapRejectsOneWeiExcessAndAllowsBoundary() (gas: 16220786)
[PASS] test_purchaseRequiresFullFundingAndStopsExactlyAtDeadline() (gas: 1047630)
[PASS] test_purchaseWith100HoldersStaysWithinLocalGasBudgetAndAllocatesEveryWei() (gas: 24308007)
Logs:
  100-holder purchase local execution gas (setup excluded): 6044833

[PASS] test_referenceWeightDropAfterLockCannotRebaseUnitPrice() (gas: 16172464)
[PASS] test_referenceWeightIncreaseAfterLockDoesNotChangeCandidateDenominator() (gas: 1465504)
[PASS] test_sameWeightWrongTaskRejectedOnBothPurchaseEntries() (gas: 1141627)
[PASS] test_transferAfterPurchaseKeepsRefundWithOriginalShareholders() (gas: 5077477)
[PASS] test_unitPriceLimitFloorsFractionalWeiInsteadOfRoundingUp() (gas: 16173544)
[PASS] test_withdrawnSubscriptionCreditAndDonationsExcludedFromNewSurplus() (gas: 1532127)
[PASS] test_wrongCollectionEvenAnotherOfficialCollectionRejected() (gas: 925715)
Suite result: ok. 46 passed; 0 failed; 0 skipped; finished in 55.57s (59.25s CPU time)

Ran 4 tests for test/unit/AuditShareRecipient.t.sol:AuditShareRecipientTest
[PASS] testFuzz_marketFillRejectsPoolAndFactoryAndPreservesOrderAndPayment(bool) (runs: 256, μ: 431628, ~: 430567)
[PASS] testFuzz_subscriptionCannotMintToPoolOrFactory(bool) (runs: 256, μ: 747279, ~: 747152)
[PASS] testFuzz_transferFromRejectsPoolAndFactoryAndPreservesAllowance(bool) (runs: 256, μ: 130271, ~: 128218)
[PASS] testFuzz_transferRejectsPoolAndFactoryWithoutConsumingOldRewards(bool) (runs: 256, μ: 776525, ~: 774472)
Suite result: ok. 4 passed; 0 failed; 0 skipped; finished in 55.56s (19.16s CPU time)

Ran 2 tests for test/invariant/PoolVotingInvariant.t.sol:PoolVotingInvariantTest
[PASS] invariant_noDuplicateVotesOrReassignedHistoricalWeight() (runs: 128, calls: 8192, reverts: 0)

╭-------------------+-------------+-------+---------+----------╮
| Contract          | Selector    | Calls | Reverts | Discards |
+==============================================================+
| PoolVotingHandler | advanceTime | 1993  | 0       | 0        |
|-------------------+-------------+-------+---------+----------|
| PoolVotingHandler | moveShares  | 2056  | 0       | 0        |
|-------------------+-------------+-------+---------+----------|
| PoolVotingHandler | propose     | 2074  | 0       | 0        |
|-------------------+-------------+-------+---------+----------|
| PoolVotingHandler | vote        | 2069  | 0       | 0        |
╰-------------------+-------------+-------+---------+----------╯

Logs:
  Bound result 49
  Bound result 10
  Bound result 10
  Bound result 10
  Bound result 1
  Bound result 10
  Bound result 5
  Bound result 1
  Bound result 6
  Bound result 2
  Bound result 27
  Bound result 5
  Bound result 1
  Bound result 1
  Bound result 2

[PASS] invariant_snapshotOwnershipSurvivesArbitraryShareMovesAndProposalReplacement() (runs: 128, calls: 8192, reverts: 0)

╭-------------------+-------------+-------+---------+----------╮
| Contract          | Selector    | Calls | Reverts | Discards |
+==============================================================+
| PoolVotingHandler | advanceTime | 1993  | 0       | 0        |
|-------------------+-------------+-------+---------+----------|
| PoolVotingHandler | moveShares  | 2056  | 0       | 0        |
|-------------------+-------------+-------+---------+----------|
| PoolVotingHandler | propose     | 2074  | 0       | 0        |
|-------------------+-------------+-------+---------+----------|
| PoolVotingHandler | vote        | 2069  | 0       | 0        |
╰-------------------+-------------+-------+---------+----------╯

Logs:
  Bound result 49
  Bound result 10
  Bound result 10
  Bound result 10
  Bound result 1
  Bound result 10
  Bound result 5
  Bound result 1
  Bound result 6
  Bound result 2
  Bound result 39
  Bound result 5
  Bound result 2
  Bound result 9

Suite result: ok. 2 passed; 0 failed; 0 skipped; finished in 54.68s (88.44s CPU time)

Ran 36 tests for test/unit/BudgetPortfolio.t.sol:BudgetPortfolioTest
[PASS] test_atOrAboveReferenceCannotBeReviewedAndListsAfterDoubleMajority() (gas: 2763601)
[PASS] test_belowEightyPercentSaleNeedsPlatformReviewAfterDoubleMajority() (gas: 6904478)
[PASS] test_budgetFactoryTreasuryChangeAffectsFutureProjectsOnly() (gas: 498907)
[PASS] test_childAtEightyPercentListsWithoutAnyPlatformReview() (gas: 2736325)
[PASS] test_childFractionalWeiReferenceDoesNotTruncateReviewBoundary() (gas: 2754968)
[PASS] test_childOneWeiBelowEightyPercentRequiresAndPropagatesReview() (gas: 2762492)
[PASS] test_childSalePriceMustFitFirstoAskBeforeOpeningRound() (gas: 2717706)
[PASS] test_closedChildClaimFailureDoesNotBlockSaleProceedsAndCanRetry() (gas: 3769151)
[PASS] test_competingWalletsForLastShareCannotOverfundProject() (gas: 184136)
[PASS] test_discountedChildSaleUsesTimelockTrustedFactoryAfterCoreOperatorRotation() (gas: 3284752)
[PASS] test_exactCostFirstoChildIncludingBuyerFeeNeedsNoSurplusWithdrawal() (gas: 1903020)
[PASS] test_exactCostOfficialChildPurchaseNeedsNoSurplusWithdrawal() (gas: 1961662)
[PASS] test_executedChildSaleCannotBeOverwrittenAfterRoundCooldown() (gas: 4171001)
[PASS] test_executedChildSaleStaysFrozenPastVotingDeadline() (gas: 2602029)
[PASS] test_existingChildBemCanBeCollectedWhenNextHarvestFails() (gas: 1990969)
[PASS] test_externalChildCancellationCannotFreezePortfolioForever() (gas: 2654638)
[PASS] test_factoryTreasuryChangeDoesNotBlockFundedPortfolioPurchase() (gas: 2022543)
[PASS] test_failedSecondPurchaseLeavesBudgetAndEarlierMachineUntouched() (gas: 2862714)
[PASS] test_finalChildSaleRemainderIsWithdrawableAndConservesProceeds() (gas: 3364745)
[PASS] test_finalSaleCreditsRemainderEvenAfterTreasuryAlreadyClaimedAcquisitionFee() (gas: 3377005)
[PASS] test_manuallyClaimedBemStaysWithSellerAndOnlyLaterIncomeFollowsShares() (gas: 2244342)
[PASS] test_memberVoteControlsChildSaleAndProceedsAreBookedOnce() (gas: 3356882)
[PASS] test_minorityOpenerCannotBlockCompetingCandidateInSameRound() (gas: 2863072)
[PASS] test_oddOfficialPriceReturnsEveryWeiToSoleProjectHolder() (gas: 2003682)
[PASS] test_oneClaimCombinesTwoMinerRewardsAndUnclaimedBemMovesWithShares() (gas: 4012018)
[PASS] test_oneShareCannotProposeAndExpiredRoundsCannotFreezeAgain() (gas: 2472987)
[PASS] test_onlyPortfolioCanSubscribeToReservedChildAcrossTransactions() (gas: 1495423)
[PASS] test_operatorOnlyAndPerWeightCapIsCheckedBeforeFundingChild() (gas: 1566897)
[PASS] test_portfolioDeadlinesMustBeBounded() (gas: 248769)
[PASS] test_rejectedDiscountedSaleStaysBlockedAfterReferenceFalls() (gas: 2077559)
[PASS] test_sellerCanClaimBemAfterCancellingShareOrder() (gas: 2098408)
[PASS] test_shareMarketChargesBothSidesAndMovesUnclaimedBemToBuyer() (gas: 2386178)
[PASS] test_soldChildDelayedBemFollowsTransferredSharesWithAnotherChildActive() (gas: 5638372)
[PASS] test_twoApprovedCandidatesForSameChildDoNotOverwriteEachOther() (gas: 7040839)
[PASS] test_twoMachinesOneHundredSharesAndExactRefunds() (gas: 3338086)
[PASS] test_zeroMachinesRefundsBudgetOnceAndCannotBurnForSecondRefund() (gas: 239829)
Suite result: ok. 36 passed; 0 failed; 0 skipped; finished in 55.57s (64.13ms CPU time)

Ran 2 tests for test/audit/AuditFunds.t.sol:AuditFundsRewardsTest
[PASS] testFuzz_legacyPaidClaimsAndFormerOwnersMigrateExactlyOnce(uint256,uint256,uint256) (runs: 256, μ: 1910442, ~: 1920024)
Logs:
  Bound result 999999999094
  Bound result 7458
  Bound result 1581

[PASS] testFuzz_rewardsFollowOldOwnersAcrossMixedHarvestTransferAndClaims(uint256) (runs: 256, μ: 4379843, ~: 4429221)
Suite result: ok. 2 passed; 0 failed; 0 skipped; finished in 55.56s (56.93s CPU time)

Ran 58 test suites in 55.57s (567.26s CPU time): 637 tests passed, 0 failed, 0 skipped (637 total tests)
