2026-09-24T09:41:39.8218597Z Current runner version: '2.337.0'
2026-09-24T09:41:39.8245002Z ##[group]Runner Image Provisioner
2026-09-24T09:41:39.8245906Z Hosted Compute Agent
2026-09-24T09:41:39.8246974Z Version: 20260828.587
2026-09-24T09:41:39.8247699Z Commit: abac92662cab4cc7352de4f9f9d2e2419aad9c29
2026-09-24T09:41:39.8248450Z Build Date: 2026-08-28T16:44:25Z
2026-09-24T09:41:39.8249231Z Worker ID: {9303e48e-eda3-4fb4-9d52-f514f36aaa89}
2026-09-24T09:41:39.8249953Z Azure Region: eastus2
2026-09-24T09:41:39.8250513Z ##[endgroup]
2026-09-24T09:41:39.8252523Z ##[group]Operating System
2026-09-24T09:41:39.8253216Z Ubuntu
2026-09-24T09:41:39.8253826Z 24.04.5
2026-09-24T09:41:39.8254337Z LTS
2026-09-24T09:41:39.8254842Z ##[endgroup]
2026-09-24T09:41:39.8255497Z ##[group]Runner Image
2026-09-24T09:41:39.8256097Z Image: ubuntu-24.04
2026-09-24T09:41:39.8257200Z Version: 20260920.314.1
2026-09-24T09:41:39.8258515Z Included Software: https://github.com/actions/runner-images/blob/ubuntu24/20260920.314/images/ubuntu/Ubuntu2404-Readme.md
2026-09-24T09:41:39.8260197Z Image Release: https://github.com/actions/runner-images/releases/tag/ubuntu24%2F20260920.314
2026-09-24T09:41:39.8261178Z ##[endgroup]
2026-09-24T09:41:39.8262354Z ##[group]GITHUB_TOKEN Permissions
2026-09-24T09:41:39.8264530Z Contents: read
2026-09-24T09:41:39.8265210Z Metadata: read
2026-09-24T09:41:39.8265831Z ##[endgroup]
2026-09-24T09:41:39.8268306Z Secret source: Actions
2026-09-24T09:41:39.8269386Z Cache mode: write
2026-09-24T09:41:39.8270490Z Prepare workflow directory
2026-09-24T09:41:39.8682496Z Prepare all required actions
2026-09-24T09:41:39.8733056Z Getting action download info
2026-09-24T09:41:40.1115541Z Download action repository 'actions/checkout@v4' (SHA:11d5960a326750d5838078e36cf38b85af677262)
2026-09-24T09:41:40.2103540Z Download action repository 'actions/setup-node@v4' (SHA:49933ea5288caeca8642d1e84afbd3f7d6820020)
2026-09-24T09:41:40.2999261Z Download action repository 'foundry-rs/foundry-toolchain@v1' (SHA:908c540300062bd5a7e473851cdb4282204cee09)
2026-09-24T09:41:40.5687058Z Download action repository 'actions/upload-artifact@v4' (SHA:ea165f8d65b6e75b540449e92b4886f43607fa02)
2026-09-24T09:41:40.7904248Z Complete job name: fork
2026-09-24T09:41:40.8735837Z ##[group]Run actions/checkout@v4
2026-09-24T09:41:40.8737292Z with:
2026-09-24T09:41:40.8737858Z   repository: jianfengliao774-sketch/pinkuang
2026-09-24T09:41:40.8742009Z   token: ***
2026-09-24T09:41:40.8742500Z   ssh-strict: true
2026-09-24T09:41:40.8742991Z   ssh-user: git
2026-09-24T09:41:40.8743488Z   persist-credentials: true
2026-09-24T09:41:40.8744029Z   clean: true
2026-09-24T09:41:40.8744523Z   sparse-checkout-cone-mode: true
2026-09-24T09:41:40.8745090Z   fetch-depth: 1
2026-09-24T09:41:40.8745566Z   fetch-tags: false
2026-09-24T09:41:40.8746085Z   show-progress: true
2026-09-24T09:41:40.8746817Z   lfs: false
2026-09-24T09:41:40.8747290Z   submodules: false
2026-09-24T09:41:40.8747803Z   set-safe-directory: true
2026-09-24T09:41:40.8748375Z   allow-unsafe-pr-checkout: false
2026-09-24T09:41:40.8749326Z env:
2026-09-24T09:41:40.8749811Z   FOUNDRY_PROFILE: ci
2026-09-24T09:41:40.8750335Z   VALIDATION_TASK: T1b
2026-09-24T09:41:40.8750998Z   BSC_RPC_URL: https://bsc-mainnet.public.blastapi.io
2026-09-24T09:41:40.8751692Z   FORK_BLOCK: 123728000
2026-09-24T09:41:40.8752195Z ##[endgroup]
2026-09-24T09:41:40.9845373Z Syncing repository: jianfengliao774-sketch/pinkuang
2026-09-24T09:41:40.9849562Z ##[group]Getting Git version info
2026-09-24T09:41:40.9850940Z Working directory is '/home/runner/work/pinkuang/pinkuang'
2026-09-24T09:41:40.9853012Z [command]/usr/bin/git version
2026-09-24T09:41:40.9915279Z git version 2.55.0
2026-09-24T09:41:40.9960048Z ##[endgroup]
2026-09-24T09:41:40.9971237Z Temporarily overriding HOME='/home/runner/work/_temp/1a3e3f60-77dd-4782-a499-1f4a045ca93f' before making global git config changes
2026-09-24T09:41:40.9974254Z Adding repository directory to the temporary git global config as a safe directory
2026-09-24T09:41:40.9977507Z [command]/usr/bin/git config --global --add safe.directory /home/runner/work/pinkuang/pinkuang
2026-09-24T09:41:41.0028248Z Deleting the contents of '/home/runner/work/pinkuang/pinkuang'
2026-09-24T09:41:41.0032474Z ##[group]Initializing the repository
2026-09-24T09:41:41.0036882Z [command]/usr/bin/git init /home/runner/work/pinkuang/pinkuang
2026-09-24T09:41:41.0153611Z hint: Using 'master' as the name for the initial branch. This default branch name
2026-09-24T09:41:41.0155409Z hint: will change to "main" in Git 3.0. To configure the initial branch name
2026-09-24T09:41:41.0157846Z hint: to use in all of your new repositories, which will suppress this warning,
2026-09-24T09:41:41.0159487Z hint: call:
2026-09-24T09:41:41.0160335Z hint:
2026-09-24T09:41:41.0161412Z hint: 	git config --global init.defaultBranch <name>
2026-09-24T09:41:41.0162690Z hint:
2026-09-24T09:41:41.0163852Z hint: Names commonly chosen instead of 'master' are 'main', 'trunk' and
2026-09-24T09:41:41.0165655Z hint: 'development'. The just-created branch can be renamed via this command:
2026-09-24T09:41:41.0167482Z hint:
2026-09-24T09:41:41.0168438Z hint: 	git branch -m <name>
2026-09-24T09:41:41.0169485Z hint:
2026-09-24T09:41:41.0170857Z hint: Disable this message with "git config set advice.defaultBranchName false"
2026-09-24T09:41:41.0172871Z Initialized empty Git repository in /home/runner/work/pinkuang/pinkuang/.git/
2026-09-24T09:41:41.0176553Z [command]/usr/bin/git remote add origin https://github.com/jianfengliao774-sketch/pinkuang
2026-09-24T09:41:41.0228722Z ##[endgroup]
2026-09-24T09:41:41.0234120Z ##[group]Disabling automatic garbage collection
2026-09-24T09:41:41.0235535Z [command]/usr/bin/git config --local gc.auto 0
2026-09-24T09:41:41.0270254Z ##[endgroup]
2026-09-24T09:41:41.0271823Z ##[group]Setting up auth
2026-09-24T09:41:41.0278958Z [command]/usr/bin/git config --local --name-only --get-regexp core\.sshCommand
2026-09-24T09:41:41.0321127Z [command]/usr/bin/git submodule foreach --recursive sh -c "git config --local --name-only --get-regexp 'core\.sshCommand' && git config --local --unset-all 'core.sshCommand' || :"
2026-09-24T09:41:41.0744462Z [command]/usr/bin/git config --local --name-only --get-regexp http\.https\:\/\/github\.com\/\.extraheader
2026-09-24T09:41:41.0788266Z [command]/usr/bin/git submodule foreach --recursive sh -c "git config --local --name-only --get-regexp 'http\.https\:\/\/github\.com\/\.extraheader' && git config --local --unset-all 'http.https://github.com/.extraheader' || :"
2026-09-24T09:41:41.1029749Z [command]/usr/bin/git config --local --name-only --get-regexp ^includeIf\.gitdir:
2026-09-24T09:41:41.1069851Z [command]/usr/bin/git submodule foreach --recursive git config --local --show-origin --name-only --get-regexp remote.origin.url
2026-09-24T09:41:41.1307236Z [command]/usr/bin/git config --local http.https://github.com/.extraheader AUTHORIZATION: basic ***
2026-09-24T09:41:41.1350581Z ##[endgroup]
2026-09-24T09:41:41.1352087Z ##[group]Fetching the repository
2026-09-24T09:41:41.1361589Z [command]/usr/bin/git -c protocol.version=2 fetch --no-tags --prune --no-recurse-submodules --depth=1 origin +75a5ca8ca38db965c417310acce870d4742adc12:refs/remotes/pull/4/merge
2026-09-24T09:41:41.4505347Z From https://github.com/jianfengliao774-sketch/pinkuang
2026-09-24T09:41:41.4507424Z  * [new ref]         75a5ca8ca38db965c417310acce870d4742adc12 -> pull/4/merge
2026-09-24T09:41:41.4511054Z ##[endgroup]
2026-09-24T09:41:41.4512387Z ##[group]Determining the checkout info
2026-09-24T09:41:41.4513875Z ##[endgroup]
2026-09-24T09:41:41.4519731Z [command]/usr/bin/git sparse-checkout disable
2026-09-24T09:41:41.4586054Z [command]/usr/bin/git config --local --unset-all extensions.worktreeConfig
2026-09-24T09:41:41.4621823Z ##[group]Checking out the ref
2026-09-24T09:41:41.4705452Z [command]/usr/bin/git checkout --progress --force refs/remotes/pull/4/merge
2026-09-24T09:41:41.4771967Z Note: switching to 'refs/remotes/pull/4/merge'.
2026-09-24T09:41:41.4772908Z 
2026-09-24T09:41:41.4773683Z You are in 'detached HEAD' state. You can look around, make experimental
2026-09-24T09:41:41.4775832Z changes and commit them, and you can discard any commits you make in this
2026-09-24T09:41:41.4778552Z state without impacting any branches by switching back to a branch.
2026-09-24T09:41:41.4779608Z 
2026-09-24T09:41:41.4780319Z If you want to create a new branch to retain commits you create, you may
2026-09-24T09:41:41.4782182Z do so (now or later) by using -c with the switch command. Example:
2026-09-24T09:41:41.4783374Z 
2026-09-24T09:41:41.4783798Z   git switch -c <new-branch-name>
2026-09-24T09:41:41.4784531Z 
2026-09-24T09:41:41.4785084Z Or undo this operation with:
2026-09-24T09:41:41.4785878Z 
2026-09-24T09:41:41.4786666Z   git switch -
2026-09-24T09:41:41.4787510Z 
2026-09-24T09:41:41.4788688Z Turn off this advice by setting config variable advice.detachedHead to false
2026-09-24T09:41:41.4790076Z 
2026-09-24T09:41:41.4791656Z HEAD is now at 75a5ca8 Merge 6d090612c4b5ce0409b08b90a0573912aaee95f9 into 12f5b2840f20e0711e42d040cde784de719ab228
2026-09-24T09:41:41.4797240Z ##[endgroup]
2026-09-24T09:41:41.4833716Z [command]/usr/bin/git log -1 --format=%H
2026-09-24T09:41:41.4863135Z 75a5ca8ca38db965c417310acce870d4742adc12
2026-09-24T09:41:41.5253817Z ##[group]Run actions/setup-node@v4
2026-09-24T09:41:41.5255055Z with:
2026-09-24T09:41:41.5255973Z   node-version-file: .nvmrc
2026-09-24T09:41:41.5257234Z   cache: npm
2026-09-24T09:41:41.5258145Z   always-auth: false
2026-09-24T09:41:41.5259140Z   check-latest: false
2026-09-24T09:41:41.5269438Z   token: ***
2026-09-24T09:41:41.5270342Z env:
2026-09-24T09:41:41.5271208Z   FOUNDRY_PROFILE: ci
2026-09-24T09:41:41.5272237Z   VALIDATION_TASK: T1b
2026-09-24T09:41:41.5273476Z   BSC_RPC_URL: https://bsc-mainnet.public.blastapi.io
2026-09-24T09:41:41.5274918Z   FORK_BLOCK: 123728000
2026-09-24T09:41:41.5275908Z ##[endgroup]
2026-09-24T09:41:41.6733607Z Node version file is not JSON file
2026-09-24T09:41:41.6735554Z Resolved .nvmrc as 24.19.0
2026-09-24T09:41:41.6755138Z Attempting to download 24.19.0...
2026-09-24T09:41:41.6868618Z (node:2229) [DEP0040] DeprecationWarning: The `punycode` module is deprecated. Please use a userland alternative instead.
2026-09-24T09:41:41.6872109Z (Use `node --trace-deprecation ...` to show where the warning was created)
2026-09-24T09:41:42.0806816Z Acquiring 24.19.0 - x64 from https://github.com/actions/node-versions/releases/download/24.19.0-30872449280/node-24.19.0-linux-x64.tar.gz
2026-09-24T09:41:42.5610472Z Extracting ...
2026-09-24T09:41:42.5735610Z [command]/usr/bin/tar xz --strip 1 --warning=no-unknown-keyword --overwrite -C /home/runner/work/_temp/cafd73aa-ba3d-4df9-b63d-3741b0e426a7 -f /home/runner/work/_temp/672f0d9c-fc3d-4a7a-9b2a-982aacfeb38a
2026-09-24T09:41:43.8532184Z Adding to the cache ...
2026-09-24T09:41:45.8399981Z ##[group]Environment details
2026-09-24T09:41:46.0768403Z node: v24.19.0
2026-09-24T09:41:46.0769131Z npm: 11.17.0
2026-09-24T09:41:46.0769659Z yarn: 1.22.22
2026-09-24T09:41:46.0770933Z ##[endgroup]
2026-09-24T09:41:46.0792669Z [command]/opt/hostedtoolcache/node/24.19.0/x64/bin/npm config get cache
2026-09-24T09:41:46.1756857Z /home/runner/.npm
2026-09-24T09:41:46.2782358Z Cache hit for: node-cache-Linux-x64-npm-7afb701bfe877516a300825394b81f4b295c2ecbebcae6d67eed11568a9d5798
2026-09-24T09:41:46.2900146Z (node:2229) [DEP0169] DeprecationWarning: `url.parse()` behavior is not standardized and prone to errors that have security implications. Use the WHATWG URL API instead. CVEs are not issued for `url.parse()` vulnerabilities.
2026-09-24T09:41:46.4807328Z Received 7413978 of 7413978 (100.0%), 41.3 MBs/sec
2026-09-24T09:41:46.4808384Z Cache Size: ~7 MB (7413978 B)
2026-09-24T09:41:46.4841684Z [command]/usr/bin/tar -xf /home/runner/work/_temp/94869842-b88b-4fd2-8070-e68595ae9740/cache.tzst -P -C /home/runner/work/pinkuang/pinkuang --use-compress-program unzstd
2026-09-24T09:41:46.5454377Z Cache restored successfully
2026-09-24T09:41:46.5462395Z Cache restored from key: node-cache-Linux-x64-npm-7afb701bfe877516a300825394b81f4b295c2ecbebcae6d67eed11568a9d5798
2026-09-24T09:41:46.5690129Z ##[group]Run foundry-rs/foundry-toolchain@v1
2026-09-24T09:41:46.5690704Z with:
2026-09-24T09:41:46.5690911Z   version: v1.7.1
2026-09-24T09:41:46.5691134Z   network: ethereum
2026-09-24T09:41:46.5691364Z   cache: true
2026-09-24T09:41:46.5691705Z   cache-key: fork-75a5ca8ca38db965c417310acce870d4742adc12
2026-09-24T09:41:46.5692062Z   cache-restore-keys: fork-
2026-09-24T09:41:46.5692316Z env:
2026-09-24T09:41:46.5692514Z   FOUNDRY_PROFILE: ci
2026-09-24T09:41:46.5692736Z   VALIDATION_TASK: T1b
2026-09-24T09:41:46.5693124Z   BSC_RPC_URL: https://bsc-mainnet.public.blastapi.io
2026-09-24T09:41:46.5693484Z   FORK_BLOCK: 123728000
2026-09-24T09:41:46.5693707Z ##[endgroup]
2026-09-24T09:41:46.6952461Z Installing Foundry (version: v1.7.1)
2026-09-24T09:41:46.6953366Z Downloading foundryup installer from foundry-rs/foundryup@a27902ef04dcb43061fabf343365cb5afc95fc48...
2026-09-24T09:41:46.7387922Z Running foundryup installer...
2026-09-24T09:41:47.0980676Z Running: foundryup --install 1.7.1
2026-09-24T09:41:49.0020978Z Added /home/runner/.foundry/bin to PATH
2026-09-24T09:41:49.0022386Z Primary key: linux-foundry-chain-fork-fork-75a5ca8ca38db965c417310acce870d4742adc12
2026-09-24T09:41:49.0029782Z Restore keys: linux-foundry-chain-fork-fork-
2026-09-24T09:41:49.0648207Z Cache hit for restore-key: linux-foundry-chain-fork-fork-12f5b2840f20e0711e42d040cde784de719ab228
2026-09-24T09:41:49.1820398Z Received 104144 of 104144 (100.0%), 1.6 MBs/sec
2026-09-24T09:41:49.1821282Z Cache Size: ~0 MB (104144 B)
2026-09-24T09:41:49.1861753Z [command]/usr/bin/tar -xf /home/runner/work/_temp/4a041e58-a043-4224-a38b-4d5f3412bd5c/cache.tzst -P -C /home/runner/work/pinkuang/pinkuang --use-compress-program unzstd
2026-09-24T09:41:49.1922379Z Cache restored successfully
2026-09-24T09:41:49.1927918Z Cache restored from key: linux-foundry-chain-fork-fork-12f5b2840f20e0711e42d040cde784de719ab228
2026-09-24T09:41:49.1928549Z Running: forge --version
2026-09-24T09:41:49.1985171Z forge Version: 1.7.1
2026-09-24T09:41:49.1985825Z Commit SHA: 4072e48705af9d93e3c0f6e29e93b5e9a40caed8
2026-09-24T09:41:49.1986948Z Build Timestamp: 2026-05-08T07:50:55.527285345Z (1778226655)
2026-09-24T09:41:49.1987641Z Build Profile: dist
2026-09-24T09:41:49.1990979Z Running: cast --version
2026-09-24T09:41:49.2052764Z cast Version: 1.7.1
2026-09-24T09:41:49.2053420Z Commit SHA: 4072e48705af9d93e3c0f6e29e93b5e9a40caed8
2026-09-24T09:41:49.2054268Z Build Timestamp: 2026-05-08T07:50:55.527285345Z (1778226655)
2026-09-24T09:41:49.2054981Z Build Profile: dist
2026-09-24T09:41:49.2059153Z Running: anvil --version
2026-09-24T09:41:49.2101148Z anvil Version: 1.7.1
2026-09-24T09:41:49.2101770Z Commit SHA: 4072e48705af9d93e3c0f6e29e93b5e9a40caed8
2026-09-24T09:41:49.2102601Z Build Timestamp: 2026-05-08T07:50:55.527285345Z (1778226655)
2026-09-24T09:41:49.2103220Z Build Profile: dist
2026-09-24T09:41:49.2107058Z Running: chisel --version
2026-09-24T09:41:49.2146877Z chisel Version: 1.7.1
2026-09-24T09:41:49.2147536Z Commit SHA: 4072e48705af9d93e3c0f6e29e93b5e9a40caed8
2026-09-24T09:41:49.2148077Z Build Timestamp: 2026-05-08T07:50:55.527285345Z (1778226655)
2026-09-24T09:41:49.2148737Z Build Profile: dist
2026-09-24T09:41:49.2303667Z ##[group]Run npm ci
2026-09-24T09:41:49.2303990Z [36;1mnpm ci[0m
2026-09-24T09:41:49.2638155Z shell: /usr/bin/bash -e {0}
2026-09-24T09:41:49.2638534Z env:
2026-09-24T09:41:49.2638799Z   FOUNDRY_PROFILE: ci
2026-09-24T09:41:49.2639114Z   VALIDATION_TASK: T1b
2026-09-24T09:41:49.2639501Z   BSC_RPC_URL: https://bsc-mainnet.public.blastapi.io
2026-09-24T09:41:49.2639941Z   FORK_BLOCK: 123728000
2026-09-24T09:41:49.2640244Z ##[endgroup]
2026-09-24T09:41:52.1125804Z 
2026-09-24T09:41:52.1127006Z added 167 packages, and audited 168 packages in 3s
2026-09-24T09:41:52.1127576Z 
2026-09-24T09:41:52.1128835Z 24 packages are looking for funding
2026-09-24T09:41:52.1130158Z   run `npm fund` for details
2026-09-24T09:41:52.1176212Z 
2026-09-24T09:41:52.1177167Z 6 low severity vulnerabilities
2026-09-24T09:41:52.1177543Z 
2026-09-24T09:41:52.1177950Z Some issues need review, and may require choosing
2026-09-24T09:41:52.1179144Z a different dependency.
2026-09-24T09:41:52.1179442Z 
2026-09-24T09:41:52.1179796Z Run `npm audit` for details.
2026-09-24T09:41:52.1190853Z npm warn allow-scripts 2 packages have install scripts not yet covered by allowScripts:
2026-09-24T09:41:52.1191821Z npm warn allow-scripts   keccak@3.0.4 (install: node-gyp-build || exit 0)
2026-09-24T09:41:52.1192582Z npm warn allow-scripts   secp256k1@4.0.5 (install: node-gyp-build || exit 0)
2026-09-24T09:41:52.1193114Z npm warn allow-scripts
2026-09-24T09:41:52.1193972Z npm warn allow-scripts Run `npm approve-scripts --allow-scripts-pending` to review, or `npm approve-scripts <pkg>` to allow.
2026-09-24T09:41:52.1721427Z ##[group]Run npm run test:fork
2026-09-24T09:41:52.1721761Z [36;1mnpm run test:fork[0m
2026-09-24T09:41:52.1791093Z shell: /usr/bin/bash -e {0}
2026-09-24T09:41:52.1791361Z env:
2026-09-24T09:41:52.1791568Z   FOUNDRY_PROFILE: ci
2026-09-24T09:41:52.1791802Z   VALIDATION_TASK: T1b
2026-09-24T09:41:52.1792119Z   BSC_RPC_URL: https://bsc-mainnet.public.blastapi.io
2026-09-24T09:41:52.1792466Z   FORK_BLOCK: 123728000
2026-09-24T09:41:52.1792816Z   VALIDATION_EVIDENCE_ROOT: /home/runner/work/_temp/t1b-fork-35982671054-1
2026-09-24T09:41:52.1793213Z ##[endgroup]
2026-09-24T09:41:52.2820882Z 
2026-09-24T09:41:52.2821560Z > tapeout-pool@0.0.0 test:fork
2026-09-24T09:41:52.2822317Z > node scripts/run-fork.mjs
2026-09-24T09:41:52.2846027Z 
2026-09-24T09:41:52.3248578Z Running toolchain at BSC block 123728000...
2026-09-24T09:41:52.3302373Z forge Version: 1.7.1
2026-09-24T09:41:52.3302939Z Commit SHA: 4072e48705af9d93e3c0f6e29e93b5e9a40caed8
2026-09-24T09:41:52.3303530Z Build Timestamp: 2026-05-08T07:50:55.527285345Z (1778226655)
2026-09-24T09:41:52.3303906Z Build Profile: dist
2026-09-24T09:41:52.3304065Z 
2026-09-24T09:41:52.3304244Z Running forge-fmt at BSC block 123728000...
2026-09-24T09:41:52.3465580Z 
2026-09-24T09:41:52.3466560Z Running forge-build-sizes at BSC block 123728000...
2026-09-24T09:42:09.9097165Z Compiling 107 files with Solc 0.8.24
2026-09-24T09:42:09.9097818Z Solc 0.8.24 finished in 16.51s
2026-09-24T09:42:09.9098357Z Compiler run successful!
2026-09-24T09:42:09.9098620Z 
2026-09-24T09:42:09.9100861Z ╭----------------------------------------------------------------------------------------------------------------------------------------------------------+------------------+-------------------+--------------------+---------------------╮
2026-09-24T09:42:09.9103292Z | Contract                                                                                                                                                 | Runtime Size (B) | Initcode Size (B) | Runtime Margin (B) | Initcode Margin (B) |
2026-09-24T09:42:09.9106006Z +============================================================================================================================================================================================================================================+
2026-09-24T09:42:09.9108741Z | Address                                                                                                                                                  | 85               | 135               | 24,491             | 49,017              |
2026-09-24T09:42:09.9110108Z |----------------------------------------------------------------------------------------------------------------------------------------------------------+------------------+-------------------+--------------------+---------------------|
2026-09-24T09:42:09.9111785Z | Addresses                                                                                                                                                | 85               | 135               | 24,491             | 49,017              |
2026-09-24T09:42:09.9112988Z |----------------------------------------------------------------------------------------------------------------------------------------------------------+------------------+-------------------+--------------------+---------------------|
2026-09-24T09:42:09.9114459Z | BeaconProxy                                                                                                                                              | 283              | 1,431             | 24,293             | 47,721              |
2026-09-24T09:42:09.9115684Z |----------------------------------------------------------------------------------------------------------------------------------------------------------+------------------+-------------------+--------------------+---------------------|
2026-09-24T09:42:09.9117719Z | Checkpoints                                                                                                                                              | 85               | 135               | 24,491             | 49,017              |
2026-09-24T09:42:09.9118960Z |----------------------------------------------------------------------------------------------------------------------------------------------------------+------------------+-------------------+--------------------+---------------------|
2026-09-24T09:42:09.9120177Z | Core                                                                                                                                                     | 85               | 135               | 24,491             | 49,017              |
2026-09-24T09:42:09.9121341Z |----------------------------------------------------------------------------------------------------------------------------------------------------------+------------------+-------------------+--------------------+---------------------|
2026-09-24T09:42:09.9122534Z | Defender                                                                                                                                                 | 85               | 135               | 24,491             | 49,017              |
2026-09-24T09:42:09.9123711Z |----------------------------------------------------------------------------------------------------------------------------------------------------------+------------------+-------------------+--------------------+---------------------|
2026-09-24T09:42:09.9124952Z | DefenderDeploy                                                                                                                                           | 85               | 135               | 24,491             | 49,017              |
2026-09-24T09:42:09.9126941Z |----------------------------------------------------------------------------------------------------------------------------------------------------------+------------------+-------------------+--------------------+---------------------|
2026-09-24T09:42:09.9128674Z | ERC1967Proxy (../node_modules/@openzeppelin/contracts/proxy/ERC1967/ERC1967Proxy.sol)                                                                    | 163              | 1,008             | 24,413             | 48,144              |
2026-09-24T09:42:09.9130074Z |----------------------------------------------------------------------------------------------------------------------------------------------------------+------------------+-------------------+--------------------+---------------------|
2026-09-24T09:42:09.9131561Z | ERC1967Proxy (/home/runner/work/pinkuang/pinkuang/node_modules/@openzeppelin/contracts/proxy/ERC1967/ERC1967Proxy.sol)                                   | 163              | 1,008             | 24,413             | 48,144              |
2026-09-24T09:42:09.9133005Z |----------------------------------------------------------------------------------------------------------------------------------------------------------+------------------+-------------------+--------------------+---------------------|
2026-09-24T09:42:09.9134395Z | ERC1967Utils (../node_modules/@openzeppelin/contracts/proxy/ERC1967/ERC1967Utils.sol)                                                                    | 85               | 135               | 24,491             | 49,017              |
2026-09-24T09:42:09.9135762Z |----------------------------------------------------------------------------------------------------------------------------------------------------------+------------------+-------------------+--------------------+---------------------|
2026-09-24T09:42:09.9137716Z | ERC1967Utils (/home/runner/work/pinkuang/pinkuang/node_modules/@openzeppelin/contracts/proxy/ERC1967/ERC1967Utils.sol)                                   | 85               | 135               | 24,491             | 49,017              |
2026-09-24T09:42:09.9139338Z |----------------------------------------------------------------------------------------------------------------------------------------------------------+------------------+-------------------+--------------------+---------------------|
2026-09-24T09:42:09.9140575Z | FundingTestToken                                                                                                                                         | 1,883            | 2,374             | 22,693             | 46,778              |
2026-09-24T09:42:09.9141799Z |----------------------------------------------------------------------------------------------------------------------------------------------------------+------------------+-------------------+--------------------+---------------------|
2026-09-24T09:42:09.9143007Z | InvalidVaultLayout                                                                                                                                       | 2,942            | 3,162             | 21,634             | 45,990              |
2026-09-24T09:42:09.9144242Z |----------------------------------------------------------------------------------------------------------------------------------------------------------+------------------+-------------------+--------------------+---------------------|
2026-09-24T09:42:09.9145460Z | MarketSellerProbe                                                                                                                                        | 1,481            | 1,539             | 23,095             | 47,613              |
2026-09-24T09:42:09.9146970Z |----------------------------------------------------------------------------------------------------------------------------------------------------------+------------------+-------------------+--------------------+---------------------|
2026-09-24T09:42:09.9148286Z | Math (../node_modules/@openzeppelin/contracts/utils/math/Math.sol)                                                                                       | 85               | 135               | 24,491             | 49,017              |
2026-09-24T09:42:09.9149612Z |----------------------------------------------------------------------------------------------------------------------------------------------------------+------------------+-------------------+--------------------+---------------------|
2026-09-24T09:42:09.9151016Z | Math (/home/runner/work/pinkuang/pinkuang/node_modules/@openzeppelin/contracts/utils/math/Math.sol)                                                      | 85               | 135               | 24,491             | 49,017              |
2026-09-24T09:42:09.9153032Z |----------------------------------------------------------------------------------------------------------------------------------------------------------+------------------+-------------------+--------------------+---------------------|
2026-09-24T09:42:09.9154850Z | MiningStartFixtures                                                                                                                                      | 85               | 135               | 24,491             | 49,017              |
2026-09-24T09:42:09.9157571Z |----------------------------------------------------------------------------------------------------------------------------------------------------------+------------------+-------------------+--------------------+---------------------|
2026-09-24T09:42:09.9159554Z | PoolBeacon                                                                                                                                               | 515              | 1,105             | 24,061             | 48,047              |
2026-09-24T09:42:09.9162197Z |----------------------------------------------------------------------------------------------------------------------------------------------------------+------------------+-------------------+--------------------+---------------------|
2026-09-24T09:42:09.9163983Z | PoolFactory                                                                                                                                              | 8,004            | 8,253             | 16,572             | 40,899              |
2026-09-24T09:42:09.9165632Z |----------------------------------------------------------------------------------------------------------------------------------------------------------+------------------+-------------------+--------------------+---------------------|
2026-09-24T09:42:09.9168457Z | PoolFactoryV2Fixture                                                                                                                                     | 8,037            | 8,286             | 16,539             | 40,866              |
2026-09-24T09:42:09.9170320Z |----------------------------------------------------------------------------------------------------------------------------------------------------------+------------------+-------------------+--------------------+---------------------|
2026-09-24T09:42:09.9171562Z | PoolTimelock                                                                                                                                             | 6,608            | 7,519             | 17,968             | 41,633              |
2026-09-24T09:42:09.9172959Z |----------------------------------------------------------------------------------------------------------------------------------------------------------+------------------+-------------------+--------------------+---------------------|
2026-09-24T09:42:09.9174843Z | PoolVault                                                                                                                                                | 17,037           | 17,264            | 7,539              | 31,888              |
2026-09-24T09:42:09.9177261Z |----------------------------------------------------------------------------------------------------------------------------------------------------------+------------------+-------------------+--------------------+---------------------|
2026-09-24T09:42:09.9178524Z | PoolVaultV2Fixture                                                                                                                                       | 17,067           | 17,294            | 7,509              | 31,858              |
2026-09-24T09:42:09.9179748Z |----------------------------------------------------------------------------------------------------------------------------------------------------------+------------------+-------------------+--------------------+---------------------|
2026-09-24T09:42:09.9180949Z | ProbeHolder                                                                                                                                              | 5,646            | 6,188             | 18,930             | 42,964              |
2026-09-24T09:42:09.9182152Z |----------------------------------------------------------------------------------------------------------------------------------------------------------+------------------+-------------------+--------------------+---------------------|
2026-09-24T09:42:09.9183338Z | ProxyAdmin                                                                                                                                               | 1,031            | 1,276             | 23,545             | 47,876              |
2026-09-24T09:42:09.9184527Z |----------------------------------------------------------------------------------------------------------------------------------------------------------+------------------+-------------------+--------------------+---------------------|
2026-09-24T09:42:09.9185958Z | PurchaseCallbackRelay                                                                                                                                    | 565              | 594               | 24,011             | 48,558              |
2026-09-24T09:42:09.9187476Z |----------------------------------------------------------------------------------------------------------------------------------------------------------+------------------+-------------------+--------------------+---------------------|
2026-09-24T09:42:09.9188819Z | PurchaseMockBem                                                                                                                                          | 1,883            | 2,353             | 22,693             | 46,799              |
2026-09-24T09:42:09.9190041Z |----------------------------------------------------------------------------------------------------------------------------------------------------------+------------------+-------------------+--------------------+---------------------|
2026-09-24T09:42:09.9191276Z | PurchaseMockMarket                                                                                                                                       | 2,630            | 2,659             | 21,946             | 46,493              |
2026-09-24T09:42:09.9192506Z |----------------------------------------------------------------------------------------------------------------------------------------------------------+------------------+-------------------+--------------------+---------------------|
2026-09-24T09:42:09.9193719Z | PurchaseMockMining                                                                                                                                       | 4,908            | 4,937             | 19,668             | 44,215              |
2026-09-24T09:42:09.9194936Z |----------------------------------------------------------------------------------------------------------------------------------------------------------+------------------+-------------------+--------------------+---------------------|
2026-09-24T09:42:09.9196351Z | PurchaseMockNft                                                                                                                                          | 6,179            | 6,677             | 18,397             | 42,475              |
2026-09-24T09:42:09.9197755Z |----------------------------------------------------------------------------------------------------------------------------------------------------------+------------------+-------------------+--------------------+---------------------|
2026-09-24T09:42:09.9199045Z | PurchaseRejectingSeller                                                                                                                                  | 655              | 684               | 23,921             | 48,468              |
2026-09-24T09:42:09.9200279Z |----------------------------------------------------------------------------------------------------------------------------------------------------------+------------------+-------------------+--------------------+---------------------|
2026-09-24T09:42:09.9201532Z | ReenteringFundingRecipient                                                                                                                               | 558              | 696               | 24,018             | 48,456              |
2026-09-24T09:42:09.9202776Z |----------------------------------------------------------------------------------------------------------------------------------------------------------+------------------+-------------------+--------------------+---------------------|
2026-09-24T09:42:09.9204012Z | RejectingFundingRecipient                                                                                                                                | 278              | 409               | 24,298             | 48,743              |
2026-09-24T09:42:09.9205402Z |----------------------------------------------------------------------------------------------------------------------------------------------------------+------------------+-------------------+--------------------+---------------------|
2026-09-24T09:42:09.9206964Z | SafeCast                                                                                                                                                 | 85               | 135               | 24,491             | 49,017              |
2026-09-24T09:42:09.9208311Z |----------------------------------------------------------------------------------------------------------------------------------------------------------+------------------+-------------------+--------------------+---------------------|
2026-09-24T09:42:09.9209529Z | SignedMath                                                                                                                                               | 85               | 135               | 24,491             | 49,017              |
2026-09-24T09:42:09.9211727Z |----------------------------------------------------------------------------------------------------------------------------------------------------------+------------------+-------------------+--------------------+---------------------|
2026-09-24T09:42:09.9214250Z | StorageSlot                                                                                                                                              | 85               | 135               | 24,491             | 49,017              |
2026-09-24T09:42:09.9217007Z |----------------------------------------------------------------------------------------------------------------------------------------------------------+------------------+-------------------+--------------------+---------------------|
2026-09-24T09:42:09.9219399Z | StringFinder                                                                                                                                             | 85               | 135               | 24,491             | 49,017              |
2026-09-24T09:42:09.9221831Z |----------------------------------------------------------------------------------------------------------------------------------------------------------+------------------+-------------------+--------------------+---------------------|
2026-09-24T09:42:09.9224490Z | Strings (../node_modules/@openzeppelin/contracts/utils/Strings.sol)                                                                                      | 85               | 135               | 24,491             | 49,017              |
2026-09-24T09:42:09.9226707Z |----------------------------------------------------------------------------------------------------------------------------------------------------------+------------------+-------------------+--------------------+---------------------|
2026-09-24T09:42:09.9228192Z | Strings (/home/runner/work/pinkuang/pinkuang/node_modules/@openzeppelin/contracts/utils/Strings.sol)                                                     | 85               | 135               | 24,491             | 49,017              |
2026-09-24T09:42:09.9229623Z |----------------------------------------------------------------------------------------------------------------------------------------------------------+------------------+-------------------+--------------------+---------------------|
2026-09-24T09:42:09.9230851Z | TimelockController                                                                                                                                       | 6,536            | 7,500             | 18,040             | 41,652              |
2026-09-24T09:42:09.9232084Z |----------------------------------------------------------------------------------------------------------------------------------------------------------+------------------+-------------------+--------------------+---------------------|
2026-09-24T09:42:09.9233550Z | TransparentUpgradeableProxy (../node_modules/@openzeppelin/contracts/proxy/transparent/TransparentUpgradeableProxy.sol)                                  | 1,129            | 3,664             | 23,447             | 45,488              |
2026-09-24T09:42:09.9235212Z |----------------------------------------------------------------------------------------------------------------------------------------------------------+------------------+-------------------+--------------------+---------------------|
2026-09-24T09:42:09.9237155Z | TransparentUpgradeableProxy (/home/runner/work/pinkuang/pinkuang/node_modules/@openzeppelin/contracts/proxy/transparent/TransparentUpgradeableProxy.sol) | 1,129            | 3,664             | 23,447             | 45,488              |
2026-09-24T09:42:09.9238738Z |----------------------------------------------------------------------------------------------------------------------------------------------------------+------------------+-------------------+--------------------+---------------------|
2026-09-24T09:42:09.9239944Z | UnsafeUpgrades                                                                                                                                           | 85               | 135               | 24,491             | 49,017              |
2026-09-24T09:42:09.9241161Z |----------------------------------------------------------------------------------------------------------------------------------------------------------+------------------+-------------------+--------------------+---------------------|
2026-09-24T09:42:09.9242383Z | UpgradeableBeacon                                                                                                                                        | 644              | 1,057             | 23,932             | 48,095              |
2026-09-24T09:42:09.9243618Z |----------------------------------------------------------------------------------------------------------------------------------------------------------+------------------+-------------------+--------------------+---------------------|
2026-09-24T09:42:09.9244817Z | Upgrades                                                                                                                                                 | 85               | 135               | 24,491             | 49,017              |
2026-09-24T09:42:09.9246009Z |----------------------------------------------------------------------------------------------------------------------------------------------------------+------------------+-------------------+--------------------+---------------------|
2026-09-24T09:42:09.9247556Z | Utils                                                                                                                                                    | 85               | 135               | 24,491             | 49,017              |
2026-09-24T09:42:09.9248739Z |----------------------------------------------------------------------------------------------------------------------------------------------------------+------------------+-------------------+--------------------+---------------------|
2026-09-24T09:42:09.9249936Z | Versions                                                                                                                                                 | 85               | 135               | 24,491             | 49,017              |
2026-09-24T09:42:09.9251672Z ╰----------------------------------------------------------------------------------------------------------------------------------------------------------+------------------+-------------------+--------------------+---------------------╯
2026-09-24T09:42:09.9252896Z 
2026-09-24T09:42:09.9253712Z warning[block-timestamp]: usage of `block.timestamp` in a comparison may be manipulated by validators
2026-09-24T09:42:09.9254855Z     ╭▸ src/PoolFactory.sol:151:13
2026-09-24T09:42:09.9255442Z     │
2026-09-24T09:42:09.9259465Z 151 │         if (params.fundingDeadline <= block.timestamp || params.purchaseDeadline <= params.fundingDeadline) {
2026-09-24T09:42:09.9260800Z     │             ━━━━━━━━━━━━━━━━━━━━━━━━━━━━━━━━━━━━━━━━━
2026-09-24T09:42:09.9261625Z     │
2026-09-24T09:42:09.9262491Z     ╰ help: https://book.getfoundry.sh/reference/forge/forge-lint#block-timestamp
2026-09-24T09:42:09.9263112Z 
2026-09-24T09:42:09.9263738Z warning[unsafe-typecast]: typecasts that can truncate values should be checked
2026-09-24T09:42:09.9264741Z     ╭▸ test/utils/PurchaseMocks.sol:122:27
2026-09-24T09:42:09.9265299Z     │
2026-09-24T09:42:09.9265880Z 122 │         miner.circuitId = uint64(id);
2026-09-24T09:42:09.9266862Z     │                           ━━━━━━━━━━
2026-09-24T09:42:09.9267388Z     │
2026-09-24T09:42:09.9268408Z     ├ note: consider disabling this lint if you're certain the cast is safe
2026-09-24T09:42:09.9269171Z     │       
2026-09-24T09:42:09.9269733Z     │       // casting to 'uint64' is safe because [explain why]
2026-09-24T09:42:09.9270241Z     │       // forge-lint: disable-next-line(unsafe-typecast)
2026-09-24T09:42:09.9270592Z     │       
2026-09-24T09:42:09.9270830Z     │       
2026-09-24T09:42:09.9271283Z     ╰ help: https://book.getfoundry.sh/reference/forge/forge-lint#unsafe-typecast
2026-09-24T09:42:09.9271622Z 
2026-09-24T09:42:09.9272046Z warning[block-timestamp]: usage of `block.timestamp` in a comparison may be manipulated by validators
2026-09-24T09:42:09.9272597Z    ╭▸ src/PoolVault.sol:78:13
2026-09-24T09:42:09.9272859Z    │
2026-09-24T09:42:09.9273506Z 78 │         if (params_.fundingDeadline <= block.timestamp || params_.purchaseDeadline <= params_.fundingDeadline) {
2026-09-24T09:42:09.9274453Z    │             ━━━━━━━━━━━━━━━━━━━━━━━━━━━━━━━━━━━━━━━━━━
2026-09-24T09:42:09.9275012Z    │
2026-09-24T09:42:09.9275877Z    ╰ help: https://book.getfoundry.sh/reference/forge/forge-lint#block-timestamp
2026-09-24T09:42:09.9276504Z 
2026-09-24T09:42:09.9276997Z warning[block-timestamp]: usage of `block.timestamp` in a comparison may be manipulated by validators
2026-09-24T09:42:09.9277577Z    ╭▸ src/PoolVault.sol:95:13
2026-09-24T09:42:09.9277833Z    │
2026-09-24T09:42:09.9278350Z 95 │         if (block.timestamp >= s.params.fundingDeadline) revert DeadlinePassed();
2026-09-24T09:42:09.9278922Z    │             ━━━━━━━━━━━━━━━━━━━━━━━━━━━━━━━━━━━━━━━━━━━
2026-09-24T09:42:09.9279227Z    │
2026-09-24T09:42:09.9279666Z    ╰ help: https://book.getfoundry.sh/reference/forge/forge-lint#block-timestamp
2026-09-24T09:42:09.9279994Z 
2026-09-24T09:42:09.9280394Z warning[block-timestamp]: usage of `block.timestamp` in a comparison may be manipulated by validators
2026-09-24T09:42:09.9280964Z     ╭▸ src/PoolVault.sol:132:17
2026-09-24T09:42:09.9281224Z     │
2026-09-24T09:42:09.9281770Z 132 │             if (block.timestamp < s.params.fundingDeadline) revert DeadlineNotReached();
2026-09-24T09:42:09.9282347Z     │                 ━━━━━━━━━━━━━━━━━━━━━━━━━━━━━━━━━━━━━━━━━━
2026-09-24T09:42:09.9282658Z     │
2026-09-24T09:42:09.9283087Z     ╰ help: https://book.getfoundry.sh/reference/forge/forge-lint#block-timestamp
2026-09-24T09:42:09.9283415Z 
2026-09-24T09:42:09.9283834Z warning[block-timestamp]: usage of `block.timestamp` in a comparison may be manipulated by validators
2026-09-24T09:42:09.9284470Z    ╭▸ test/invariant/PoolFundingInvariant.t.sol:28:13
2026-09-24T09:42:09.9284807Z    │
2026-09-24T09:42:09.9285373Z 28 │         if (block.timestamp >= pool.params().fundingDeadline) return;
2026-09-24T09:42:09.9285980Z    │             ━━━━━━━━━━━━━━━━━━━━━━━━━━━━━━━━━━━━━━━━━━━━━━━━
2026-09-24T09:42:09.9286662Z    │
2026-09-24T09:42:09.9287500Z    ╰ help: https://book.getfoundry.sh/reference/forge/forge-lint#block-timestamp
2026-09-24T09:42:09.9288107Z 
2026-09-24T09:42:09.9288599Z warning[block-timestamp]: usage of `block.timestamp` in a comparison may be manipulated by validators
2026-09-24T09:42:09.9289262Z    ╭▸ test/invariant/PoolFundingInvariant.t.sol:68:50
2026-09-24T09:42:09.9289590Z    │
2026-09-24T09:42:09.9290129Z 68 │         if (state == IPoolVault.State.Funding && block.timestamp < p.fundingDeadline) return;
2026-09-24T09:42:09.9290772Z    │                                                  ━━━━━━━━━━━━━━━━━━━━━━━━━━━━━━━━━━━
2026-09-24T09:42:09.9291304Z    │
2026-09-24T09:42:09.9291758Z    ╰ help: https://book.getfoundry.sh/reference/forge/forge-lint#block-timestamp
2026-09-24T09:42:09.9292088Z 
2026-09-24T09:42:09.9292490Z warning[block-timestamp]: usage of `block.timestamp` in a comparison may be manipulated by validators
2026-09-24T09:42:09.9293116Z    ╭▸ test/invariant/PoolFundingInvariant.t.sol:69:49
2026-09-24T09:42:09.9293435Z    │
2026-09-24T09:42:09.9293970Z 69 │         if (state == IPoolVault.State.Funded && block.timestamp < p.purchaseDeadline) return;
2026-09-24T09:42:09.9294715Z    │                                                 ━━━━━━━━━━━━━━━━━━━━━━━━━━━━━━━━━━━━
2026-09-24T09:42:09.9295069Z    │
2026-09-24T09:42:09.9295500Z    ╰ help: https://book.getfoundry.sh/reference/forge/forge-lint#block-timestamp
2026-09-24T09:42:09.9295828Z 
2026-09-24T09:42:09.9296154Z warning[unsafe-typecast]: typecasts that can truncate values should be checked
2026-09-24T09:42:09.9296997Z     ╭▸ test/fork/MiningStartProbe.t.sol:148:18
2026-09-24T09:42:09.9297302Z     │
2026-09-24T09:42:09.9297653Z 148 │         assertEq(bytes4(reason), NOT_OWNER_ERROR);
2026-09-24T09:42:09.9298042Z     │                  ━━━━━━━━━━━━━━
2026-09-24T09:42:09.9298303Z     │
2026-09-24T09:42:09.9298704Z     ├ note: consider disabling this lint if you're certain the cast is safe
2026-09-24T09:42:09.9299112Z     │       
2026-09-24T09:42:09.9299468Z     │       // casting to 'bytes4' is safe because [explain why]
2026-09-24T09:42:09.9299948Z     │       // forge-lint: disable-next-line(unsafe-typecast)
2026-09-24T09:42:09.9300294Z     │       
2026-09-24T09:42:09.9300527Z     │       
2026-09-24T09:42:09.9300971Z     ╰ help: https://book.getfoundry.sh/reference/forge/forge-lint#unsafe-typecast
2026-09-24T09:42:09.9301300Z 
2026-09-24T09:42:09.9301612Z warning[unsafe-typecast]: typecasts that can truncate values should be checked
2026-09-24T09:42:09.9302151Z    ╭▸ test/invariant/PoolFundingInvariant.t.sol:22:33
2026-09-24T09:42:09.9302489Z    │
2026-09-24T09:42:09.9302843Z 22 │             actors[i] = address(uint160(0x70000 + i));
2026-09-24T09:42:09.9303278Z    │                                 ━━━━━━━━━━━━━━━━━━━━
2026-09-24T09:42:09.9303565Z    │
2026-09-24T09:42:09.9303960Z    ├ note: consider disabling this lint if you're certain the cast is safe
2026-09-24T09:42:09.9304353Z    │       
2026-09-24T09:42:09.9304695Z    │       // casting to 'uint160' is safe because [explain why]
2026-09-24T09:42:09.9305173Z    │       // forge-lint: disable-next-line(unsafe-typecast)
2026-09-24T09:42:09.9305513Z    │       
2026-09-24T09:42:09.9305729Z    │       
2026-09-24T09:42:09.9306383Z    ╰ help: https://book.getfoundry.sh/reference/forge/forge-lint#unsafe-typecast
2026-09-24T09:42:09.9306857Z 
2026-09-24T09:42:09.9307172Z warning[unsafe-typecast]: typecasts that can truncate values should be checked
2026-09-24T09:42:09.9307689Z     ╭▸ test/unit/PoolPurchase.t.sol:279:47
2026-09-24T09:42:09.9307981Z     │
2026-09-24T09:42:09.9308389Z 279 │         mining.setIdentity(key, address(nft), uint64(ID + 1));
2026-09-24T09:42:09.9308876Z     │                                               ━━━━━━━━━━━━━━
2026-09-24T09:42:09.9309218Z     │
2026-09-24T09:42:09.9309608Z     ├ note: consider disabling this lint if you're certain the cast is safe
2026-09-24T09:42:09.9310007Z     │       
2026-09-24T09:42:09.9310340Z     │       // casting to 'uint64' is safe because [explain why]
2026-09-24T09:42:09.9310800Z     │       // forge-lint: disable-next-line(unsafe-typecast)
2026-09-24T09:42:09.9311146Z     │       
2026-09-24T09:42:09.9311354Z     │       
2026-09-24T09:42:09.9311816Z     ╰ help: https://book.getfoundry.sh/reference/forge/forge-lint#unsafe-typecast
2026-09-24T09:42:09.9312142Z 
2026-09-24T09:42:09.9312572Z warning[erc20-unchecked-transfer]: ERC20 'transfer' and 'transferFrom' calls should check the return value
2026-09-24T09:42:09.9313176Z     ╭▸ test/unit/PoolPurchase.t.sol:594:9
2026-09-24T09:42:09.9313465Z     │
2026-09-24T09:42:09.9313956Z 594 │         pool.transfer(BOB, 1);
2026-09-24T09:42:09.9314296Z     │         ━━━━━━━━━━━━━━━━━━━━━
2026-09-24T09:42:09.9314558Z     │
2026-09-24T09:42:09.9315041Z     ╰ help: https://book.getfoundry.sh/reference/forge/forge-lint#erc20-unchecked-transfer
2026-09-24T09:42:09.9315405Z 
2026-09-24T09:42:09.9315838Z warning[erc20-unchecked-transfer]: ERC20 'transfer' and 'transferFrom' calls should check the return value
2026-09-24T09:42:09.9316794Z     ╭▸ test/unit/PoolFunding.t.sol:318:9
2026-09-24T09:42:09.9317084Z     │
2026-09-24T09:42:09.9317426Z 318 │         token.transfer(address(pool), 100 ether);
2026-09-24T09:42:09.9317995Z     │         ━━━━━━━━━━━━━━━━━━━━━━━━━━━━━━━━━━━━━━━━
2026-09-24T09:42:09.9318309Z     │
2026-09-24T09:42:09.9318786Z     ╰ help: https://book.getfoundry.sh/reference/forge/forge-lint#erc20-unchecked-transfer
2026-09-24T09:42:09.9319146Z 
2026-09-24T09:42:09.9319575Z warning[erc20-unchecked-transfer]: ERC20 'transfer' and 'transferFrom' calls should check the return value
2026-09-24T09:42:09.9320168Z     ╭▸ test/unit/PoolFunding.t.sol:400:9
2026-09-24T09:42:09.9320458Z     │
2026-09-24T09:42:09.9320734Z 400 │         pool.transfer(BOB, 1);
2026-09-24T09:42:09.9321073Z     │         ━━━━━━━━━━━━━━━━━━━━━
2026-09-24T09:42:09.9321325Z     │
2026-09-24T09:42:09.9321798Z     ╰ help: https://book.getfoundry.sh/reference/forge/forge-lint#erc20-unchecked-transfer
2026-09-24T09:42:09.9322146Z 
2026-09-24T09:42:09.9322573Z warning[erc20-unchecked-transfer]: ERC20 'transfer' and 'transferFrom' calls should check the return value
2026-09-24T09:42:09.9323157Z     ╭▸ test/unit/PoolFunding.t.sol:405:9
2026-09-24T09:42:09.9323432Z     │
2026-09-24T09:42:09.9323755Z 405 │         pool.transferFrom(ALICE, BOB, 1);
2026-09-24T09:42:09.9324145Z     │         ━━━━━━━━━━━━━━━━━━━━━━━━━━━━━━━━
2026-09-24T09:42:09.9324422Z     │
2026-09-24T09:42:09.9324890Z     ╰ help: https://book.getfoundry.sh/reference/forge/forge-lint#erc20-unchecked-transfer
2026-09-24T09:42:09.9325290Z 
2026-09-24T09:42:09.9325602Z warning[unsafe-typecast]: typecasts that can truncate values should be checked
2026-09-24T09:42:09.9326105Z     ╭▸ test/unit/PoolFunding.t.sol:469:36
2026-09-24T09:42:09.9326753Z     │
2026-09-24T09:42:09.9327154Z 469 │             _deposit(pool, address(uint160(0x10000 + i)), 1);
2026-09-24T09:42:09.9327614Z     │                                    ━━━━━━━━━━━━━━━━━━━━
2026-09-24T09:42:09.9327917Z     │
2026-09-24T09:42:09.9328313Z     ├ note: consider disabling this lint if you're certain the cast is safe
2026-09-24T09:42:09.9328721Z     │       
2026-09-24T09:42:09.9329069Z     │       // casting to 'uint160' is safe because [explain why]
2026-09-24T09:42:09.9329562Z     │       // forge-lint: disable-next-line(unsafe-typecast)
2026-09-24T09:42:09.9329904Z     │       
2026-09-24T09:42:09.9330125Z     │       
2026-09-24T09:42:09.9330565Z     ╰ help: https://book.getfoundry.sh/reference/forge/forge-lint#unsafe-typecast
2026-09-24T09:42:09.9330895Z 
2026-09-24T09:42:09.9331201Z warning[unsafe-typecast]: typecasts that can truncate values should be checked
2026-09-24T09:42:09.9331884Z     ╭▸ test/unit/PoolFunding.t.sol:480:37
2026-09-24T09:42:09.9332170Z     │
2026-09-24T09:42:09.9332543Z 480 │             address actor = address(uint160(0x10000 + i));
2026-09-24T09:42:09.9332990Z     │                                     ━━━━━━━━━━━━━━━━━━━━
2026-09-24T09:42:09.9333288Z     │
2026-09-24T09:42:09.9333683Z     ├ note: consider disabling this lint if you're certain the cast is safe
2026-09-24T09:42:09.9334083Z     │       
2026-09-24T09:42:09.9334427Z     │       // casting to 'uint160' is safe because [explain why]
2026-09-24T09:42:09.9335050Z     │       // forge-lint: disable-next-line(unsafe-typecast)
2026-09-24T09:42:09.9335403Z     │       
2026-09-24T09:42:09.9335616Z     │       
2026-09-24T09:42:09.9336066Z     ╰ help: https://book.getfoundry.sh/reference/forge/forge-lint#unsafe-typecast
2026-09-24T09:42:09.9336721Z 
2026-09-24T09:42:09.9337135Z warning[block-timestamp]: usage of `block.timestamp` in a comparison may be manipulated by validators
2026-09-24T09:42:09.9337726Z     ╭▸ src/PoolVault.sol:134:17
2026-09-24T09:42:09.9337981Z     │
2026-09-24T09:42:09.9338514Z 134 │             if (block.timestamp < s.params.purchaseDeadline) revert DeadlineNotReached();
2026-09-24T09:42:09.9339104Z     │                 ━━━━━━━━━━━━━━━━━━━━━━━━━━━━━━━━━━━━━━━━━━━
2026-09-24T09:42:09.9339424Z     │
2026-09-24T09:42:09.9339866Z     ╰ help: https://book.getfoundry.sh/reference/forge/forge-lint#block-timestamp
2026-09-24T09:42:09.9340199Z 
2026-09-24T09:42:09.9340603Z warning[block-timestamp]: usage of `block.timestamp` in a comparison may be manipulated by validators
2026-09-24T09:42:09.9341165Z     ╭▸ src/PoolVault.sol:213:13
2026-09-24T09:42:09.9341432Z     │
2026-09-24T09:42:09.9341927Z 213 │         if (block.timestamp >= s.params.purchaseDeadline) revert DeadlinePassed();
2026-09-24T09:42:09.9342493Z     │             ━━━━━━━━━━━━━━━━━━━━━━━━━━━━━━━━━━━━━━━━━━━━
2026-09-24T09:42:09.9342811Z     │
2026-09-24T09:42:09.9343237Z     ╰ help: https://book.getfoundry.sh/reference/forge/forge-lint#block-timestamp
2026-09-24T09:42:09.9343561Z 
2026-09-24T09:42:09.9343871Z warning[unsafe-typecast]: typecasts that can truncate values should be checked
2026-09-24T09:42:09.9344343Z     ╭▸ src/PoolVault.sol:125:43
2026-09-24T09:42:09.9344605Z     │
2026-09-24T09:42:09.9345014Z 125 │         emit DepositWithdrawn(msg.sender, uint8(shares), amount);
2026-09-24T09:42:09.9345506Z     │                                           ━━━━━━━━━━━━━
2026-09-24T09:42:09.9345804Z     │
2026-09-24T09:42:09.9346469Z     ├ note: consider disabling this lint if you're certain the cast is safe
2026-09-24T09:42:09.9346922Z     │       
2026-09-24T09:42:09.9347275Z     │       // casting to 'uint8' is safe because [explain why]
2026-09-24T09:42:09.9347747Z     │       // forge-lint: disable-next-line(unsafe-typecast)
2026-09-24T09:42:09.9348097Z     │       
2026-09-24T09:42:09.9348313Z     │       
2026-09-24T09:42:09.9348774Z     ╰ help: https://book.getfoundry.sh/reference/forge/forge-lint#unsafe-typecast
2026-09-24T09:42:09.9349097Z 
2026-09-24T09:42:09.9349103Z 
2026-09-24T09:42:09.9349273Z Running forge-test at BSC block 123728000...
2026-09-24T09:42:11.3406970Z No files changed, compilation skipped
2026-09-24T09:42:11.3407469Z 
2026-09-24T09:42:11.3407972Z Ran 8 tests for test/fork/ProtocolProbe.t.sol:ProtocolProbe
2026-09-24T09:42:11.3409557Z [PASS] test_ProbeWhitelistRejectsUnknownSelectorAndStranger() (gas: 24757)
2026-09-24T09:42:11.3410794Z [PASS] test_Q3_ActiveMinerContinuesAndClaimsToContractAfterTransfer() (gas: 252906)
2026-09-24T09:42:11.3411605Z Logs:
2026-09-24T09:42:11.3412084Z   pending before transfer (BEM atoms): 342456
2026-09-24T09:42:11.3412653Z   initial actual claim (BEM atoms): 342827
2026-09-24T09:42:11.3413314Z   pending after 3600 seconds and global update (BEM atoms): 39272
2026-09-24T09:42:11.3414107Z   NEW rewards claimed to contract (BEM atoms): 39272
2026-09-24T09:42:11.3414477Z 
2026-09-24T09:42:11.3415633Z [PASS] test_Q6_BareMarketSaleDoesNotForceFinalClaim() (gas: 350468)
2026-09-24T09:42:11.3416612Z Logs:
2026-09-24T09:42:11.3417180Z   unsettled BEM taken by new market owner: 342827
2026-09-24T09:42:11.3417637Z 
2026-09-24T09:42:11.3418165Z [PASS] test_Q6_BuyerClaimsSellerThenBuysAtomically() (gas: 342834)
2026-09-24T09:42:11.3418865Z Logs:
2026-09-24T09:42:11.3419348Z   pre-purchase pending view: 342456
2026-09-24T09:42:11.3419976Z   actual BEM paid to seller before purchase: 342827
2026-09-24T09:42:11.3420402Z 
2026-09-24T09:42:11.3420956Z [PASS] test_Q6_ClaimFailurePreventsControlledTransfer() (gas: 89945)
2026-09-24T09:42:11.3422229Z [PASS] test_Q6_ControlledSaleSettlesBeforeTransfer() (gas: 253559)
2026-09-24T09:42:11.3422964Z Logs:
2026-09-24T09:42:11.3423488Z   final BEM retained for previous holder: 382099
2026-09-24T09:42:11.3423911Z 
2026-09-24T09:42:11.3424363Z [PASS] test_Q6_FailedBuyRollsBackPriorClaim() (gas: 365790)
2026-09-24T09:42:11.3425291Z [PASS] test_Q7_ConsecutiveZeroPendingClaim() (gas: 179209)
2026-09-24T09:42:11.3426601Z Suite result: ok. 8 passed; 0 failed; 0 skipped; finished in 23.75ms (11.78ms CPU time)
2026-09-24T09:42:11.3427258Z 
2026-09-24T09:42:11.3427798Z Ran 5 tests for test/fork/TokenSwapProbe.t.sol:TokenSwapProbeTest
2026-09-24T09:42:11.3428826Z [PASS] test_Q8_MintOnlyImmutableMiningMinterAndCap() (gas: 71677)
2026-09-24T09:42:11.3429495Z Logs:
2026-09-24T09:42:11.3430115Z   Q8 sole immutable minter: 0x7E2E0DC66a3bD9103E69b766afA62d9f7b697b46
2026-09-24T09:42:11.3432322Z   Q8 original totalSupply (BEM raw, 8 decimals): 22572656921338
2026-09-24T09:42:11.3433213Z   Q8 MAX_SUPPLY (BEM raw, 8 decimals): 2100000000000000
2026-09-24T09:42:11.3433604Z 
2026-09-24T09:42:11.3434027Z [PASS] test_Q9_BemToNativeBnbWithMinOutAndUnwrap() (gas: 176510)
2026-09-24T09:42:11.3434586Z Logs:
2026-09-24T09:42:11.3434948Z   Q9 SELL BEM raw -> native BNB wei
2026-09-24T09:42:11.3435374Z   input raw: 1000000
2026-09-24T09:42:11.3435985Z   instantaneous spot output, excluding fee and impact: 816053242925108
2026-09-24T09:42:11.3437008Z   spot output after nominal 1% pool fee: 807892710495856
2026-09-24T09:42:11.3437602Z   minimum output raw: 799813783390897
2026-09-24T09:42:11.3438055Z   actual output raw: 807891677110236
2026-09-24T09:42:11.3438512Z   nominal pool fee ppm: 10000
2026-09-24T09:42:11.3439177Z   price impact plus rounding ppb vs fee-adjusted spot (rounded down): 1279
2026-09-24T09:42:11.3439679Z 
2026-09-24T09:42:11.3440045Z [PASS] test_Q9_BnbToBemWithMinOutAndRefund() (gas: 160980)
2026-09-24T09:42:11.3440566Z Logs:
2026-09-24T09:42:11.3440945Z   Q9 BUY BNB wei -> BEM raw (8 decimals)
2026-09-24T09:42:11.3441404Z   input raw: 1000000000000000
2026-09-24T09:42:11.3442008Z   instantaneous spot output, excluding fee and impact: 1225410
2026-09-24T09:42:11.3442761Z   spot output after nominal 1% pool fee: 1213155
2026-09-24T09:42:11.3443313Z   minimum output raw: 1201023
2026-09-24T09:42:11.3443762Z   actual output raw: 1213154
2026-09-24T09:42:11.3444199Z   nominal pool fee ppm: 10000
2026-09-24T09:42:11.3444933Z   price impact plus rounding ppb vs fee-adjusted spot (rounded down): 824
2026-09-24T09:42:11.3445447Z 
2026-09-24T09:42:11.3445956Z [PASS] test_Q9_ExcessiveMinOutRevertsWithoutTakingBnb() (gas: 136401)
2026-09-24T09:42:11.3447046Z [PASS] test_Q9_PoolAndRouterIdentity() (gas: 19363)
2026-09-24T09:42:11.3448065Z Suite result: ok. 5 passed; 0 failed; 0 skipped; finished in 37.33ms (4.44ms CPU time)
2026-09-24T09:42:11.3448660Z 
2026-09-24T09:42:11.3449073Z Ran 5 tests for test/fork/MarketProbe.t.sol:MarketProbeTest
2026-09-24T09:42:11.3450148Z [PASS] test_Q4_MarketBuyerPaysListedPriceAndSellerBearsOnePercent() (gas: 274063)
2026-09-24T09:42:11.3451007Z Logs:
2026-09-24T09:42:11.3451463Z   seller BNB delta: 990000000000000000
2026-09-24T09:42:11.3451956Z   seller owed delta: 0
2026-09-24T09:42:11.3452360Z   protocol BNB delta: 0
2026-09-24T09:42:11.3452846Z   protocol owed delta: 10000000000000000
2026-09-24T09:42:11.3453163Z   market BNB delta: 10000000000000000
2026-09-24T09:42:11.3453540Z 
2026-09-24T09:42:11.3453836Z [PASS] test_Q4_MarketRejectsUnderpaymentAndFeeAddedOnTop() (gas: 616586)
2026-09-24T09:42:11.3454922Z [PASS] test_Q5_ContractSellerReceivesBnbDirectlyAndHasNothingToWithdraw() (gas: 553156)
2026-09-24T09:42:11.3455757Z Logs:
2026-09-24T09:42:11.3457599Z   contract seller BNB after buy: 990000000000000000
2026-09-24T09:42:11.3458309Z   contract seller owed after buy: 0
2026-09-24T09:42:11.3458904Z   contract seller receive callbacks: 1
2026-09-24T09:42:11.3459546Z   market BNB delta after buy: 10000000000000000
2026-09-24T09:42:11.3459946Z 
2026-09-24T09:42:11.3460417Z [PASS] test_Q5_ProtocolFeeUsesOwedAndWithdraw() (gas: 553104)
2026-09-24T09:42:11.3461774Z [PASS] test_Q5_RejectingSellerRevertsTradeInsteadOfCreatingOwed() (gas: 617959)
2026-09-24T09:42:11.3463064Z Suite result: ok. 5 passed; 0 failed; 0 skipped; finished in 66.65ms (9.31ms CPU time)
2026-09-24T09:42:11.3463716Z 
2026-09-24T09:42:11.3464223Z Ran 10 tests for test/fork/MiningStartProbe.t.sol:MiningStartProbe
2026-09-24T09:42:11.3465305Z [PASS] test_Q1_contractHolderArmStartStop_realProofs() (gas: 1798924)
2026-09-24T09:42:11.3466579Z [PASS] test_Q1_strangerArmStartStopRevert() (gas: 1866686)
2026-09-24T09:42:11.3467730Z [PASS] test_Q2_invalidMerkleProofRejectedThenValidProofAccepted() (gas: 2543590)
2026-09-24T09:42:11.3468942Z [PASS] test_Q2_startAfterSixtyFourBlocksReverts() (gas: 1036513)
2026-09-24T09:42:11.3469917Z [PASS] test_Q2_startAtElevenBlocks_realProofs() (gas: 1768359)
2026-09-24T09:42:11.3470839Z [PASS] test_Q2_startAtSixtyFourBlocks_realProofs() (gas: 1768336)
2026-09-24T09:42:11.3471666Z [PASS] test_Q2_startAtTenBlocks_realProofs() (gas: 1768403)
2026-09-24T09:42:11.3472562Z [PASS] test_Q2_startInArmBlockReverts() (gas: 1036015)
2026-09-24T09:42:11.3473619Z [PASS] test_Q2_stopCooldownDoesNotExpireByTimestampAlone() (gas: 1001382)
2026-09-24T09:42:11.3474906Z [PASS] test_Q2_stopCooldownRequiresMoreThan1200Blocks_notSeconds() (gas: 3839728)
2026-09-24T09:42:11.3476498Z Suite result: ok. 10 passed; 0 failed; 0 skipped; finished in 88.40ms (98.93ms CPU time)
2026-09-24T09:42:11.3477158Z 
2026-09-24T09:42:11.3477676Z Ran 3 tests for test/fork/PoolPurchaseFork.t.sol:PoolPurchaseForkTest
2026-09-24T09:42:11.3479033Z [PASS] test_Fork_ProductionDirectPurchaseSettlesSellerAndCreditsPullProceeds() (gas: 1773295)
2026-09-24T09:42:11.3479957Z Logs:
2026-09-24T09:42:11.3480482Z   production direct purchase cost (wei): 10000000000000000
2026-09-24T09:42:11.3481214Z   seller BEM settled before direct transfer (atoms): 342827
2026-09-24T09:42:11.3481623Z 
2026-09-24T09:42:11.3482363Z [PASS] test_Fork_ProductionMarketPurchaseSettlesSellerThenDeliversAndKeepsMining() (gas: 1873258)
2026-09-24T09:42:11.3483194Z Logs:
2026-09-24T09:42:11.3483806Z   production market purchase cost (wei): 10000000000000000
2026-09-24T09:42:11.3484717Z   seller BEM settled before market transfer (atoms): 342827
2026-09-24T09:42:11.3485527Z   Vault new BEM after 3600 seconds (atoms): 39272
2026-09-24T09:42:11.3485949Z 
2026-09-24T09:42:11.3487018Z [PASS] test_Fork_RealMarketPurchaseRetainsOnlyExplicitSurplusRemainder() (gas: 1768113)
2026-09-24T09:42:11.3487934Z Suite result: ok. 3 passed; 0 failed; 0 skipped; finished in 526.14ms (1.01s CPU time)
2026-09-24T09:42:11.3488277Z 
2026-09-24T09:42:11.3488674Z Ran 5 test suites in 577.97ms (742.27ms CPU time): 31 tests passed, 0 failed, 0 skipped (31 total tests)
2026-09-24T09:42:11.3489072Z 
2026-09-24T09:42:11.3489355Z Fork evidence saved in /home/runner/work/_temp/t1b-fork-35982671054-1
2026-09-24T09:42:11.3567322Z ##[group]Run actions/upload-artifact@v4
2026-09-24T09:42:11.3567638Z with:
2026-09-24T09:42:11.3567866Z   name: t1b-fork-evidence-35982671054-1
2026-09-24T09:42:11.3568218Z   path: /home/runner/work/_temp/t1b-fork-35982671054-1/
2026-09-24T09:42:11.3568550Z   if-no-files-found: warn
2026-09-24T09:42:11.3568805Z   compression-level: 6
2026-09-24T09:42:11.3569034Z   overwrite: false
2026-09-24T09:42:11.3569262Z   include-hidden-files: false
2026-09-24T09:42:11.3569514Z env:
2026-09-24T09:42:11.3569885Z   FOUNDRY_PROFILE: ci
2026-09-24T09:42:11.3570106Z   VALIDATION_TASK: T1b
2026-09-24T09:42:11.3570406Z   BSC_RPC_URL: https://bsc-mainnet.public.blastapi.io
2026-09-24T09:42:11.3570744Z   FORK_BLOCK: 123728000
2026-09-24T09:42:11.3570966Z ##[endgroup]
2026-09-24T09:42:11.5280073Z (node:2584) [DEP0040] DeprecationWarning: The `punycode` module is deprecated. Please use a userland alternative instead.
2026-09-24T09:42:11.5281078Z (Use `node --trace-deprecation ...` to show where the warning was created)
2026-09-24T09:42:11.5358953Z With the provided path, there will be 6 files uploaded
2026-09-24T09:42:11.5366946Z Artifact name is valid!
2026-09-24T09:42:11.5368107Z Root directory input is valid!
2026-09-24T09:42:11.7435661Z Beginning upload of artifact content to blob storage
2026-09-24T09:42:11.7843698Z (node:2584) [DEP0169] DeprecationWarning: `url.parse()` behavior is not standardized and prone to errors that have security implications. Use the WHATWG URL API instead. CVEs are not issued for `url.parse()` vulnerabilities.
2026-09-24T09:42:11.8273452Z Uploaded bytes 7150
2026-09-24T09:42:11.8453799Z Finished uploading artifact content to blob storage!
2026-09-24T09:42:11.8455153Z SHA256 digest of uploaded artifact zip is 28d397a36024e3b5c7f05e91f50e28bf4812ce17b51999855dcc99db66991c11
2026-09-24T09:42:11.8456730Z Finalizing artifact upload
2026-09-24T09:42:12.0917845Z Artifact t1b-fork-evidence-35982671054-1.zip successfully finalized. Artifact ID 10800444818
2026-09-24T09:42:12.0935853Z Artifact t1b-fork-evidence-35982671054-1 has been successfully uploaded! Final size is 7150 bytes. Artifact ID is 10800444818
2026-09-24T09:42:12.0938220Z Artifact download URL: https://github.com/jianfengliao774-sketch/pinkuang/actions/runs/35982671054/artifacts/10800444818
2026-09-24T09:42:12.1105982Z Post job cleanup.
2026-09-24T09:42:12.2564737Z [command]/usr/bin/tar --posix -cf cache.tzst --exclude cache.tzst -P -C /home/runner/work/pinkuang/pinkuang --files-from manifest.txt --use-compress-program zstdmt
2026-09-24T09:42:12.4305107Z Sent 106953 of 106953 (100.0%), 1.2 MBs/sec
2026-09-24T09:42:12.5308477Z Cache saved with the key: linux-foundry-chain-fork-fork-75a5ca8ca38db965c417310acce870d4742adc12
2026-09-24T09:42:12.5426583Z Post job cleanup.
2026-09-24T09:42:12.6700107Z (node:2616) [DEP0040] DeprecationWarning: The `punycode` module is deprecated. Please use a userland alternative instead.
2026-09-24T09:42:12.6701707Z (Use `node --trace-deprecation ...` to show where the warning was created)
2026-09-24T09:42:12.6705036Z Cache hit occurred on the primary key node-cache-Linux-x64-npm-7afb701bfe877516a300825394b81f4b295c2ecbebcae6d67eed11568a9d5798, not saving cache.
2026-09-24T09:42:12.6837993Z Post job cleanup.
2026-09-24T09:42:12.7717423Z [command]/usr/bin/git version
2026-09-24T09:42:12.7762197Z git version 2.55.0
2026-09-24T09:42:12.7809802Z Temporarily overriding HOME='/home/runner/work/_temp/73fe7429-7a6b-406d-a8de-fac0fd87f952' before making global git config changes
2026-09-24T09:42:12.7811458Z Adding repository directory to the temporary git global config as a safe directory
2026-09-24T09:42:12.7816054Z [command]/usr/bin/git config --global --add safe.directory /home/runner/work/pinkuang/pinkuang
2026-09-24T09:42:12.7860920Z [command]/usr/bin/git config --local --name-only --get-regexp core\.sshCommand
2026-09-24T09:42:12.7897460Z [command]/usr/bin/git submodule foreach --recursive sh -c "git config --local --name-only --get-regexp 'core\.sshCommand' && git config --local --unset-all 'core.sshCommand' || :"
2026-09-24T09:42:12.8163112Z [command]/usr/bin/git config --local --name-only --get-regexp http\.https\:\/\/github\.com\/\.extraheader
2026-09-24T09:42:12.8186672Z http.https://github.com/.extraheader
2026-09-24T09:42:12.8199081Z [command]/usr/bin/git config --local --unset-all http.https://github.com/.extraheader
2026-09-24T09:42:12.8236527Z [command]/usr/bin/git submodule foreach --recursive sh -c "git config --local --name-only --get-regexp 'http\.https\:\/\/github\.com\/\.extraheader' && git config --local --unset-all 'http.https://github.com/.extraheader' || :"
2026-09-24T09:42:12.8504343Z [command]/usr/bin/git config --local --name-only --get-regexp ^includeIf\.gitdir:
2026-09-24T09:42:12.8547633Z [command]/usr/bin/git submodule foreach --recursive git config --local --show-origin --name-only --get-regexp remote.origin.url
2026-09-24T09:42:12.8938445Z Cleaning up orphan processes
2026-09-24T09:42:12.9362634Z ##[warning]Node.js 20 is deprecated. The following actions target Node.js 20 but are being forced to run on Node.js 24: actions/checkout@v4, actions/setup-node@v4, actions/upload-artifact@v4. For more information see: https://github.blog/changelog/2025-09-19-deprecation-of-node-20-on-github-actions-runners/

