✔ publication state survives restart, preserves attempted bytes and rejects another deployment (9.802757ms)
✔ API-owned publication lock excludes another worker and reuses the same private inode after release (8.836322ms)
✔ prepared records do not reserve asks; armed unknown sends survive restart and bind to the current proposal (35.334042ms)
✔ public publication status is bounded, identity-specific and does not turn stale data into freshness (15.237613ms)
✔ the real finalized journal deletion releases the buyer gate while its immutable result stays archived (12.740591ms)
✔ native publisher sends only exact official typed bytes after durable state and final buyer-intent gates (33.350476ms)
✔ legacy capability and inactive native authorization never contact the publication API (6.085503ms)
✔ expired native listings are marked expired without posting or pretending the pool closed (1.451686ms)
✔ an existing unresolved site purchase blocks lookup and publication, including unknown hashes (2.988201ms)
✔ a purchase armed during the official GET blocks the subsequent POST (3.540221ms)
✔ a purchase armed during the last authorization RPC blocks the subsequent POST (4.9589ms)
✔ sale completion or reauthorization during lookup prevents publication of old bytes (11.794964ms)
✔ wrong chain, unapproved graph or a mismatched contract hash never produces a POST (9.52193ms)
✔ an exact indexed open ask is reconciled without any POST while a pending approval stays unconfirmed (9.868406ms)
✔ terminal Firsto API hints never close the pool or republish its current nonce (4.155168ms)
✔ an ambiguous POST survives restart and only reconciles the exact original ask (12.572662ms)
✔ a rejected signature or mismatched acknowledgement cannot be reported as published or retried blindly (15.795941ms)
✔ an API pending approval acknowledgement is held as pending and not called an open listing (7.227147ms)
✔ an open POST acknowledgement becomes publicly published only after the exact ask appears in the official book (9.200797ms)
✔ transport timeouts, HTML, redirects and oversized replies are bounded and never blindly retried (49.460827ms)
✔ a conflicting ask on the same nonce is held while a newly authorized relisting nonce is independent (12.292738ms)
✔ overlapping ticks are coalesced and independent timer shutdown waits without scheduling new work (20.769222ms)
✔ native getter is read-only and returns the exact ABI tuple, with no signer access (7.922668ms)
✔ configuration defaults off and only permits the fixed official API and isolated state paths (0.465687ms)
✔ API-owned publisher uses its existing private DB and never opens signer state or needs signer credentials (7.199484ms)
✔ API-owned publication is not blocked by a hashless preparation without signing permission (6.357737ms)
✔ durable budget queue supports creating, created, buying, completed without erasing creation proof (19.850026ms)
✔ new product HTTP instance blocks deployment and activation before any wallet session (452.913699ms)
✔ fresh display traffic reuses one readiness check; explicit operational permission still checks again (418.148556ms)
✔ fresh product stays closed without explicit isolated-process configuration (2.464659ms)
✔ fresh graph+two worker processes+canonical fresh index admit only the exact release (5.721996ms)
✔ index ahead of the pinned graph still rejects and exposes only fixed predicate facts (1.636204ms)
✔ prepared index remains before the pinned graph while the index advances and machine proof starts afterward (2.802267ms)
✔ prepared product readiness still rejects wrongIdentity (1.397201ms)
✔ prepared product readiness still rejects futureIndex (1.190814ms)
✔ prepared product readiness still rejects failedMachine (1.080572ms)
✔ prepared product readiness still rejects reorg (1.097521ms)
✔ prepared index waits only for a valid refreshing snapshot and defers all graph and machine work (151.384466ms)
✔ persistent index refresh expires one total five-second budget without starting machine proof (5006.969377ms)
✔ index preparation rejects wrongChain immediately without retrying or reading machine status (1.230765ms)
✔ index preparation rejects wrongGraph immediately without retrying or reading machine status (0.788027ms)
✔ index preparation rejects stale immediately without retrying or reading machine status (0.943779ms)
✔ index preparation rejects hardFailure immediately without retrying or reading machine status (1.021842ms)
✔ index preparation rejects malformedHeight immediately without retrying or reading machine status (0.645671ms)
✔ index preparation rejects badHash immediately without retrying or reading machine status (0.709115ms)
✔ a prepared index cannot outlive its strict ninety-second freshness window (1.38059ms)
✔ index preparation never retries HTTP errors, malformed JSON or a missing source (2.7817ms)
✔ native index Fetch body is consumed before a machine proof longer than the five-second timeout (5403.187317ms)
✔ native index Fetch still rejects a body that arrives after its own five-second timeout (5002.887393ms)
✔ a promptly consumed native index response cannot conceal a machine proof failure (2.7137ms)
✔ installed product configuration defaults to its own source and accepts only an explicit lowercase machine pin (13.140809ms)
✔ an explicit machine release pin allows a product-only update without weakening readiness or graph checks (7.48284ms)
✔ no explicit machine pin preserves strict own-release matching and invalid pins cannot create a gate (3.193457ms)
✔ product readiness rejects oldGraph (0.615399ms)
✔ product readiness rejects wrongManifest (0.545355ms)
✔ product readiness rejects wrongHash (0.92734ms)
✔ product readiness rejects partialIndex (0.837909ms)
✔ product readiness rejects staleIndex (0.693446ms)
✔ product readiness rejects wrongBudget (0.642459ms)
✔ product readiness rejects behindIndex (0.707037ms)
✔ product readiness rejects wrongSource (0.694642ms)
✔ product readiness rejects attestationOnly (0.662772ms)
✔ product readiness rejects oldHeartbeat (0.718809ms)
✔ product readiness rejects missingWorker (0.712748ms)
✔ product readiness rejects notDrained (0.672402ms)
✔ old graph or extra Factory cannot become fresh via a feature flag (0.487368ms)
✔ worker heartbeat rejects wrongPID (0.616549ms)
✔ worker heartbeat rejects wrongInvocation (0.451776ms)
✔ worker heartbeat rejects stale (0.416141ms)
✔ worker heartbeat rejects future (0.361677ms)
✔ worker heartbeat rejects wrongRelease (0.367039ms)
✔ worker heartbeat rejects dryRun (0.373674ms)
✔ machine readiness validates live systemd identity, full graph and each heartbeat block (1.907308ms)
✔ root drain rejects enabled old service and noncanonical/incorrect-status terminal receipt (0.823649ms)
✔ v4 own pending nonce blocks NEW signing readiness but not existing journal reconciliation (0.75ms)
✔ machine IPC uses replay-protected HMAC and never produces a wallet signature; origins remain separate (25.426897ms)
✔ fresh public relay POST requires current graph/index readiness; GET recovery remains available (17.176005ms)
✔ the shared zero-value exit list cannot admit deposits, new orders, purchases or operator calls (0.539958ms)
ℹ tests 78
ℹ suites 0
ℹ pass 78
ℹ fail 0
ℹ cancelled 0
ℹ skipped 0
ℹ todo 0
ℹ duration_ms 18025.304921
