'forge clean' running (wd: C:\Users\Administrator\AppData\Local\Temp\tapeout-check-1mEWp8\contracts)
'forge config --json' running
'forge build --build-info --skip ./test/** ./script/** --force' running (wd: C:\Users\Administrator\AppData\Local\Temp\tapeout-check-1mEWp8\contracts)
INFO:Detectors:
Detector: timestamp
PoolFactory._validateParams(IPoolVault.PoolParams) (src/PoolFactory.sol#144-156) uses timestamp for comparisons
	Dangerous comparisons:
	- params.fundingDeadline <= block.timestamp || params.purchaseDeadline <= params.fundingDeadline (src/PoolFactory.sol#151)
PoolVault.initialize(address,IPoolVault.PoolParams,address) (src/PoolVault.sol#74-89) uses timestamp for comparisons
	Dangerous comparisons:
	- params_.fundingDeadline <= block.timestamp || params_.purchaseDeadline <= params_.fundingDeadline (src/PoolVault.sol#78)
PoolVault.deposit(uint8) (src/PoolVault.sol#91-111) uses timestamp for comparisons
	Dangerous comparisons:
	- block.timestamp >= s.params.fundingDeadline (src/PoolVault.sol#95)
PoolVault.finalizeFailure() (src/PoolVault.sol#128-152) uses timestamp for comparisons
	Dangerous comparisons:
	- block.timestamp < s.params.fundingDeadline (src/PoolVault.sol#132)
	- block.timestamp < s.params.purchaseDeadline (src/PoolVault.sol#134)
PoolVault._requirePurchaseWindow() (src/PoolVault.sol#210-214) uses timestamp for comparisons
	Dangerous comparisons:
	- block.timestamp >= s.params.purchaseDeadline (src/PoolVault.sol#213)
PoolVault._update(address,address,uint256) (src/PoolVault.sol#310-324) uses timestamp for comparisons
	Dangerous comparisons:
	- previousCount != currentCount (src/PoolVault.sol#323)
PoolVault._syncMember(PoolVault.VaultStorage,address) (src/PoolVault.sol#326-348) uses timestamp for comparisons
	Dangerous comparisons:
	- currentShares != 0 && previousShares == 0 (src/PoolVault.sol#334)
	- currentShares == 0 && previousShares != 0 (src/PoolVault.sol#338)
PoolVault.getPastShares(address,uint48) (src/PoolVault.sol#350-353) uses timestamp for comparisons
	Dangerous comparisons:
	- timestamp >= clock() (src/PoolVault.sol#351)
PoolVault.getPastMemberCount(uint48) (src/PoolVault.sol#355-358) uses timestamp for comparisons
	Dangerous comparisons:
	- timestamp >= clock() (src/PoolVault.sol#356)
Reference: https://github.com/crytic/slither/wiki/Detector-Documentation#block-timestamp
INFO:Detectors:
Detector: assembly
PoolFactory._factoryStorage() (src/PoolFactory.sol#158-161) uses assembly
	- INLINE ASM (src/PoolFactory.sol#160)
PoolVault._vaultStorage() (src/PoolVault.sol#70-72) uses assembly
	- INLINE ASM (src/PoolVault.sol#71)
Reference: https://github.com/crytic/slither/wiki/Detector-Documentation#assembly-usage
INFO:Detectors:
Detector: low-level-calls
Low level call in PoolVault.withdrawBnb() (src/PoolVault.sol#159-169):
	- (success,None) = msg.sender.call{value: amount}() (src/PoolVault.sol#166)
Reference: https://github.com/crytic/slither/wiki/Detector-Documentation#low-level-calls
INFO:Detectors:
Detector: naming-convention
Function PoolVault.CLOCK_MODE() (src/PoolVault.sol#364-366) is not in mixedCase
Reference: https://github.com/crytic/slither/wiki/Detector-Documentation#conformance-to-solidity-naming-conventions
INFO:Slither:. analyzed (61 contracts with 101 detectors), 13 result(s) found
