Compiling 72 files with Solc 0.8.24
Solc 0.8.24 finished in 7.56s
Compiler run successful!

╭-----------------------------------------------------------------------------------------------------------------------------------------------------------------------------------+------------------+-------------------+--------------------+---------------------╮
| Contract                                                                                                                                                                          | Runtime Size (B) | Initcode Size (B) | Runtime Margin (B) | Initcode Margin (B) |
+=====================================================================================================================================================================================================================================================================+
| Address                                                                                                                                                                           | 85               | 135               | 24,491             | 49,017              |
|-----------------------------------------------------------------------------------------------------------------------------------------------------------------------------------+------------------+-------------------+--------------------+---------------------|
| Addresses                                                                                                                                                                         | 85               | 135               | 24,491             | 49,017              |
|-----------------------------------------------------------------------------------------------------------------------------------------------------------------------------------+------------------+-------------------+--------------------+---------------------|
| BeaconProxy                                                                                                                                                                       | 283              | 1,431             | 24,293             | 47,721              |
|-----------------------------------------------------------------------------------------------------------------------------------------------------------------------------------+------------------+-------------------+--------------------+---------------------|
| Checkpoints                                                                                                                                                                       | 85               | 135               | 24,491             | 49,017              |
|-----------------------------------------------------------------------------------------------------------------------------------------------------------------------------------+------------------+-------------------+--------------------+---------------------|
| Core                                                                                                                                                                              | 85               | 135               | 24,491             | 49,017              |
|-----------------------------------------------------------------------------------------------------------------------------------------------------------------------------------+------------------+-------------------+--------------------+---------------------|
| Defender                                                                                                                                                                          | 85               | 135               | 24,491             | 49,017              |
|-----------------------------------------------------------------------------------------------------------------------------------------------------------------------------------+------------------+-------------------+--------------------+---------------------|
| DefenderDeploy                                                                                                                                                                    | 85               | 135               | 24,491             | 49,017              |
|-----------------------------------------------------------------------------------------------------------------------------------------------------------------------------------+------------------+-------------------+--------------------+---------------------|
| ERC1967Proxy (../node_modules/@openzeppelin/contracts/proxy/ERC1967/ERC1967Proxy.sol)                                                                                             | 163              | 1,008             | 24,413             | 48,144              |
|-----------------------------------------------------------------------------------------------------------------------------------------------------------------------------------+------------------+-------------------+--------------------+---------------------|
| ERC1967Proxy (C:/Users/Administrator/AppData/Local/Temp/tapeout-t01-IGtqoj/node_modules/@openzeppelin/contracts/proxy/ERC1967/ERC1967Proxy.sol)                                   | 163              | 1,008             | 24,413             | 48,144              |
|-----------------------------------------------------------------------------------------------------------------------------------------------------------------------------------+------------------+-------------------+--------------------+---------------------|
| ERC1967Utils (../node_modules/@openzeppelin/contracts/proxy/ERC1967/ERC1967Utils.sol)                                                                                             | 85               | 135               | 24,491             | 49,017              |
|-----------------------------------------------------------------------------------------------------------------------------------------------------------------------------------+------------------+-------------------+--------------------+---------------------|
| ERC1967Utils (C:/Users/Administrator/AppData/Local/Temp/tapeout-t01-IGtqoj/node_modules/@openzeppelin/contracts/proxy/ERC1967/ERC1967Utils.sol)                                   | 85               | 135               | 24,491             | 49,017              |
|-----------------------------------------------------------------------------------------------------------------------------------------------------------------------------------+------------------+-------------------+--------------------+---------------------|
| Math                                                                                                                                                                              | 85               | 135               | 24,491             | 49,017              |
|-----------------------------------------------------------------------------------------------------------------------------------------------------------------------------------+------------------+-------------------+--------------------+---------------------|
| ProxyAdmin                                                                                                                                                                        | 1,031            | 1,276             | 23,545             | 47,876              |
|-----------------------------------------------------------------------------------------------------------------------------------------------------------------------------------+------------------+-------------------+--------------------+---------------------|
| SignedMath                                                                                                                                                                        | 85               | 135               | 24,491             | 49,017              |
|-----------------------------------------------------------------------------------------------------------------------------------------------------------------------------------+------------------+-------------------+--------------------+---------------------|
| StorageSlot                                                                                                                                                                       | 85               | 135               | 24,491             | 49,017              |
|-----------------------------------------------------------------------------------------------------------------------------------------------------------------------------------+------------------+-------------------+--------------------+---------------------|
| StringFinder                                                                                                                                                                      | 85               | 135               | 24,491             | 49,017              |
|-----------------------------------------------------------------------------------------------------------------------------------------------------------------------------------+------------------+-------------------+--------------------+---------------------|
| Strings                                                                                                                                                                           | 85               | 135               | 24,491             | 49,017              |
|-----------------------------------------------------------------------------------------------------------------------------------------------------------------------------------+------------------+-------------------+--------------------+---------------------|
| TimelockController                                                                                                                                                                | 6,536            | 7,500             | 18,040             | 41,652              |
|-----------------------------------------------------------------------------------------------------------------------------------------------------------------------------------+------------------+-------------------+--------------------+---------------------|
| TransparentUpgradeableProxy (../node_modules/@openzeppelin/contracts/proxy/transparent/TransparentUpgradeableProxy.sol)                                                           | 1,129            | 3,664             | 23,447             | 45,488              |
|-----------------------------------------------------------------------------------------------------------------------------------------------------------------------------------+------------------+-------------------+--------------------+---------------------|
| TransparentUpgradeableProxy (C:/Users/Administrator/AppData/Local/Temp/tapeout-t01-IGtqoj/node_modules/@openzeppelin/contracts/proxy/transparent/TransparentUpgradeableProxy.sol) | 1,129            | 3,664             | 23,447             | 45,488              |
|-----------------------------------------------------------------------------------------------------------------------------------------------------------------------------------+------------------+-------------------+--------------------+---------------------|
| UnsafeUpgrades                                                                                                                                                                    | 85               | 135               | 24,491             | 49,017              |
|-----------------------------------------------------------------------------------------------------------------------------------------------------------------------------------+------------------+-------------------+--------------------+---------------------|
| UpgradeableBeacon                                                                                                                                                                 | 644              | 1,057             | 23,932             | 48,095              |
|-----------------------------------------------------------------------------------------------------------------------------------------------------------------------------------+------------------+-------------------+--------------------+---------------------|
| Upgrades                                                                                                                                                                          | 85               | 135               | 24,491             | 49,017              |
|-----------------------------------------------------------------------------------------------------------------------------------------------------------------------------------+------------------+-------------------+--------------------+---------------------|
| Utils                                                                                                                                                                             | 85               | 135               | 24,491             | 49,017              |
|-----------------------------------------------------------------------------------------------------------------------------------------------------------------------------------+------------------+-------------------+--------------------+---------------------|
| Versions                                                                                                                                                                          | 85               | 135               | 24,491             | 49,017              |
╰-----------------------------------------------------------------------------------------------------------------------------------------------------------------------------------+------------------+-------------------+--------------------+---------------------╯

2026-09-24T08:34:01.591765Z  WARN evm::traces: failed to read cache file path="C:\\Users\\Administrator\\.foundry\\cache\\signatures" err=Read { source: Os { code: 3, kind: NotFound, message: "系统找不到指定的路径。" }, path: "C:\\Users\\Administrator\\.foundry\\cache\\signatures" }
