'forge clean' running (wd: C:\Users\Administrator\AppData\Local\Temp\tapeout-check-fgqHDk\contracts)
'forge config --json' running
'forge build --build-info --skip ./test/** ./script/** --force' running (wd: C:\Users\Administrator\AppData\Local\Temp\tapeout-check-fgqHDk\contracts)
INFO:Detectors:
Detector: missing-zero-check
PoolBeacon.constructor(address,address).implementation_ (src/PoolBeacon.sol#19) lacks a zero-check on :
		- OFFICIAL_FACTORY = _boundFactory(implementation_) (src/PoolBeacon.sol#23)
Reference: https://github.com/crytic/slither/wiki/Detector-Documentation#missing-zero-address-validation
INFO:Detectors:
Detector: reentrancy-benign
Reentrancy in AtomicDeployment.deploy(AtomicDeployment.Config) (src/AtomicDeployment.sol#76-115):
	External calls:
	- factory = PoolFactory(address(new ERC1967Proxy(config.factoryImplementation,))) (src/AtomicDeployment.sol#85)
	- factory.initializeDeployment(config.ownerMultisig,config.operator,config.treasury,address(timelock),address(beacon),config.marketImplementation) (src/AtomicDeployment.sol#87-94)
	State variables written after the call(s):
	- deployment = result (src/AtomicDeployment.sol#97)
Reference: https://github.com/crytic/slither/wiki/Detector-Documentation#reentrancy-vulnerabilities-3
INFO:Detectors:
Detector: reentrancy-events
Reentrancy in PurchaseValidation._settleSellerRewards(address,uint256,address,bytes32,bytes32) (src/libraries/PurchaseValidation.sol#78-99):
	External calls:
	- ITapeoutMining(MINING).claim(key) (src/libraries/PurchaseValidation.sol#84-87)
	Event emitted after the call(s):
	- RewardSettledBeforeTransfer(circuits,circuitId,seller,afterBalance - beforeBalance,tradeId) (src/libraries/PurchaseValidation.sol#98)
Reentrancy in RewardAccounting.account(PoolRewardState.RewardStorage,address,address) (src/libraries/RewardAccounting.sol#36-75):
	External calls:
	- token.safeTransfer(treasury,fee) (src/libraries/RewardAccounting.sol#67)
	- token.safeTransfer(DEAD,burned) (src/libraries/RewardAccounting.sol#68)
	Event emitted after the call(s):
	- Harvested(gross,fee,burned,net) (src/libraries/RewardAccounting.sol#74)
Reentrancy in RewardAccounting.burnExpired(PoolRewardState.RewardStorage,uint32,address) (src/libraries/RewardAccounting.sol#148-165):
	External calls:
	- IERC20(bem).safeTransfer(DEAD,amount) (src/libraries/RewardAccounting.sol#163)
	Event emitted after the call(s):
	- EpochExpiredBurned(epoch,amount) (src/libraries/RewardAccounting.sol#164)
Reentrancy in RewardAccounting.claim(PoolRewardState.RewardStorage,address,uint256,address) (src/libraries/RewardAccounting.sol#82-117):
	External calls:
	- IERC20(bem).safeTransfer(user,amount) (src/libraries/RewardAccounting.sol#115)
	Event emitted after the call(s):
	- BemClaimed(user,amount) (src/libraries/RewardAccounting.sol#116)
Reentrancy in MiningOperations.claimReward(address,uint256,bool) (src/libraries/MiningOperations.sol#60-97):
	External calls:
	- ITapeoutMining(MINING).claim(key) (src/libraries/MiningOperations.sol#75-81)
	Event emitted after the call(s):
	- MiningClaimFailed(key,reason) (src/libraries/MiningOperations.sol#80)
Reentrancy in AtomicDeployment.deploy(AtomicDeployment.Config) (src/AtomicDeployment.sol#76-115):
	External calls:
	- factory = PoolFactory(address(new ERC1967Proxy(config.factoryImplementation,))) (src/AtomicDeployment.sol#85)
	- factory.initializeDeployment(config.ownerMultisig,config.operator,config.treasury,address(timelock),address(beacon),config.marketImplementation) (src/AtomicDeployment.sol#87-94)
	Event emitted after the call(s):
	- DeploymentCompleted(result.factory,result.beacon,result.shareMarket,result.timelock,config.ownerMultisig,config.operator,config.treasury) (src/AtomicDeployment.sol#98-106)
	- ImplementationsRecorded(config.vaultImplementation,config.vaultImplementation.codehash,config.factoryImplementation,config.factoryImplementation.codehash,config.marketImplementation,config.marketImplementation.codehash) (src/AtomicDeployment.sol#107-114)
Reentrancy in BurnOperations.execute(PoolSaleState.SaleStorage,uint256,uint256) (src/libraries/BurnOperations.sol#31-98):
	External calls:
	- IWbnb(WBNB).deposit{value: amount}() (src/libraries/BurnOperations.sol#44)
	- IERC20(WBNB).forceApprove(ROUTER,amount) (src/libraries/BurnOperations.sol#48)
	- reported = IPancakeBurnRouter(ROUTER).exactInputSingle(IPancakeBurnRouter.ExactInputSingleParams(WBNB,BEM,10_000,address(this),amount,minOut,0)) (src/libraries/BurnOperations.sol#49-52)
	- IERC20(WBNB).forceApprove(ROUTER,0) (src/libraries/BurnOperations.sol#53)
	- IWbnb(WBNB).withdraw(refund) (src/libraries/BurnOperations.sol#68)
	- IERC20(BEM).safeTransfer(DEAD,burned) (src/libraries/BurnOperations.sol#93)
	External calls sending eth:
	- IWbnb(WBNB).deposit{value: amount}() (src/libraries/BurnOperations.sol#44)
	Event emitted after the call(s):
	- BurnExecuted(spent,burned) (src/libraries/BurnOperations.sol#97)
Reentrancy in SaleSettlement.handover(PoolSaleState.SaleStorage,address,uint256,uint256) (src/libraries/SaleSettlement.sol#51-64):
	External calls:
	- nft.safeTransferFrom(address(this),buyer,circuitId) (src/libraries/SaleSettlement.sol#59)
	Event emitted after the call(s):
	- SaleCompleted(s.saleProceeds,fee,0,s.saleProceeds - fee - fee) (src/libraries/SaleSettlement.sol#63)
Reentrancy in PoolFactory.initializeDeployment(address,address,address,address,address,address) (src/PoolFactory.sol#75-89):
	External calls:
	- market = address(new ERC1967Proxy(marketImplementation,abi.encodeCall(IShareMarket.initialize,(address(this),timelock_)))) (src/PoolFactory.sol#85-87)
	Event emitted after the call(s):
	- ShareMarketRegistered(market) (src/PoolFactory.sol#182)
		- _registerShareMarket(_factoryStorage(),market) (src/PoolFactory.sol#88)
Reentrancy in PoolFunds.withdraw(PoolVaultState.VaultStorage) (src/libraries/PoolFunds.sol#85-93):
	External calls:
	- (success,None) = msg.sender.call{value: amount}() (src/libraries/PoolFunds.sol#90)
	Event emitted after the call(s):
	- BnbWithdrawn(msg.sender,amount) (src/libraries/PoolFunds.sol#92)
Reference: https://github.com/crytic/slither/wiki/Detector-Documentation#reentrancy-vulnerabilities-4
INFO:Detectors:
Detector: timestamp
PoolFactory._validateParams(IPoolVault.PoolParams) (src/PoolFactory.sol#221-233) uses timestamp for comparisons
	Dangerous comparisons:
	- params.fundingDeadline <= block.timestamp || params.purchaseDeadline <= params.fundingDeadline (src/PoolFactory.sol#228)
PoolVault.initialize(address,IPoolVault.PoolParams,address) (src/PoolVault.sol#64-82) uses timestamp for comparisons
	Dangerous comparisons:
	- params_.fundingDeadline <= block.timestamp || params_.purchaseDeadline <= params_.fundingDeadline (src/PoolVault.sol#71)
PoolVault.deposit(uint8) (src/PoolVault.sol#84-104) uses timestamp for comparisons
	Dangerous comparisons:
	- block.timestamp >= s.params.fundingDeadline (src/PoolVault.sol#88)
PoolVault._requirePurchaseWindow() (src/PoolVault.sol#162-166) uses timestamp for comparisons
	Dangerous comparisons:
	- block.timestamp >= s.params.purchaseDeadline (src/PoolVault.sol#165)
PoolVault.completeSale() (src/PoolVault.sol#299-312) uses timestamp for comparisons
	Dangerous comparisons:
	- block.timestamp >= sale.expiresAt (src/PoolVault.sol#303)
PoolVault._update(address,address,uint256) (src/PoolVault.sol#541-580) uses timestamp for comparisons
	Dangerous comparisons:
	- previousCount != currentCount (src/PoolVault.sol#579)
PoolVault.getPastShares(address,uint48) (src/PoolVault.sol#582-585) uses timestamp for comparisons
	Dangerous comparisons:
	- timestamp >= clock() (src/PoolVault.sol#583)
PoolVault.getPastMemberCount(uint48) (src/PoolVault.sol#587-590) uses timestamp for comparisons
	Dangerous comparisons:
	- timestamp >= clock() (src/PoolVault.sol#588)
PoolFunds.finalizeFailure(PoolVaultState.VaultStorage) (src/libraries/PoolFunds.sol#25-46) uses timestamp for comparisons
	Dangerous comparisons:
	- block.timestamp < s.params.fundingDeadline (src/libraries/PoolFunds.sol#28)
	- block.timestamp < s.params.purchaseDeadline (src/libraries/PoolFunds.sol#30)
RewardAccounting.claim(PoolRewardState.RewardStorage,address,uint256,address) (src/libraries/RewardAccounting.sol#82-117) uses timestamp for comparisons
	Dangerous comparisons:
	- u.lastClaimAt != 0 && block.timestamp < uint256(u.lastClaimAt) + DAY (src/libraries/RewardAccounting.sol#88)
	- epoch <= current (src/libraries/RewardAccounting.sol#96)
	- slot.epoch != epoch || s.epochBurnedFlag[epoch] (src/libraries/RewardAccounting.sol#100)
RewardAccounting.claimable(PoolRewardState.RewardStorage,address,uint256) (src/libraries/RewardAccounting.sol#120-145) uses timestamp for comparisons
	Dangerous comparisons:
	- epoch <= current (src/libraries/RewardAccounting.sol#131)
	- slot.epoch == epoch (src/libraries/RewardAccounting.sol#139)
RewardAccounting.burnExpired(PoolRewardState.RewardStorage,uint32,address) (src/libraries/RewardAccounting.sol#148-165) uses timestamp for comparisons
	Dangerous comparisons:
	- epoch >= current || current - epoch <= 7 (src/libraries/RewardAccounting.sol#155)
RewardAccounting._settle(PoolRewardState.RewardStorage,address,uint256) (src/libraries/RewardAccounting.sol#167-213) uses timestamp for comparisons
	Dangerous comparisons:
	- epoch <= current (src/libraries/RewardAccounting.sol#181)
	- delta == 0 || shares == 0 || s.epochBurnedFlag[epoch] (src/libraries/RewardAccounting.sol#186)
	- slot.epoch != epoch (src/libraries/RewardAccounting.sol#190)
RewardAccounting._firstLiveEpoch(uint256) (src/libraries/RewardAccounting.sol#215-217) uses timestamp for comparisons
	Dangerous comparisons:
	- current > 7 (src/libraries/RewardAccounting.sol#216)
RewardAccounting._epochDelta(PoolRewardState.RewardStorage,uint256,uint256) (src/libraries/RewardAccounting.sol#219-232) uses timestamp for comparisons
	Dangerous comparisons:
	- right > s.acc (src/libraries/RewardAccounting.sol#226)
	- left < debtAcc (src/libraries/RewardAccounting.sol#230)
	- epoch == 0 (src/libraries/RewardAccounting.sol#229)
	- right > left (src/libraries/RewardAccounting.sol#231)
SaleGovernance.propose(PoolSaleState.SaleStorage,Checkpoints.Trace208,SaleGovernance.ProposalInput) (src/libraries/SaleGovernance.sol#52-90) uses timestamp for comparisons
	Dangerous comparisons:
	- block.timestamp < uint256(input.activatedAt) + PROPOSE_INTERVAL (src/libraries/SaleGovernance.sol#57)
	- last != 0 && block.timestamp < last + PROPOSE_INTERVAL (src/libraries/SaleGovernance.sol#62)
	- ! active.executed && block.timestamp < active.endsAt (src/libraries/SaleGovernance.sol#67)
	- snapshotTs <= input.activatedAt (src/libraries/SaleGovernance.sol#71)
SaleGovernance.vote(PoolSaleState.SaleStorage,mapping(address => Checkpoints.Trace208),uint256,bool) (src/libraries/SaleGovernance.sol#92-111) uses timestamp for comparisons
	Dangerous comparisons:
	- block.timestamp >= p.endsAt (src/libraries/SaleGovernance.sol#100)
SaleGovernance.execute(PoolSaleState.SaleStorage,uint256) (src/libraries/SaleGovernance.sol#120-131) uses timestamp for comparisons
	Dangerous comparisons:
	- block.timestamp >= p.endsAt (src/libraries/SaleGovernance.sol#123)
SaleGovernance.cancel(PoolSaleState.SaleStorage) (src/libraries/SaleGovernance.sol#134-143) uses timestamp for comparisons
	Dangerous comparisons:
	- block.timestamp < s.expiresAt (src/libraries/SaleGovernance.sol#137)
SaleSettlement.prepare(PoolSaleState.SaleStorage,address,uint256,address,uint256) (src/libraries/SaleSettlement.sol#21-49) uses timestamp for comparisons
	Dangerous comparisons:
	- block.timestamp >= s.expiresAt (src/libraries/SaleSettlement.sol#29)
Reference: https://github.com/crytic/slither/wiki/Detector-Documentation#block-timestamp
INFO:Detectors:
Detector: assembly
PoolFactory._factoryStorage() (src/PoolFactory.sol#235-238) uses assembly
	- INLINE ASM (src/PoolFactory.sol#237)
PoolRewardState._rewardStorage() (src/PoolRewardState.sol#54-58) uses assembly
	- INLINE ASM (src/PoolRewardState.sol#55-57)
PoolSaleState._saleStorage() (src/PoolSaleState.sol#50-54) uses assembly
	- INLINE ASM (src/PoolSaleState.sol#51-53)
PoolVaultState._vaultStorage() (src/PoolVaultState.sol#42-46) uses assembly
	- INLINE ASM (src/PoolVaultState.sol#43-45)
ShareMarket._marketStorage() (src/ShareMarket.sol#157-161) uses assembly
	- INLINE ASM (src/ShareMarket.sol#158-160)
MiningOperations.execute(address,uint256,bytes) (src/libraries/MiningOperations.sol#28-57) uses assembly
	- INLINE ASM (src/libraries/MiningOperations.sol#53)
Reference: https://github.com/crytic/slither/wiki/Detector-Documentation#assembly-usage
INFO:Detectors:
Detector: cyclomatic-complexity
PoolVault._update(address,address,uint256) (src/PoolVault.sol#541-580) has a high cyclomatic complexity (13).
BurnOperations.execute(PoolSaleState.SaleStorage,uint256,uint256) (src/libraries/BurnOperations.sol#31-98) has a high cyclomatic complexity (12).
MiningOperations.execute(address,uint256,bytes) (src/libraries/MiningOperations.sol#28-57) has a high cyclomatic complexity (15).
MiningOperations.claimReward(address,uint256,bool) (src/libraries/MiningOperations.sol#60-97) has a high cyclomatic complexity (17).
Reference: https://github.com/crytic/slither/wiki/Detector-Documentation#cyclomatic-complexity
INFO:Detectors:
Detector: low-level-calls
Low level call in ShareMarket.withdrawBnb() (src/ShareMarket.sol#97-106):
	- (success,None) = msg.sender.call{value: amount}() (src/ShareMarket.sol#103)
Low level call in MiningOperations.execute(address,uint256,bytes) (src/libraries/MiningOperations.sol#28-57):
	- (success,result) = MINING.call(data) (src/libraries/MiningOperations.sol#52)
Low level call in PoolFunds.withdraw(PoolVaultState.VaultStorage) (src/libraries/PoolFunds.sol#85-93):
	- (success,None) = msg.sender.call{value: amount}() (src/libraries/PoolFunds.sol#90)
Reference: https://github.com/crytic/slither/wiki/Detector-Documentation#low-level-calls
INFO:Detectors:
Detector: missing-inheritance
PoolFactory (src/PoolFactory.sol#20-239) should inherit from IShareMarketFactory (src/interfaces/IShareMarket.sol#47-51)
PoolVault (src/PoolVault.sol#27-711) should inherit from IShareMarketPool (src/interfaces/IShareMarket.sol#53-59)
Reference: https://github.com/crytic/slither/wiki/Detector-Documentation#missing-inheritance
INFO:Detectors:
Detector: naming-convention
Function IFactoryBoundVault.OFFICIAL_FACTORY() (src/AtomicDeployment.sol#11) is not in mixedCase
Function IBeaconVaultImplementation.OFFICIAL_FACTORY() (src/PoolBeacon.sol#8) is not in mixedCase
Variable PoolBeacon.OFFICIAL_FACTORY (src/PoolBeacon.sol#17) is not in mixedCase
Function PoolVault.CLOCK_MODE() (src/PoolVault.sol#596-598) is not in mixedCase
Variable PoolVault.OFFICIAL_FACTORY (src/PoolVault.sol#55) is not in mixedCase
Reference: https://github.com/crytic/slither/wiki/Detector-Documentation#conformance-to-solidity-naming-conventions
INFO:Detectors:
Detector: unindexed-event-address
Event AtomicDeployment.ImplementationsRecorded(address,bytes32,address,bytes32,address,bytes32) (src/AtomicDeployment.sol#59-66) has address parameters but no indexed parameters
Reference: https://github.com/crytic/slither/wiki/Detector-Documentation#unindexed-event-address-parameters
INFO:Slither:. analyzed (90 contracts with 101 detectors), 53 result(s) found
