Compiling 107 files with Solc 0.8.24
Solc 0.8.24 finished in 18.60s
Compiler run successful!

╭------------------------------------------------------------------------------------------------------------------------------------------------------------------------------------+------------------+-------------------+--------------------+---------------------╮
| Contract                                                                                                                                                                           | Runtime Size (B) | Initcode Size (B) | Runtime Margin (B) | Initcode Margin (B) |
+======================================================================================================================================================================================================================================================================+
| Address                                                                                                                                                                            | 85               | 135               | 24,491             | 49,017              |
|------------------------------------------------------------------------------------------------------------------------------------------------------------------------------------+------------------+-------------------+--------------------+---------------------|
| Addresses                                                                                                                                                                          | 85               | 135               | 24,491             | 49,017              |
|------------------------------------------------------------------------------------------------------------------------------------------------------------------------------------+------------------+-------------------+--------------------+---------------------|
| BeaconProxy                                                                                                                                                                        | 283              | 1,431             | 24,293             | 47,721              |
|------------------------------------------------------------------------------------------------------------------------------------------------------------------------------------+------------------+-------------------+--------------------+---------------------|
| Checkpoints                                                                                                                                                                        | 85               | 135               | 24,491             | 49,017              |
|------------------------------------------------------------------------------------------------------------------------------------------------------------------------------------+------------------+-------------------+--------------------+---------------------|
| Core                                                                                                                                                                               | 85               | 135               | 24,491             | 49,017              |
|------------------------------------------------------------------------------------------------------------------------------------------------------------------------------------+------------------+-------------------+--------------------+---------------------|
| Defender                                                                                                                                                                           | 85               | 135               | 24,491             | 49,017              |
|------------------------------------------------------------------------------------------------------------------------------------------------------------------------------------+------------------+-------------------+--------------------+---------------------|
| DefenderDeploy                                                                                                                                                                     | 85               | 135               | 24,491             | 49,017              |
|------------------------------------------------------------------------------------------------------------------------------------------------------------------------------------+------------------+-------------------+--------------------+---------------------|
| ERC1967Proxy (../node_modules/@openzeppelin/contracts/proxy/ERC1967/ERC1967Proxy.sol)                                                                                              | 163              | 1,008             | 24,413             | 48,144              |
|------------------------------------------------------------------------------------------------------------------------------------------------------------------------------------+------------------+-------------------+--------------------+---------------------|
| ERC1967Proxy (C:/Users/Administrator/AppData/Local/Temp/tapeout-fork-BtxR4b/node_modules/@openzeppelin/contracts/proxy/ERC1967/ERC1967Proxy.sol)                                   | 163              | 1,008             | 24,413             | 48,144              |
|------------------------------------------------------------------------------------------------------------------------------------------------------------------------------------+------------------+-------------------+--------------------+---------------------|
| ERC1967Utils (../node_modules/@openzeppelin/contracts/proxy/ERC1967/ERC1967Utils.sol)                                                                                              | 85               | 135               | 24,491             | 49,017              |
|------------------------------------------------------------------------------------------------------------------------------------------------------------------------------------+------------------+-------------------+--------------------+---------------------|
| ERC1967Utils (C:/Users/Administrator/AppData/Local/Temp/tapeout-fork-BtxR4b/node_modules/@openzeppelin/contracts/proxy/ERC1967/ERC1967Utils.sol)                                   | 85               | 135               | 24,491             | 49,017              |
|------------------------------------------------------------------------------------------------------------------------------------------------------------------------------------+------------------+-------------------+--------------------+---------------------|
| FundingTestToken                                                                                                                                                                   | 1,883            | 2,374             | 22,693             | 46,778              |
|------------------------------------------------------------------------------------------------------------------------------------------------------------------------------------+------------------+-------------------+--------------------+---------------------|
| InvalidVaultLayout                                                                                                                                                                 | 2,942            | 3,162             | 21,634             | 45,990              |
|------------------------------------------------------------------------------------------------------------------------------------------------------------------------------------+------------------+-------------------+--------------------+---------------------|
| MarketSellerProbe                                                                                                                                                                  | 1,481            | 1,539             | 23,095             | 47,613              |
|------------------------------------------------------------------------------------------------------------------------------------------------------------------------------------+------------------+-------------------+--------------------+---------------------|
| Math (../node_modules/@openzeppelin/contracts/utils/math/Math.sol)                                                                                                                 | 85               | 135               | 24,491             | 49,017              |
|------------------------------------------------------------------------------------------------------------------------------------------------------------------------------------+------------------+-------------------+--------------------+---------------------|
| Math (C:/Users/Administrator/AppData/Local/Temp/tapeout-fork-BtxR4b/node_modules/@openzeppelin/contracts/utils/math/Math.sol)                                                      | 85               | 135               | 24,491             | 49,017              |
|------------------------------------------------------------------------------------------------------------------------------------------------------------------------------------+------------------+-------------------+--------------------+---------------------|
| MiningStartFixtures                                                                                                                                                                | 85               | 135               | 24,491             | 49,017              |
|------------------------------------------------------------------------------------------------------------------------------------------------------------------------------------+------------------+-------------------+--------------------+---------------------|
| PoolBeacon                                                                                                                                                                         | 515              | 1,105             | 24,061             | 48,047              |
|------------------------------------------------------------------------------------------------------------------------------------------------------------------------------------+------------------+-------------------+--------------------+---------------------|
| PoolFactory                                                                                                                                                                        | 8,004            | 8,253             | 16,572             | 40,899              |
|------------------------------------------------------------------------------------------------------------------------------------------------------------------------------------+------------------+-------------------+--------------------+---------------------|
| PoolFactoryV2Fixture                                                                                                                                                               | 8,037            | 8,286             | 16,539             | 40,866              |
|------------------------------------------------------------------------------------------------------------------------------------------------------------------------------------+------------------+-------------------+--------------------+---------------------|
| PoolTimelock                                                                                                                                                                       | 6,608            | 7,519             | 17,968             | 41,633              |
|------------------------------------------------------------------------------------------------------------------------------------------------------------------------------------+------------------+-------------------+--------------------+---------------------|
| PoolVault                                                                                                                                                                          | 17,037           | 17,264            | 7,539              | 31,888              |
|------------------------------------------------------------------------------------------------------------------------------------------------------------------------------------+------------------+-------------------+--------------------+---------------------|
| PoolVaultV2Fixture                                                                                                                                                                 | 17,067           | 17,294            | 7,509              | 31,858              |
|------------------------------------------------------------------------------------------------------------------------------------------------------------------------------------+------------------+-------------------+--------------------+---------------------|
| ProbeHolder                                                                                                                                                                        | 5,646            | 6,188             | 18,930             | 42,964              |
|------------------------------------------------------------------------------------------------------------------------------------------------------------------------------------+------------------+-------------------+--------------------+---------------------|
| ProxyAdmin                                                                                                                                                                         | 1,031            | 1,276             | 23,545             | 47,876              |
|------------------------------------------------------------------------------------------------------------------------------------------------------------------------------------+------------------+-------------------+--------------------+---------------------|
| PurchaseCallbackRelay                                                                                                                                                              | 565              | 594               | 24,011             | 48,558              |
|------------------------------------------------------------------------------------------------------------------------------------------------------------------------------------+------------------+-------------------+--------------------+---------------------|
| PurchaseMockBem                                                                                                                                                                    | 1,883            | 2,353             | 22,693             | 46,799              |
|------------------------------------------------------------------------------------------------------------------------------------------------------------------------------------+------------------+-------------------+--------------------+---------------------|
| PurchaseMockMarket                                                                                                                                                                 | 2,630            | 2,659             | 21,946             | 46,493              |
|------------------------------------------------------------------------------------------------------------------------------------------------------------------------------------+------------------+-------------------+--------------------+---------------------|
| PurchaseMockMining                                                                                                                                                                 | 4,908            | 4,937             | 19,668             | 44,215              |
|------------------------------------------------------------------------------------------------------------------------------------------------------------------------------------+------------------+-------------------+--------------------+---------------------|
| PurchaseMockNft                                                                                                                                                                    | 6,179            | 6,677             | 18,397             | 42,475              |
|------------------------------------------------------------------------------------------------------------------------------------------------------------------------------------+------------------+-------------------+--------------------+---------------------|
| PurchaseRejectingSeller                                                                                                                                                            | 655              | 684               | 23,921             | 48,468              |
|------------------------------------------------------------------------------------------------------------------------------------------------------------------------------------+------------------+-------------------+--------------------+---------------------|
| ReenteringFundingRecipient                                                                                                                                                         | 558              | 696               | 24,018             | 48,456              |
|------------------------------------------------------------------------------------------------------------------------------------------------------------------------------------+------------------+-------------------+--------------------+---------------------|
| RejectingFundingRecipient                                                                                                                                                          | 278              | 409               | 24,298             | 48,743              |
|------------------------------------------------------------------------------------------------------------------------------------------------------------------------------------+------------------+-------------------+--------------------+---------------------|
| SafeCast                                                                                                                                                                           | 85               | 135               | 24,491             | 49,017              |
|------------------------------------------------------------------------------------------------------------------------------------------------------------------------------------+------------------+-------------------+--------------------+---------------------|
| SignedMath                                                                                                                                                                         | 85               | 135               | 24,491             | 49,017              |
|------------------------------------------------------------------------------------------------------------------------------------------------------------------------------------+------------------+-------------------+--------------------+---------------------|
| StorageSlot                                                                                                                                                                        | 85               | 135               | 24,491             | 49,017              |
|------------------------------------------------------------------------------------------------------------------------------------------------------------------------------------+------------------+-------------------+--------------------+---------------------|
| StringFinder                                                                                                                                                                       | 85               | 135               | 24,491             | 49,017              |
|------------------------------------------------------------------------------------------------------------------------------------------------------------------------------------+------------------+-------------------+--------------------+---------------------|
| Strings (../node_modules/@openzeppelin/contracts/utils/Strings.sol)                                                                                                                | 85               | 135               | 24,491             | 49,017              |
|------------------------------------------------------------------------------------------------------------------------------------------------------------------------------------+------------------+-------------------+--------------------+---------------------|
| Strings (C:/Users/Administrator/AppData/Local/Temp/tapeout-fork-BtxR4b/node_modules/@openzeppelin/contracts/utils/Strings.sol)                                                     | 85               | 135               | 24,491             | 49,017              |
|------------------------------------------------------------------------------------------------------------------------------------------------------------------------------------+------------------+-------------------+--------------------+---------------------|
| TimelockController                                                                                                                                                                 | 6,536            | 7,500             | 18,040             | 41,652              |
|------------------------------------------------------------------------------------------------------------------------------------------------------------------------------------+------------------+-------------------+--------------------+---------------------|
| TransparentUpgradeableProxy (../node_modules/@openzeppelin/contracts/proxy/transparent/TransparentUpgradeableProxy.sol)                                                            | 1,129            | 3,664             | 23,447             | 45,488              |
|------------------------------------------------------------------------------------------------------------------------------------------------------------------------------------+------------------+-------------------+--------------------+---------------------|
| TransparentUpgradeableProxy (C:/Users/Administrator/AppData/Local/Temp/tapeout-fork-BtxR4b/node_modules/@openzeppelin/contracts/proxy/transparent/TransparentUpgradeableProxy.sol) | 1,129            | 3,664             | 23,447             | 45,488              |
|------------------------------------------------------------------------------------------------------------------------------------------------------------------------------------+------------------+-------------------+--------------------+---------------------|
| UnsafeUpgrades                                                                                                                                                                     | 85               | 135               | 24,491             | 49,017              |
|------------------------------------------------------------------------------------------------------------------------------------------------------------------------------------+------------------+-------------------+--------------------+---------------------|
| UpgradeableBeacon                                                                                                                                                                  | 644              | 1,057             | 23,932             | 48,095              |
|------------------------------------------------------------------------------------------------------------------------------------------------------------------------------------+------------------+-------------------+--------------------+---------------------|
| Upgrades                                                                                                                                                                           | 85               | 135               | 24,491             | 49,017              |
|------------------------------------------------------------------------------------------------------------------------------------------------------------------------------------+------------------+-------------------+--------------------+---------------------|
| Utils                                                                                                                                                                              | 85               | 135               | 24,491             | 49,017              |
|------------------------------------------------------------------------------------------------------------------------------------------------------------------------------------+------------------+-------------------+--------------------+---------------------|
| Versions                                                                                                                                                                           | 85               | 135               | 24,491             | 49,017              |
╰------------------------------------------------------------------------------------------------------------------------------------------------------------------------------------+------------------+-------------------+--------------------+---------------------╯

warning[block-timestamp]: usage of `block.timestamp` in a comparison may be manipulated by validators
    ╭▸ src\PoolFactory.sol:151:13
    │
151 │         if (params.fundingDeadline <= block.timestamp || params.purchaseDeadline <= params.fundingDeadline) {
    │             ━━━━━━━━━━━━━━━━━━━━━━━━━━━━━━━━━━━━━━━━━
    │
    ╰ help: https://book.getfoundry.sh/reference/forge/forge-lint#block-timestamp

warning[unsafe-typecast]: typecasts that can truncate values should be checked
    ╭▸ test\fork\MiningStartProbe.t.sol:148:18
    │
148 │         assertEq(bytes4(reason), NOT_OWNER_ERROR);
    │                  ━━━━━━━━━━━━━━
    │
    ├ note: consider disabling this lint if you're certain the cast is safe
    │       
    │       // casting to 'bytes4' is safe because [explain why]
    │       // forge-lint: disable-next-line(unsafe-typecast)
    │       
    │       
    ╰ help: https://book.getfoundry.sh/reference/forge/forge-lint#unsafe-typecast

warning[block-timestamp]: usage of `block.timestamp` in a comparison may be manipulated by validators
   ╭▸ test\invariant\PoolFundingInvariant.t.sol:28:13
   │
28 │         if (block.timestamp >= pool.params().fundingDeadline) return;
   │             ━━━━━━━━━━━━━━━━━━━━━━━━━━━━━━━━━━━━━━━━━━━━━━━━
   │
   ╰ help: https://book.getfoundry.sh/reference/forge/forge-lint#block-timestamp

warning[block-timestamp]: usage of `block.timestamp` in a comparison may be manipulated by validators
   ╭▸ src\PoolVault.sol:78:13
   │
78 │         if (params_.fundingDeadline <= block.timestamp || params_.purchaseDeadline <= params_.fundingDeadline) {
   │             ━━━━━━━━━━━━━━━━━━━━━━━━━━━━━━━━━━━━━━━━━━
   │
   ╰ help: https://book.getfoundry.sh/reference/forge/forge-lint#block-timestamp

warning[unsafe-typecast]: typecasts that can truncate values should be checked
    ╭▸ test\utils\PurchaseMocks.sol:122:27
    │
122 │         miner.circuitId = uint64(id);
    │                           ━━━━━━━━━━
    │
    ├ note: consider disabling this lint if you're certain the cast is safe
    │       
    │       // casting to 'uint64' is safe because [explain why]
    │       // forge-lint: disable-next-line(unsafe-typecast)
    │       
    │       
    ╰ help: https://book.getfoundry.sh/reference/forge/forge-lint#unsafe-typecast

warning[block-timestamp]: usage of `block.timestamp` in a comparison may be manipulated by validators
   ╭▸ test\invariant\PoolFundingInvariant.t.sol:68:50
   │
68 │         if (state == IPoolVault.State.Funding && block.timestamp < p.fundingDeadline) return;
   │                                                  ━━━━━━━━━━━━━━━━━━━━━━━━━━━━━━━━━━━
   │
   ╰ help: https://book.getfoundry.sh/reference/forge/forge-lint#block-timestamp

warning[block-timestamp]: usage of `block.timestamp` in a comparison may be manipulated by validators
   ╭▸ test\invariant\PoolFundingInvariant.t.sol:69:49
   │
69 │         if (state == IPoolVault.State.Funded && block.timestamp < p.purchaseDeadline) return;
   │                                                 ━━━━━━━━━━━━━━━━━━━━━━━━━━━━━━━━━━━━
   │
   ╰ help: https://book.getfoundry.sh/reference/forge/forge-lint#block-timestamp

warning[unsafe-typecast]: typecasts that can truncate values should be checked
    ╭▸ test\unit\PoolPurchase.t.sol:279:47
    │
279 │         mining.setIdentity(key, address(nft), uint64(ID + 1));
    │                                               ━━━━━━━━━━━━━━
    │
    ├ note: consider disabling this lint if you're certain the cast is safe
    │       
    │       // casting to 'uint64' is safe because [explain why]
    │       // forge-lint: disable-next-line(unsafe-typecast)
    │       
    │       
    ╰ help: https://book.getfoundry.sh/reference/forge/forge-lint#unsafe-typecast

warning[block-timestamp]: usage of `block.timestamp` in a comparison may be manipulated by validators
   ╭▸ src\PoolVault.sol:95:13
   │
95 │         if (block.timestamp >= s.params.fundingDeadline) revert DeadlinePassed();
   │             ━━━━━━━━━━━━━━━━━━━━━━━━━━━━━━━━━━━━━━━━━━━
   │
   ╰ help: https://book.getfoundry.sh/reference/forge/forge-lint#block-timestamp

warning[unsafe-typecast]: typecasts that can truncate values should be checked
   ╭▸ test\invariant\PoolFundingInvariant.t.sol:22:33
   │
22 │             actors[i] = address(uint160(0x70000 + i));
   │                                 ━━━━━━━━━━━━━━━━━━━━
   │
   ├ note: consider disabling this lint if you're certain the cast is safe
   │       
   │       // casting to 'uint160' is safe because [explain why]
   │       // forge-lint: disable-next-line(unsafe-typecast)
   │       
   │       
   ╰ help: https://book.getfoundry.sh/reference/forge/forge-lint#unsafe-typecast

warning[erc20-unchecked-transfer]: ERC20 'transfer' and 'transferFrom' calls should check the return value
    ╭▸ test\unit\PoolPurchase.t.sol:594:9
    │
594 │         pool.transfer(BOB, 1);
    │         ━━━━━━━━━━━━━━━━━━━━━
    │
    ╰ help: https://book.getfoundry.sh/reference/forge/forge-lint#erc20-unchecked-transfer

warning[block-timestamp]: usage of `block.timestamp` in a comparison may be manipulated by validators
    ╭▸ src\PoolVault.sol:132:17
    │
132 │             if (block.timestamp < s.params.fundingDeadline) revert DeadlineNotReached();
    │                 ━━━━━━━━━━━━━━━━━━━━━━━━━━━━━━━━━━━━━━━━━━
    │
    ╰ help: https://book.getfoundry.sh/reference/forge/forge-lint#block-timestamp

warning[erc20-unchecked-transfer]: ERC20 'transfer' and 'transferFrom' calls should check the return value
    ╭▸ test\unit\PoolFunding.t.sol:318:9
    │
318 │         token.transfer(address(pool), 100 ether);
    │         ━━━━━━━━━━━━━━━━━━━━━━━━━━━━━━━━━━━━━━━━
    │
    ╰ help: https://book.getfoundry.sh/reference/forge/forge-lint#erc20-unchecked-transfer

warning[block-timestamp]: usage of `block.timestamp` in a comparison may be manipulated by validators
    ╭▸ src\PoolVault.sol:134:17
    │
134 │             if (block.timestamp < s.params.purchaseDeadline) revert DeadlineNotReached();
    │                 ━━━━━━━━━━━━━━━━━━━━━━━━━━━━━━━━━━━━━━━━━━━
    │
    ╰ help: https://book.getfoundry.sh/reference/forge/forge-lint#block-timestamp

warning[erc20-unchecked-transfer]: ERC20 'transfer' and 'transferFrom' calls should check the return value
    ╭▸ test\unit\PoolFunding.t.sol:400:9
    │
400 │         pool.transfer(BOB, 1);
    │         ━━━━━━━━━━━━━━━━━━━━━
    │
    ╰ help: https://book.getfoundry.sh/reference/forge/forge-lint#erc20-unchecked-transfer

warning[block-timestamp]: usage of `block.timestamp` in a comparison may be manipulated by validators
    ╭▸ src\PoolVault.sol:213:13
    │
213 │         if (block.timestamp >= s.params.purchaseDeadline) revert DeadlinePassed();
    │             ━━━━━━━━━━━━━━━━━━━━━━━━━━━━━━━━━━━━━━━━━━━━
    │
    ╰ help: https://book.getfoundry.sh/reference/forge/forge-lint#block-timestamp

warning[erc20-unchecked-transfer]: ERC20 'transfer' and 'transferFrom' calls should check the return value
    ╭▸ test\unit\PoolFunding.t.sol:405:9
    │
405 │         pool.transferFrom(ALICE, BOB, 1);
    │         ━━━━━━━━━━━━━━━━━━━━━━━━━━━━━━━━
    │
    ╰ help: https://book.getfoundry.sh/reference/forge/forge-lint#erc20-unchecked-transfer

warning[unsafe-typecast]: typecasts that can truncate values should be checked
    ╭▸ src\PoolVault.sol:125:43
    │
125 │         emit DepositWithdrawn(msg.sender, uint8(shares), amount);
    │                                           ━━━━━━━━━━━━━
    │
    ├ note: consider disabling this lint if you're certain the cast is safe
    │       
    │       // casting to 'uint8' is safe because [explain why]
    │       // forge-lint: disable-next-line(unsafe-typecast)
    │       
    │       
    ╰ help: https://book.getfoundry.sh/reference/forge/forge-lint#unsafe-typecast

warning[unsafe-typecast]: typecasts that can truncate values should be checked
    ╭▸ test\unit\PoolFunding.t.sol:469:36
    │
469 │             _deposit(pool, address(uint160(0x10000 + i)), 1);
    │                                    ━━━━━━━━━━━━━━━━━━━━
    │
    ├ note: consider disabling this lint if you're certain the cast is safe
    │       
    │       // casting to 'uint160' is safe because [explain why]
    │       // forge-lint: disable-next-line(unsafe-typecast)
    │       
    │       
    ╰ help: https://book.getfoundry.sh/reference/forge/forge-lint#unsafe-typecast

warning[unsafe-typecast]: typecasts that can truncate values should be checked
    ╭▸ test\unit\PoolFunding.t.sol:480:37
    │
480 │             address actor = address(uint160(0x10000 + i));
    │                                     ━━━━━━━━━━━━━━━━━━━━
    │
    ├ note: consider disabling this lint if you're certain the cast is safe
    │       
    │       // casting to 'uint160' is safe because [explain why]
    │       // forge-lint: disable-next-line(unsafe-typecast)
    │       
    │       
    ╰ help: https://book.getfoundry.sh/reference/forge/forge-lint#unsafe-typecast

