No files changed, compilation skipped

Ran 2 tests for test/unit/DeploymentScript.t.sol:DeploymentScriptTest
[PASS] test_scriptRejectsWrongChainBeforeDeployment() (gas: 12610629)
[PASS] test_scriptSimulatesAtomicDeploymentWithoutPrivateKey() (gas: 27162385)
Logs:
  chainId 56
  coordinator 0xa8Aad1e3ba125Dd2Ac2749B0f059823e4E8C15CE
  deployer 0x000000000000000000000000000000000000D310
  ownerMultisig 0x5615dEB798BB3E4dFa0139dFa1b3D433Cc23b72f
  operator 0x0000000000000000000000000000000000000123
  treasury 0x5615dEB798BB3E4dFa0139dFa1b3D433Cc23b72f
  timelock 0x10f79912D89Eb45A9Df871917507f2494df6EC99
  beacon 0x04DF9CeE8dCbf3FA682284AdB7CC7e5d76CE9b29
  factory 0xF396E8E0c79F3a226De10b272D88f5dab805B526
  shareMarket 0xD49a44B234fDd5e6aa2388830052a505B3d7cd91
  vaultImplementation 0x074d190812BBdEeF161Ac61E12F0856F39093a5a
  0x79018c5266f6ef32f1a119ec3a0f80a8c00c6c2d6de47113ff7af978b7cf5144
  factoryImplementation 0x744B4E42FF9b6A72bE4B54414F79e972766A1a56
  0x4df527ad79cdaa60adffe298afd82d48891cacf30414f04a1818b04ad13ce40d
  marketImplementation 0xBe54712881c6957580f8e2C4575a8511cc7ffAC8
  0x59312ee0c55456bcbd8aa5c2d104a17dfbcef59b4e0b1b68f0c969986c9ae89d

Suite result: ok. 2 passed; 0 failed; 0 skipped; finished in 3.09ms (2.08ms CPU time)

Ran 12 tests for test/unit/PoolGovernance.t.sol:PoolGovernanceTest
[PASS] test_BeaconOwnershipCannotMigrateEvenThroughTimelock() (gas: 99036)
[PASS] test_BeaconUpgradeChangesAllPoolsOnlyAfter48Hours() (gas: 6759721)
[PASS] test_CreateBothWhitelistedCircuitTypesAndDirectSale() (gas: 1094647)
[PASS] test_CreatePoolRegistryAndTreasurySnapshot() (gas: 1047821)
[PASS] test_CreateRejectsInvalidEconomicAndTimingParameters() (gas: 215507)
[PASS] test_DailyAdminDoesNotGiveOperatorOwnerPowers() (gas: 616687)
[PASS] test_FactoryUpgradeRequiresRealTimelockQueueAndPreservesRegistry() (gas: 2859750)
[PASS] test_GovernanceRolesAndNoDeployerAdmin() (gas: 77045)
[PASS] test_InitializationRejectsMissingRolesAndUnprotectedGovernance() (gas: 2258495)
[PASS] test_InitializeIsAtomicAndCannotBeRepeated() (gas: 38753)
[PASS] test_TimelockDelayCannotBeReducedBelow48Hours() (gas: 63457)
[PASS] test_TimelockProposeCancelAndPublicExecuteBoundaries() (gas: 58004)
Suite result: ok. 12 passed; 0 failed; 0 skipped; finished in 4.62ms (2.09ms CPU time)

Ran 15 tests for test/unit/AtomicDeployment.t.sol:AtomicDeploymentTest
[PASS] test_AtomicGraphIsInitializedWithCorrectRolesAndNoDeployerAuthority() (gas: 3250174)
[PASS] test_AtomicMarketUpgradeStillRequiresFull48HourTimelock() (gas: 3789921)
[PASS] test_BeaconAcceptsBoundUpgradeOnlyAfter48Hours() (gas: 7864446)
[PASS] test_BeaconRejectsWrongFactoryOrMissingBindingEvenAfterTimelock() (gas: 7384227)
[PASS] test_BootstrapMarketCannotBeReplacedByOwnerOperatorOrLaterTimelock() (gas: 2466211)
[PASS] test_DeploymentAndBothInitializersCannotBeReplayedOrTakenOver() (gas: 2437768)
[PASS] test_ImplementationsCannotBeInitializedBeforeDeployment() (gas: 28743)
[PASS] test_NoPublicProxySurvivesFailedBootstrapAndSamePredictionCanRetry() (gas: 4611015)
[PASS] test_OnlyBoundOfficialFactoryCanInitializeOfficialBeaconPool() (gas: 3241274)
[PASS] test_ProductionCoordinatorAndImplementationsFitProtocolCodeLimits() (gas: 43672)
[PASS] test_RejectsForeignFactoryBindingAndEmptyImplementation() (gas: 5016870)
[PASS] test_RejectsInvalidOwnerMultisigConfiguration() (gas: 928850)
[PASS] test_RejectsInvalidTreasuryMultisigThreshold() (gas: 483163)
[PASS] test_RejectsUnseparatedOrMissingProductionRoles() (gas: 76226)
[PASS] test_SeparateTreasuryMultisigCanUseDifferentValidThreshold() (gas: 2691941)
Suite result: ok. 15 passed; 0 failed; 0 skipped; finished in 6.21ms (4.41ms CPU time)

Ran 17 tests for test/unit/PoolMining.t.sol:PoolMiningTest
[PASS] test_armAndStartRejectOtherCollectionOrToken() (gas: 1124618)
[PASS] test_armForwardsExactDataFromVaultToFixedMining() (gas: 1189842)
[PASS] test_externalCallCannotReenterMineEvenWhenMiningIsOperator() (gas: 1402291)
[PASS] test_mineRejectsMemberOwnerAndStranger() (gas: 1060398)
[PASS] test_mineRequiresActiveInFundingFundedAndRefunding() (gas: 774693)
[PASS] test_minerIdentityChangeDuringMiningCallRollsBack() (gas: 1218036)
[PASS] test_missingOwnershipRejectsBeforeCallingMining() (gas: 1034793)
[PASS] test_operatorRotationRevokesOldAuthorityOnExistingPool() (gas: 1203137)
[PASS] test_ownerLossDuringMiningCallRollsBackProtocolMutation() (gas: 1225596)
[PASS] test_protocolCustomErrorBubblesWithoutChangingAssets() (gas: 1134973)
[PASS] test_reclaimOnlyForCurrentProjectKey() (gas: 1183824)
[PASS] test_shortPayloadAndWrongFixedLengthsRejected() (gas: 1201368)
[PASS] test_startDecodesCompleteDynamicArgumentsAndPreservesReturnData() (gas: 1575461)
[PASS] test_startMalformedDynamicOffsetsCannotReachMining() (gas: 1031807)
[PASS] test_startRejectsNoncanonicalTrailingData() (gas: 1039110)
[PASS] test_stopClaimApprovalAndArbitrarySelectorRejectedBeforeExternalCall() (gas: 1135645)
[PASS] test_wrongMinerIdentityRejectsBeforeCallingMining() (gas: 1040683)
Suite result: ok. 17 passed; 0 failed; 0 skipped; finished in 14.42ms (9.70ms CPU time)

Ran 29 tests for test/unit/PoolFunding.t.sol:PoolFundingTest
[PASS] testFuzz_paymentMustMatchExactIntegerShares(uint8,uint96) (runs: 256, μ: 57285, ~: 57350)
Logs:
  Bound result 3
  Bound result 14647270171307818334

[PASS] test_assetOwedExposesOnlyNativeBnbLiability() (gas: 344761)
[PASS] test_bnbCallbackCannotWithdrawTwice() (gas: 450044)
[PASS] test_checkpointTracksMembershipAndSameTimestampFinalState() (gas: 710990)
[PASS] test_cumulativeShareCapAndRepeatMembership() (gas: 351805)
[PASS] test_currentAndFutureCheckpointLookupsReject() (gas: 33507)
[PASS] test_depositBeforeDeadlineButRejectAtDeadlineAndAfter() (gas: 332882)
[PASS] test_depositOneAndFortyNineShares() (gas: 483015)
[PASS] test_erc20TransfersAndApprovalsCannotReplaceBnbSubscription() (gas: 584055)
[PASS] test_failedBnbTransferRestoresPullCredit() (gas: 384494)
[PASS] test_finalizeBeforeFundingDeadlineAndRepeatedFinalizeRejected() (gas: 378707)
[PASS] test_fundingTimeoutCreditsActualContributionsOnly() (gas: 551783)
[PASS] test_initialStateAndAssetBindings() (gas: 74338)
[PASS] test_nonCanonicalUint8AbiCannotMintFractionalShares() (gas: 36390)
[PASS] test_oneHundredMemberFailureHasBoundedGasAndConservesBnb() (gas: 17616927)
Logs:
  finalizeFailure 100 members gas: 2359547

[PASS] test_operatorReplacementRevokesOldAuthorityInExistingPool() (gas: 78217)
[PASS] test_overRemainingSharesRejectedThenLastShareCompletes() (gas: 839920)
[PASS] test_pauseOnlyDepositsAndDoesNotBlockWithdrawalOrFailure() (gas: 570495)
[PASS] test_pauseRequiresOperatorAndResumeRestoresDeposits() (gas: 365785)
[PASS] test_plainBnbTransferCannotSubscribe() (gas: 39962)
[PASS] test_purchaseTimeoutAndExactDeadline() (gas: 727359)
[PASS] test_redepositDoesNotOverwritePriorPullCreditOrDuplicateRefund() (gas: 509590)
[PASS] test_refundHasNoBemClaimIntervalOrExpiry() (gas: 734468)
[PASS] test_repeatedWithdrawAndNonMemberCannotTakeOthersBnb() (gas: 360758)
[PASS] test_shareTransferAndTransferFromRejectedBeforeActive() (gas: 352898)
[PASS] test_threeMembersFortyNineFortyNineTwoFundExactly() (gas: 673390)
[PASS] test_withdrawDepositAfterDeadlineBeforeFinalizationRemainsAvailable() (gas: 371359)
[PASS] test_withdrawDepositIsPullAndRemovesCurrentMember() (gas: 487320)
[PASS] test_zeroAndFiftySharesRejected() (gas: 52632)
Suite result: ok. 29 passed; 0 failed; 0 skipped; finished in 49.35ms (61.49ms CPU time)

Ran 12 tests for test/unit/AuditMiningSettlement.t.sol:AuditMiningSettlementTest
[PASS] test_activeClaimCannotLeavePendingDebt() (gas: 213630)
[PASS] test_activeClaimFailureStillRejectsEvenWithZeroPending() (gas: 698688)
[PASS] test_activeClaimStillRequiresPendingPaidToCurrentVault() (gas: 234226)
[PASS] test_mockClaimRejectsEveryNonMiningStatusWithRealSelector() (gas: 28771)
[PASS] test_nonMiningOutstandingPendingFailsClosedForTransferAndSale() (gas: 709721)
[PASS] test_ordinaryInactiveHarvestEmitsFailureAndOldRewardsRemainClaimable() (gas: 719872)
[PASS] test_status0ZeroSettlementAllowsTransfersMarketFillAndCompleteSale() (gas: 2161787)
[PASS] test_status2ZeroSettlementAllowsTransfersMarketFillAndCompleteSale() (gas: 2166544)
[PASS] test_status3ZeroSettlementAllowsTransfersMarketFillAndCompleteSale() (gas: 2166610)
[PASS] test_unknownPostClaimStatusAlsoFailsClosed() (gas: 161943)
[PASS] test_unknownStatusesWithZeroPendingFailClosed() (gas: 740576)
[PASS] test_zeroSettlementStillChecksIdentityAndActualNftOwner() (gas: 186930)
Suite result: ok. 12 passed; 0 failed; 0 skipped; finished in 59.31ms (10.67ms CPU time)

Ran 23 tests for test/unit/PoolBurn.t.sol:PoolBurnTest
[PASS] testFuzz_partialPullBudgetConservation(uint256,uint256) (runs: 256, μ: 1803072, ~: 1806499)
Logs:
  Bound result 139559327499845014
  Bound result 94628280329072868

[PASS] test_deadTransferFailureRollsBackBudgetSwapAndAllBalances() (gas: 1827150)
[PASS] test_fullInputBurnPreservesEveryOtherAssetAndLiability() (gas: 1792792)
[PASS] test_maxInOnlyBoundsThisCallAndCannotSpendMoreThanBudget() (gas: 1368894)
[PASS] test_memberAndTreasuryWithdrawalsBeforeBurnLeaveBudgetBacked() (gas: 1989036)
[PASS] test_missingNativeRefundRevertsAtomically() (gas: 1803505)
[PASS] test_onlyCurrentOperatorInClosedCanExecute() (gas: 1487889)
[PASS] test_outputBelowMinimumRevertsAllPaymentsAndAccounting() (gas: 1764018)
[PASS] test_partialInputRefundUses2300GasProxyReceiveAndRetainsOldWbnb() (gas: 1883967)
[PASS] test_plainBnbAndUnsolicitedWbnbSenderRefundRemainRejected() (gas: 1156577)
[PASS] test_privilegedBemCallbackCannotReenterBurn() (gas: 1553850)
[PASS] test_privilegedRouterCallbackCannotReenterBurn() (gas: 1531869)
[PASS] test_routerCannotConsumeDonatedOldWbnb() (gas: 1792895)
[PASS] test_routerCannotInflateWrappedRefundBeyondThisInput() (gas: 1804717)
[PASS] test_routerCannotPullMoreThanExactAllowance() (gas: 1736069)
[PASS] test_wrongDepositMintAmountRevertsAtomically() (gas: 1647132)
[PASS] test_wrongNativeRefundAmountFailsReceiveAndRollsBack() (gas: 1811546)
[PASS] test_wrongReportedOutputRevertsAllPaymentsAndAccounting() (gas: 1768243)
[PASS] test_zeroActualSpendStillBurnsOutputAndRestoresEntireBudget() (gas: 1770099)
[PASS] test_zeroMaxInAndZeroBudgetRejectWithoutRouterCall() (gas: 1683075)
[PASS] test_zeroMaxInWithFundedBudgetRejects() (gas: 1566812)
[PASS] test_zeroMinOutAllowedWithPositiveActualOutput() (gas: 1358178)
[PASS] test_zeroOutputRejectsEvenWhenMinimumIsZero() (gas: 1741363)
Suite result: ok. 23 passed; 0 failed; 0 skipped; finished in 501.55ms (517.99ms CPU time)

Ran 30 tests for test/unit/PoolRewards.t.sol:PoolRewardsTest
[PASS] testFuzz_failedFeeOrBurnTransferRollsBackHarvest(bool) (runs: 256, μ: 460792, ~: 473731)
[PASS] testFuzz_harnessStrictHarvestRejectsFailedOrUnsettledClaimWithoutCharging(uint8) (runs: 256, μ: 253529, ~: 256916)
Logs:
  Bound result 3

[PASS] testFuzz_harnessTerminalStateKeepsHistoricalClaimsAndOriginalExpiry(bool) (runs: 256, μ: 893841, ~: 893854)
[PASS] test_allEightLiveEpochsIncludedBeforeExactExpiry() (gas: 2299572)
[PASS] test_bemTransferCannotReenterHarvest() (gas: 525913)
[PASS] test_bnbSurplusWithdrawalNotBlockedByBemCooldown() (gas: 725974)
[PASS] test_burnIncludesBatchDustAndCannotChargeAgain() (gas: 1314819)
[PASS] test_cumulativeDustMayExceedSingleDivisionBound() (gas: 21591206)
[PASS] test_directBemAndExternalMiningClaimAreRecognizedExactlyOnce() (gas: 479982)
[PASS] test_directReceiptUsesAccountingEpochAfterLongIdlePeriod() (gas: 646614)
[PASS] test_expiringBatchesDoNotCarryFractionAcrossEpochs() (gas: 1467268)
[PASS] test_expiryCanOnlyBeConfiguredOnceDuringFactoryCreation() (gas: 1041300)
[PASS] test_expiryDisabledKeepsOldRewardsAndGlobalFractionalCarry() (gas: 2459257)
[PASS] test_expiryDisabledSampleStillSplitsNinetyFiveFourOne() (gas: 2257797)
[PASS] test_failedExpiryBurnPreservesWholeBatchAndCanRetry() (gas: 552741)
[PASS] test_failedMemberTransferPreservesDebtAndClaimTime() (gas: 914130)
[PASS] test_feeRoundingIsPerHarvestNotRecomputedFromLifetimeGross() (gas: 6569470)
[PASS] test_firstClaimImmediateThenExactTwentyFourHourBoundary() (gas: 1034601)
[PASS] test_harnessClosedStatePreservesExistingClaimCooldown() (gas: 856007)
[PASS] test_harnessClosedWithExpiryDisabledKeepsRewardsForYears() (gas: 2206238)
[PASS] test_harnessStrictHarvestSuccessfullyAccountsActualReceipt() (gas: 451578)
[PASS] test_longGapRecordsOnlyActualCurrentReceiptWithoutInventingPastDays() (gas: 961211)
Logs:
  harvest and claim after 30000 empty days: 332511

[PASS] test_miningClaimCannotReenterHarvest() (gas: 519936)
[PASS] test_miningClaimChangingOwnerRollsBackEntireHarvest() (gas: 254544)
[PASS] test_oneBemSpecificationExampleAndAllMembersConserve() (gas: 1087356)
[PASS] test_ordinaryClaimFailureStillAccountsIndependentDirectReceipt() (gas: 669893)
[PASS] test_ringOverwritePreservesExpiredGlobalLiabilityAndNewRewards() (gas: 1338713)
[PASS] test_sameEpochMultipleSettlementsPreserveFractionalRemainder() (gas: 1237970)
[PASS] test_twoOneBemHarvestsAccumulateWithoutChargingOldBalancesAgain() (gas: 1221686)
[PASS] test_zeroClaimDoesNotStartCooldownAndOtherUsersDoNotResetIt() (gas: 1024637)
Suite result: ok. 30 passed; 0 failed; 0 skipped; finished in 573.39ms (568.62ms CPU time)

Ran 22 tests for test/unit/ShareMarket.t.sol:ShareMarketTest
[PASS] testFuzz_listedOrClosedCannotFillButCancelOnlyUnlocks(bool) (runs: 256, μ: 214837, ~: 214915)
[PASS] test_cancelOnlySellerAndCannotRepeatOrFillCancelledOrder() (gas: 195680)
[PASS] test_failedFinalMiningClaimRollsBackFillBnbCreditAndLocks() (gas: 427264)
[PASS] test_feeRecipientUsesPoolSnapshotWhenFactoryTreasuryChanges() (gas: 608344)
[PASS] test_feeRoundsDownPerPartialFillAndRemainderStaysWithSeller() (gas: 674067)
[PASS] test_fullFillCreditsCanBeWithdrawnOnlyOnceByRecipients() (gas: 618730)
[PASS] test_fundingPoolCannotListShares() (gas: 554620)
[PASS] test_listingAndCancelDoNotTransferSharesOrCreateMemberCheckpoints() (gas: 216107)
[PASS] test_lockedSharesCannotBeUsedToBypassBuyerMaximum() (gas: 675868)
[PASS] test_marketInitializeLockedAndRejectsWrongGovernance() (gas: 2986294)
[PASS] test_miningCallbackCannotReenterFillDuringLockedTransfer() (gas: 1178230)
[PASS] test_multipleOrdersCannotLockMoreThanSellerOwnsAndCancelFreesOnlyRemainder() (gas: 888397)
[PASS] test_partialFillsPreserveLocksAndDeductExactlyOnePercentFromSeller() (gas: 854608)
[PASS] test_registrationChecksCodeFactoryAndTimelockIdentityEvenThroughQueue() (gas: 2773495)
[PASS] test_registrationRequiresActual48HourQueueAndCannotInstantlyReplace() (gas: 5644979)
[PASS] test_rejectingSellerCannotBlockFillAndFailedWithdrawalKeepsCredit() (gas: 1139636)
[PASS] test_sellerAndTreasurySameAddressAccumulateRatherThanOverwrite() (gas: 700388)
[PASS] test_unregisteredMarketAndUnknownPoolCannotCreateOrders() (gas: 1605307)
[PASS] test_uupsUpgradeRequiresActual48HourQueueAndPreservesOrderAndCredit() (gas: 2281133)
[PASS] test_withdrawBnbCallbackCannotReenterAndGetPaidTwice() (gas: 1212780)
[PASS] test_wrongAmountWrongPaymentAndUnknownOrderAreAtomic() (gas: 296507)
[PASS] test_zeroPriceOrderTransfersFreelyWithNoFeeOrBnbLiability() (gas: 731648)
Suite result: ok. 22 passed; 0 failed; 0 skipped; finished in 167.99ms (163.49ms CPU time)

Ran 27 tests for test/unit/PoolVoting.t.sol:PoolVotingTest
[PASS] testFuzz_referenceAndPriceAreRecordedWithoutOracleValidation(uint256,uint256,uint64) (runs: 256, μ: 259071, ~: 259616)
[PASS] test_acquisitionSevenDayBoundaryAndProposalSnapshot() (gas: 301744)
[PASS] test_closedLifecycleFixtureCannotVoteOrProposeButRetainsHistory() (gas: 402440)
[PASS] test_currentNewMemberCanProposeButHasNoSameSecondHistoricalVote() (gas: 741642)
[PASS] test_exactlyHalfMembersFailEvenWithShareMajority() (gas: 713121)
[PASS] test_exactlyHalfSharesFailEvenWithMemberMajority() (gas: 934217)
[PASS] test_falseVoteConsumesVoteAndCannotBeChanged() (gas: 325703)
[PASS] test_formerMemberVotesOriginalWeightAfterCompleteExit() (gas: 712536)
[PASS] test_fortyNineSharesAloneDoNotPass() (gas: 333341)
[PASS] test_fundingFundedAndRefundingPoolsCannotProposeOrVote() (gas: 1220116)
[PASS] test_listedLifecycleFixtureRejectsProposalsAndVotesWithoutChangingHistory() (gas: 391226)
[PASS] test_lockedSharesRetainBeneficialOwnerVoteAndCancellationDoesNotResetVote() (gas: 496804)
[PASS] test_memberReceivingMoreSharesAfterProposalOnlyVotesHistoricalWeight() (gas: 706726)
[PASS] test_miningCallbackCannotProposeDuringShareTransfer() (gas: 1052979)
[PASS] test_miningCallbackCannotVoteDuringShareTransfer() (gas: 1109733)
[PASS] test_nonMembersHaveNoPrivilegedProposalOrVoteAccess() (gas: 384036)
[PASS] test_onlyOneLiveProposalAndRejectedAttemptsDoNotSetCooldown() (gas: 289403)
[PASS] test_replacementProposalRefreshesSnapshotAndDoesNotInheritOldVotes() (gas: 1080570)
[PASS] test_sameProposerSevenDayBoundarySurvivesExitAndReentry() (gas: 823354)
[PASS] test_sameSecondDirectTransferCannotDuplicateSnapshotVotes() (gas: 762273)
[PASS] test_sameSecondMarketFillCannotDuplicateSnapshotVotes() (gas: 876050)
[PASS] test_sameSecondMemberExitCannotLowerSnapshotMajorityThreshold() (gas: 796294)
[PASS] test_sameSecondTransferFromCannotDuplicateSnapshotVotes() (gas: 772827)
[PASS] test_twentyFourHourVotingBoundaryAndExpiredProposalReplacement() (gas: 660492)
[PASS] test_twoOfThreeMembersWithFiftyOneSharesPass() (gas: 372472)
[PASS] test_unknownProposalViewsAndVotesRejectWithoutWritingVotes() (gas: 306059)
[PASS] test_zeroPriceAndReferenceWithFutureReferenceTimestampAreAccepted() (gas: 335268)
Suite result: ok. 27 passed; 0 failed; 0 skipped; finished in 171.15ms (164.67ms CPU time)

Ran 16 tests for test/unit/PoolTransfers.t.sol:PoolTransfersTest
[PASS] testFuzz_failedStrictClaimRollsBackTransferAndAllowance(uint8) (runs: 256, μ: 269062, ~: 297149)
Logs:
  Bound result 1

[PASS] testFuzz_pendingRewardsBelongToOldSharesBeforeTransfer(uint8) (runs: 256, μ: 1592023, ~: 1592273)
Logs:
  Bound result 13

[PASS] test_disabledExpiryPreservesFractionsAcrossDaysAndOwnershipChanges() (gas: 2866484)
[PASS] test_listedAndClosedOrdinaryTransfersFailWithoutMovingShares() (gas: 82385)
[PASS] test_lockDoesNotProvideASecondFortyNineShareAllowance() (gas: 581743)
[PASS] test_lockedSharesRemainSellerPropertyAndCannotBeTransferredOrdinarily() (gas: 1130844)
[PASS] test_memberCheckpointsRecordExitEntryAndNewMemberCount() (gas: 741017)
[PASS] test_miningClaimCannotReenterApprovedTransferFrom() (gas: 1124221)
[PASS] test_onlyRegisteredMarketCanChangeLocksOrTransferLockedShares() (gas: 88667)
[PASS] test_purchaseTimestampTransferCannotCarryOldBnbSurplus() (gas: 598684)
[PASS] test_sameEpochFractionStaysWithOriginalOwnerAcrossTransfers() (gas: 1597968)
[PASS] test_selfTransferRespectsUnlockedBalanceWithoutArtificiallyExceedingCap() (gas: 858670)
[PASS] test_transferDoesNotRestartOldEpochExpiry() (gas: 1484299)
[PASS] test_transferFromConsumesAllowanceAndMaintainsHolderCap() (gas: 490514)
[PASS] test_zeroBalanceFormerMemberStillClaimsOldRewards() (gas: 1201967)
[PASS] test_zeroOverCapAndMarketDestinationRejected() (gas: 380732)
Suite result: ok. 16 passed; 0 failed; 0 skipped; finished in 904.75ms (900.09ms CPU time)

Ran 8 tests for test/unit/SingleOwnerDeployment.t.sol:SingleOwnerDeploymentTest
[PASS] test_AllThreeUpgradePathsRequire48HoursAndPreserveFundedPool() (gas: 11715618)
[PASS] test_DeploymentAndInitializersCannotBeReplayedOrTakenOver() (gas: 2435169)
[PASS] test_FailedGraphLeavesNoUninitializedProxyAndCanRetrySamePrediction() (gas: 4576358)
[PASS] test_ForeignCallerCannotDeployAndOwnerCannotBeRedirected() (gas: 40290)
[PASS] test_OwnerCannotReduceSchedulingFloorEvenThroughTimelock() (gas: 2439042)
[PASS] test_RejectsEmptyImplementationsAndForeignVaultBinding() (gas: 4943437)
[PASS] test_RejectsZeroRolesAndPreservesLegacyMultisigRequirements() (gas: 46151)
[PASS] test_SingleEOAWalletReceivesDailyRolesButNotDirectUpgradeAuthority() (gas: 2957874)
Suite result: ok. 8 passed; 0 failed; 0 skipped; finished in 5.59ms (3.49ms CPU time)

Ran 2 tests for test/invariant/PoolRewardsInvariant.t.sol:PoolRewardsNoExpiryInvariantTest
[PASS] invariant_accumulatorAndHistoricalEpochLiabilitiesMatchOracle() (runs: 128, calls: 8192, reverts: 0)

╭----------------+---------------------+-------+---------+----------╮
| Contract       | Selector            | Calls | Reverts | Discards |
+===================================================================+
| RewardsHandler | advanceTime         | 980   | 0       | 0        |
|----------------+---------------------+-------+---------+----------|
| RewardsHandler | burn                | 1031  | 0       | 0        |
|----------------+---------------------+-------+---------+----------|
| RewardsHandler | claim               | 1042  | 0       | 0        |
|----------------+---------------------+-------+---------+----------|
| RewardsHandler | donate              | 1004  | 0       | 0        |
|----------------+---------------------+-------+---------+----------|
| RewardsHandler | externalMiningClaim | 966   | 0       | 0        |
|----------------+---------------------+-------+---------+----------|
| RewardsHandler | harvest             | 1044  | 0       | 0        |
|----------------+---------------------+-------+---------+----------|
| RewardsHandler | queueMining         | 1087  | 0       | 0        |
|----------------+---------------------+-------+---------+----------|
| RewardsHandler | settle              | 1038  | 0       | 0        |
╰----------------+---------------------+-------+---------+----------╯

Logs:
  Bound result 8926615119
  Bound result 7319
  Bound result 269348788493
  Bound result 2973
  Bound result 580639
  Bound result 907755524663
  Bound result 373109987170
  Bound result 23098
  Bound result 798
  Bound result 289904091701
  Bound result 885380891815
  Bound result 407
  Bound result 689768656334
  Bound result 2230662
  Bound result 113334361510
  Bound result 16957
  Bound result 14865
  Bound result 936697078026
  Bound result 465885183338
  Bound result 0
  Bound result 755287
  Bound result 20401

[PASS] invariant_actualBalancesMatchIndependentGrossNetAndLiabilities() (runs: 128, calls: 8192, reverts: 0)

╭----------------+---------------------+-------+---------+----------╮
| Contract       | Selector            | Calls | Reverts | Discards |
+===================================================================+
| RewardsHandler | advanceTime         | 980   | 0       | 0        |
|----------------+---------------------+-------+---------+----------|
| RewardsHandler | burn                | 1031  | 0       | 0        |
|----------------+---------------------+-------+---------+----------|
| RewardsHandler | claim               | 1042  | 0       | 0        |
|----------------+---------------------+-------+---------+----------|
| RewardsHandler | donate              | 1004  | 0       | 0        |
|----------------+---------------------+-------+---------+----------|
| RewardsHandler | externalMiningClaim | 966   | 0       | 0        |
|----------------+---------------------+-------+---------+----------|
| RewardsHandler | harvest             | 1044  | 0       | 0        |
|----------------+---------------------+-------+---------+----------|
| RewardsHandler | queueMining         | 1087  | 0       | 0        |
|----------------+---------------------+-------+---------+----------|
| RewardsHandler | settle              | 1038  | 0       | 0        |
╰----------------+---------------------+-------+---------+----------╯

Logs:
  Bound result 8926615119
  Bound result 16220
  Bound result 269348788493
  Bound result 3119
  Bound result 580638
  Bound result 907755524663
  Bound result 373109987170
  Bound result 17194
  Bound result 798
  Bound result 289904091701
  Bound result 885380891815
  Bound result 407
  Bound result 689768656334
  Bound result 2230662
  Bound result 113334361510
  Bound result 16997
  Bound result 14952
  Bound result 936697078026
  Bound result 465885183338
  Bound result 0
  Bound result 755287
  Bound result 20229

Suite result: ok. 2 passed; 0 failed; 0 skipped; finished in 10.35s (10.34s CPU time)

Ran 2 tests for test/invariant/PoolSaleInvariant.t.sol:PoolSaleLifecycleInvariantTest
[PASS] invariant_bnbEqualsIndependentCreditsReservesAndForcedFunds() (runs: 128, calls: 8192, reverts: 0)

╭-----------------+-------------+-------+---------+----------╮
| Contract        | Selector    | Calls | Reverts | Discards |
+============================================================+
| PoolSaleHandler | advanceTime | 1203  | 0       | 0        |
|-----------------+-------------+-------+---------+----------|
| PoolSaleHandler | cancel      | 1174  | 0       | 0        |
|-----------------+-------------+-------+---------+----------|
| PoolSaleHandler | complete    | 1115  | 0       | 0        |
|-----------------+-------------+-------+---------+----------|
| PoolSaleHandler | forceBnb    | 1182  | 0       | 0        |
|-----------------+-------------+-------+---------+----------|
| PoolSaleHandler | listSale    | 1213  | 0       | 0        |
|-----------------+-------------+-------+---------+----------|
| PoolSaleHandler | moveShares  | 1172  | 0       | 0        |
|-----------------+-------------+-------+---------+----------|
| PoolSaleHandler | withdraw    | 1133  | 0       | 0        |
╰-----------------+-------------+-------+---------+----------╯

Logs:
  Bound result 2
  Bound result 5
  Bound result 3
  Bound result 10003
  Bound result 604800
  Bound result 20007
  Bound result 17
  Bound result 619996100100378104
  Bound result 391457
  Bound result 344883288106632454
  Bound result 524969
  Bound result 7825
  Bound result 112829
  Bound result 0
  Bound result 426155
  Bound result 175259
  Bound result 22448
  Bound result 1868
  Bound result 21950
  Bound result 356560317109232128
  Bound result 181137
  Bound result 953386434089138419
  Bound result 64669
  Bound result 681267
  Bound result 318989
  Bound result 458260
  Bound result 459434476024381988

[PASS] invariant_ownershipRemainsFrozenAfterAtMostOneCompletedSale() (runs: 128, calls: 8192, reverts: 0)

╭-----------------+-------------+-------+---------+----------╮
| Contract        | Selector    | Calls | Reverts | Discards |
+============================================================+
| PoolSaleHandler | advanceTime | 1203  | 0       | 0        |
|-----------------+-------------+-------+---------+----------|
| PoolSaleHandler | cancel      | 1174  | 0       | 0        |
|-----------------+-------------+-------+---------+----------|
| PoolSaleHandler | complete    | 1115  | 0       | 0        |
|-----------------+-------------+-------+---------+----------|
| PoolSaleHandler | forceBnb    | 1182  | 0       | 0        |
|-----------------+-------------+-------+---------+----------|
| PoolSaleHandler | listSale    | 1213  | 0       | 0        |
|-----------------+-------------+-------+---------+----------|
| PoolSaleHandler | moveShares  | 1172  | 0       | 0        |
|-----------------+-------------+-------+---------+----------|
| PoolSaleHandler | withdraw    | 1133  | 0       | 0        |
╰-----------------+-------------+-------+---------+----------╯

Logs:
  Bound result 2
  Bound result 5
  Bound result 3
  Bound result 10003
  Bound result 604800
  Bound result 20007
  Bound result 17
  Bound result 619996100100378104
  Bound result 391457
  Bound result 277506973547205771
  Bound result 524969
  Bound result 7772
  Bound result 112829
  Bound result 0
  Bound result 426155
  Bound result 2088
  Bound result 22389
  Bound result 2159
  Bound result 21692
  Bound result 356560317109232128
  Bound result 181137
  Bound result 953386434089138419
  Bound result 64669
  Bound result 681267
  Bound result 318989
  Bound result 458260
  Bound result 459434476024381988

Suite result: ok. 2 passed; 0 failed; 0 skipped; finished in 10.60s (15.25s CPU time)

Ran 25 tests for test/unit/PoolSale.t.sol:PoolSaleTest
[PASS] testFuzz_buyerRejectingNftOrMovingItAwayRollsBackWholeSale(uint8) (runs: 256, μ: 2094376, ~: 2085760)
Logs:
  Bound result 1

[PASS] testFuzz_finalClaimFaultsRollbackAllAssetsAndLiabilities(uint8) (runs: 256, μ: 792947, ~: 813755)
Logs:
  Bound result 1

[PASS] test_buyerBubblingReentryFailureRollsBackFinalClaimAndSale() (gas: 2146282)
[PASS] test_buyerCallbackSeesClosedStateAndCannotCompleteAgainOrWithdraw() (gas: 2002707)
[PASS] test_changedNftOwnerBeforeSaleRejectsWithoutTouchingFunds() (gas: 613937)
[PASS] test_closedClaimsKeepOriginalExpiryAndNeverClaimSoldNftAgain() (gas: 1594901)
[PASS] test_closedClaimsWithExpiryDisabledRemainClaimableAfterLongDelay() (gas: 2794133)
[PASS] test_closedRejectsReplayAndPermanentlyFreezesShares() (gas: 907348)
[PASS] test_completeLastSecondBeforeListingExpirySucceeds() (gas: 858903)
[PASS] test_executeAtVoteDeadlineRejectsEvenPassingProposal() (gas: 447917)
[PASS] test_executeLastSecondBeforeVoteDeadlineSucceeds() (gas: 527961)
[PASS] test_executeRequiresCurrentPassingProposalAndRecordsSevenDayListing() (gas: 504578)
[PASS] test_expiryBoundaryClearsListingAndRequiresNewApprovedProposalForRelist() (gas: 882032)
[PASS] test_failedBnbWithdrawalRestoresLazySaleEntitlementForRetry() (gas: 1991695)
[PASS] test_listedFreezesTransfersAndFillsButOrderCanBeCancelled() (gas: 703172)
[PASS] test_memberBuyerRetainsHistoricShareRightsAndOwnsFutureNftRewards() (gas: 1031764)
[PASS] test_miningClaimCallbackCannotReenterCompletion() (gas: 952065)
[PASS] test_purchaseAndSaleRemaindersAreSeparateRetainedReserves() (gas: 2745517)
[PASS] test_saleAddsToOldRefundDirectSellerAndPurchaseSurplusCredits() (gas: 2706665)
[PASS] test_saleStrictlySettlesRewardsBeforeNftTransferAndRecordsActualBurnOnlyLater() (gas: 1223919)
[PASS] test_sameSecondListingAndCompletionLazilyDistributeActualFrozenHoldings() (gas: 1579676)
[PASS] test_settleSaleNeverAcceptsAnUnverifiedExternalSaleRoute() (gas: 868505)
[PASS] test_treasuryMemberReceivesFeeAndOwnSharesWithoutLosingFormerMemberSurplus() (gas: 1194820)
[PASS] test_wrongPaymentRollsBackWithoutHarvestingOrCrediting() (gas: 738112)
[PASS] test_zeroPriceCompletesWithoutInventingSaleDebtOrBurnedBem() (gas: 809383)
Suite result: ok. 25 passed; 0 failed; 0 skipped; finished in 664.04ms (658.62ms CPU time)

Ran 2 tests for test/invariant/PoolTransfersInvariant.t.sol:PoolTransfersNoExpiryInvariantTest
[PASS] invariant_effectiveSharesLocksAndOriginalPurchaseSurplusRemainCorrect() (runs: 128, calls: 8192, reverts: 0)

╭----------------------+----------------+-------+---------+----------╮
| Contract             | Selector       | Calls | Reverts | Discards |
+====================================================================+
| ShareTransferHandler | advanceTime    | 917   | 0       | 0        |
|----------------------+----------------+-------+---------+----------|
| ShareTransferHandler | burn           | 892   | 0       | 0        |
|----------------------+----------------+-------+---------+----------|
| ShareTransferHandler | changeLock     | 965   | 0       | 0        |
|----------------------+----------------+-------+---------+----------|
| ShareTransferHandler | claim          | 903   | 0       | 0        |
|----------------------+----------------+-------+---------+----------|
| ShareTransferHandler | donate         | 916   | 0       | 0        |
|----------------------+----------------+-------+---------+----------|
| ShareTransferHandler | harvest        | 900   | 0       | 0        |
|----------------------+----------------+-------+---------+----------|
| ShareTransferHandler | queueMining    | 879   | 0       | 0        |
|----------------------+----------------+-------+---------+----------|
| ShareTransferHandler | transferLocked | 904   | 0       | 0        |
|----------------------+----------------+-------+---------+----------|
| ShareTransferHandler | transferShares | 916   | 0       | 0        |
╰----------------------+----------------+-------+---------+----------╯

Logs:
  Bound result 612836057265
  Bound result 241228
  Bound result 40
  Bound result 2
  Bound result 836044623
  Bound result 2518
  Bound result 2
  Bound result 629336805385
  Bound result 945905
  Bound result 112
  Bound result 824196860553
  Bound result 989765023195
  Bound result 925462
  Bound result 181801
  Bound result 650895
  Bound result 37
  Bound result 431029765225
  Bound result 456251265038
  Bound result 3
  Bound result 2
  Bound result 13495
  Bound result 179
  Bound result 1818
  Bound result 1
  Bound result 122

[PASS] invariant_rawIncomeAndHistoricalHoldingsConserveEveryBemUnit() (runs: 128, calls: 8192, reverts: 0)

╭----------------------+----------------+-------+---------+----------╮
| Contract             | Selector       | Calls | Reverts | Discards |
+====================================================================+
| ShareTransferHandler | advanceTime    | 917   | 0       | 0        |
|----------------------+----------------+-------+---------+----------|
| ShareTransferHandler | burn           | 892   | 0       | 0        |
|----------------------+----------------+-------+---------+----------|
| ShareTransferHandler | changeLock     | 965   | 0       | 0        |
|----------------------+----------------+-------+---------+----------|
| ShareTransferHandler | claim          | 903   | 0       | 0        |
|----------------------+----------------+-------+---------+----------|
| ShareTransferHandler | donate         | 916   | 0       | 0        |
|----------------------+----------------+-------+---------+----------|
| ShareTransferHandler | harvest        | 900   | 0       | 0        |
|----------------------+----------------+-------+---------+----------|
| ShareTransferHandler | queueMining    | 879   | 0       | 0        |
|----------------------+----------------+-------+---------+----------|
| ShareTransferHandler | transferLocked | 904   | 0       | 0        |
|----------------------+----------------+-------+---------+----------|
| ShareTransferHandler | transferShares | 916   | 0       | 0        |
╰----------------------+----------------+-------+---------+----------╯

Logs:
  Bound result 612836057265
  Bound result 472584
  Bound result 40
  Bound result 6
  Bound result 791671132
  Bound result 2105
  Bound result 2
  Bound result 629336805385
  Bound result 2
  Bound result 985769
  Bound result 112
  Bound result 824196860553
  Bound result 807285599880
  Bound result 925462
  Bound result 181801
  Bound result 650895
  Bound result 1
  Bound result 431029765225
  Bound result 456251265038
  Bound result 3
  Bound result 1
  Bound result 13581
  Bound result 1889567282
  Bound result 1780
  Bound result 2
  Bound result 122

Suite result: ok. 2 passed; 0 failed; 0 skipped; finished in 19.38s (32.43s CPU time)

Ran 2 tests for test/invariant/PoolSaleInvariant.t.sol:PoolSaleClosedInvariantTest
[PASS] invariant_bnbEqualsIndependentCreditsReservesAndForcedFunds() (runs: 128, calls: 8192, reverts: 0)

╭-----------------+-------------+-------+---------+----------╮
| Contract        | Selector    | Calls | Reverts | Discards |
+============================================================+
| PoolSaleHandler | advanceTime | 1203  | 0       | 0        |
|-----------------+-------------+-------+---------+----------|
| PoolSaleHandler | cancel      | 1174  | 0       | 0        |
|-----------------+-------------+-------+---------+----------|
| PoolSaleHandler | complete    | 1115  | 0       | 0        |
|-----------------+-------------+-------+---------+----------|
| PoolSaleHandler | forceBnb    | 1182  | 0       | 0        |
|-----------------+-------------+-------+---------+----------|
| PoolSaleHandler | listSale    | 1213  | 0       | 0        |
|-----------------+-------------+-------+---------+----------|
| PoolSaleHandler | moveShares  | 1172  | 0       | 0        |
|-----------------+-------------+-------+---------+----------|
| PoolSaleHandler | withdraw    | 1133  | 0       | 0        |
╰-----------------+-------------+-------+---------+----------╯

Logs:
  Bound result 2
  Bound result 5
  Bound result 3
  Bound result 10003
  Bound result 604800
  Bound result 20007
  Bound result 17
  Bound result 619996100100378104
  Bound result 391457
  Bound result 857924766252713460
  Bound result 524969
  Bound result 7824
  Bound result 112829
  Bound result 0
  Bound result 426155
  Bound result 415698
  Bound result 22450
  Bound result 1867
  Bound result 21690
  Bound result 356560317109232128
  Bound result 181137
  Bound result 953386434089138419
  Bound result 64669
  Bound result 681267
  Bound result 318989
  Bound result 458260
  Bound result 459434476024381988

[PASS] invariant_ownershipRemainsFrozenAfterAtMostOneCompletedSale() (runs: 128, calls: 8192, reverts: 0)

╭-----------------+-------------+-------+---------+----------╮
| Contract        | Selector    | Calls | Reverts | Discards |
+============================================================+
| PoolSaleHandler | advanceTime | 1203  | 0       | 0        |
|-----------------+-------------+-------+---------+----------|
| PoolSaleHandler | cancel      | 1174  | 0       | 0        |
|-----------------+-------------+-------+---------+----------|
| PoolSaleHandler | complete    | 1115  | 0       | 0        |
|-----------------+-------------+-------+---------+----------|
| PoolSaleHandler | forceBnb    | 1182  | 0       | 0        |
|-----------------+-------------+-------+---------+----------|
| PoolSaleHandler | listSale    | 1213  | 0       | 0        |
|-----------------+-------------+-------+---------+----------|
| PoolSaleHandler | moveShares  | 1172  | 0       | 0        |
|-----------------+-------------+-------+---------+----------|
| PoolSaleHandler | withdraw    | 1133  | 0       | 0        |
╰-----------------+-------------+-------+---------+----------╯

Logs:
  Bound result 2
  Bound result 5
  Bound result 3
  Bound result 10003
  Bound result 604800
  Bound result 20007
  Bound result 17
  Bound result 619996100100378104
  Bound result 391457
  Bound result 857924766252713460
  Bound result 524969
  Bound result 7782
  Bound result 112829
  Bound result 0
  Bound result 426155
  Bound result 588
  Bound result 22399
  Bound result 257280
  Bound result 21657
  Bound result 356560317109232128
  Bound result 181137
  Bound result 953386434089138419
  Bound result 64669
  Bound result 681267
  Bound result 318989
  Bound result 458260
  Bound result 459434476024381988

Suite result: ok. 2 passed; 0 failed; 0 skipped; finished in 11.86s (13.85s CPU time)

Ran 2 tests for test/invariant/PoolFundingInvariant.t.sol:PoolFundingInvariantTest
[PASS] invariant_fundingUsesRealBnbAndRefundsRemainSolvent() (runs: 128, calls: 8192, reverts: 0)

╭----------------+-----------------+-------+---------+----------╮
| Contract       | Selector        | Calls | Reverts | Discards |
+===============================================================+
| FundingHandler | advanceTime     | 1266  | 0       | 0        |
|----------------+-----------------+-------+---------+----------|
| FundingHandler | deposit         | 1212  | 0       | 0        |
|----------------+-----------------+-------+---------+----------|
| FundingHandler | finalizeFailure | 1152  | 0       | 0        |
|----------------+-----------------+-------+---------+----------|
| FundingHandler | forceBnb        | 1119  | 0       | 0        |
|----------------+-----------------+-------+---------+----------|
| FundingHandler | setPause        | 1185  | 0       | 0        |
|----------------+-----------------+-------+---------+----------|
| FundingHandler | withdrawBnb     | 1138  | 0       | 0        |
|----------------+-----------------+-------+---------+----------|
| FundingHandler | withdrawDeposit | 1120  | 0       | 0        |
╰----------------+-----------------+-------+---------+----------╯

Logs:
  Bound result 324660
  Bound result 10
  Bound result 2760
  Bound result 2945679
  Bound result 2546
  Bound result 32
  Bound result 347288909267
  Bound result 345598
  Bound result 35806
  Bound result 100416
  Bound result 285838
  Bound result 241741
  Bound result 807556495261871061
  Bound result 885768038616
  Bound result 264337514315787821
  Bound result 10276
  Bound result 237198207906845423
  Bound result 345598
  Bound result 3421
  Bound result 241597
  Bound result 3475

[PASS] invariant_shareSupplyAndCurrentMemberIndexAgree() (runs: 128, calls: 8192, reverts: 0)

╭----------------+-----------------+-------+---------+----------╮
| Contract       | Selector        | Calls | Reverts | Discards |
+===============================================================+
| FundingHandler | advanceTime     | 1266  | 0       | 0        |
|----------------+-----------------+-------+---------+----------|
| FundingHandler | deposit         | 1212  | 0       | 0        |
|----------------+-----------------+-------+---------+----------|
| FundingHandler | finalizeFailure | 1152  | 0       | 0        |
|----------------+-----------------+-------+---------+----------|
| FundingHandler | forceBnb        | 1119  | 0       | 0        |
|----------------+-----------------+-------+---------+----------|
| FundingHandler | setPause        | 1185  | 0       | 0        |
|----------------+-----------------+-------+---------+----------|
| FundingHandler | withdrawBnb     | 1138  | 0       | 0        |
|----------------+-----------------+-------+---------+----------|
| FundingHandler | withdrawDeposit | 1120  | 0       | 0        |
╰----------------+-----------------+-------+---------+----------╯

Logs:
  Bound result 328950
  Bound result 10
  Bound result 2657
  Bound result 2945679
  Bound result 2544
  Bound result 5
  Bound result 347288909267
  Bound result 345598
  Bound result 220491
  Bound result 212360
  Bound result 285838
  Bound result 241741
  Bound result 807556495261871061
  Bound result 885768038616
  Bound result 264337514315787821
  Bound result 18072
  Bound result 237198207906845423
  Bound result 345598
  Bound result 3390
  Bound result 241597
  Bound result 3211

Suite result: ok. 2 passed; 0 failed; 0 skipped; finished in 23.00s (23.00s CPU time)

Ran 2 tests for test/invariant/PoolTransfersInvariant.t.sol:PoolTransfersInvariantTest
[PASS] invariant_effectiveSharesLocksAndOriginalPurchaseSurplusRemainCorrect() (runs: 128, calls: 8192, reverts: 0)

╭----------------------+----------------+-------+---------+----------╮
| Contract             | Selector       | Calls | Reverts | Discards |
+====================================================================+
| ShareTransferHandler | advanceTime    | 917   | 0       | 0        |
|----------------------+----------------+-------+---------+----------|
| ShareTransferHandler | burn           | 892   | 0       | 0        |
|----------------------+----------------+-------+---------+----------|
| ShareTransferHandler | changeLock     | 965   | 0       | 0        |
|----------------------+----------------+-------+---------+----------|
| ShareTransferHandler | claim          | 903   | 0       | 0        |
|----------------------+----------------+-------+---------+----------|
| ShareTransferHandler | donate         | 916   | 0       | 0        |
|----------------------+----------------+-------+---------+----------|
| ShareTransferHandler | harvest        | 900   | 0       | 0        |
|----------------------+----------------+-------+---------+----------|
| ShareTransferHandler | queueMining    | 879   | 0       | 0        |
|----------------------+----------------+-------+---------+----------|
| ShareTransferHandler | transferLocked | 904   | 0       | 0        |
|----------------------+----------------+-------+---------+----------|
| ShareTransferHandler | transferShares | 916   | 0       | 0        |
╰----------------------+----------------+-------+---------+----------╯

Logs:
  Bound result 612836057265
  Bound result 816542
  Bound result 40
  Bound result 1223
  Bound result 3044
  Bound result 2
  Bound result 2
  Bound result 629336805385
  Bound result 1
  Bound result 942801
  Bound result 112
  Bound result 824196860553
  Bound result 176531831013
  Bound result 925462
  Bound result 181801
  Bound result 650895
  Bound result 2
  Bound result 431029765225
  Bound result 1
  Bound result 456251265038
  Bound result 3
  Bound result 4
  Bound result 14285
  Bound result 1
  Bound result 684
  Bound result 21800
  Bound result 122
  Bound result 2

[PASS] invariant_rawIncomeAndHistoricalHoldingsConserveEveryBemUnit() (runs: 128, calls: 8192, reverts: 0)

╭----------------------+----------------+-------+---------+----------╮
| Contract             | Selector       | Calls | Reverts | Discards |
+====================================================================+
| ShareTransferHandler | advanceTime    | 917   | 0       | 0        |
|----------------------+----------------+-------+---------+----------|
| ShareTransferHandler | burn           | 892   | 0       | 0        |
|----------------------+----------------+-------+---------+----------|
| ShareTransferHandler | changeLock     | 965   | 0       | 0        |
|----------------------+----------------+-------+---------+----------|
| ShareTransferHandler | claim          | 903   | 0       | 0        |
|----------------------+----------------+-------+---------+----------|
| ShareTransferHandler | donate         | 916   | 0       | 0        |
|----------------------+----------------+-------+---------+----------|
| ShareTransferHandler | harvest        | 900   | 0       | 0        |
|----------------------+----------------+-------+---------+----------|
| ShareTransferHandler | queueMining    | 879   | 0       | 0        |
|----------------------+----------------+-------+---------+----------|
| ShareTransferHandler | transferLocked | 904   | 0       | 0        |
|----------------------+----------------+-------+---------+----------|
| ShareTransferHandler | transferShares | 916   | 0       | 0        |
╰----------------------+----------------+-------+---------+----------╯

Logs:
  Bound result 612836057265
  Bound result 121015
  Bound result 28
  Bound result 5
  Bound result 22
  Bound result 5849
  Bound result 395
  Bound result 2
  Bound result 629336805385
  Bound result 9
  Bound result 1185205
  Bound result 112
  Bound result 824196860553
  Bound result 16737217
  Bound result 925462
  Bound result 181801
  Bound result 650895
  Bound result 18
  Bound result 431029765225
  Bound result 456251265038
  Bound result 3
  Bound result 1
  Bound result 14374
  Bound result 664
  Bound result 2936
  Bound result 22
  Bound result 122

Suite result: ok. 2 passed; 0 failed; 0 skipped; finished in 30.41s (41.21s CPU time)

Ran 4 tests for test/unit/AuditShareRecipient.t.sol:AuditShareRecipientTest
[PASS] testFuzz_marketFillRejectsPoolAndFactoryAndPreservesOrderAndPayment(bool) (runs: 256, μ: 411114, ~: 412067)
[PASS] testFuzz_subscriptionCannotMintToPoolOrFactory(bool) (runs: 256, μ: 607942, ~: 608057)
[PASS] testFuzz_transferFromRejectsPoolAndFactoryAndPreservesAllowance(bool) (runs: 256, μ: 159757, ~: 161601)
[PASS] testFuzz_transferRejectsPoolAndFactoryWithoutConsumingOldRewards(bool) (runs: 256, μ: 1023159, ~: 1025003)
Suite result: ok. 4 passed; 0 failed; 0 skipped; finished in 30.86s (727.74ms CPU time)

Ran 2 tests for test/invariant/PoolVotingInvariant.t.sol:PoolVotingInvariantTest
[PASS] invariant_noDuplicateVotesOrReassignedHistoricalWeight() (runs: 128, calls: 8192, reverts: 0)

╭-------------------+-------------+-------+---------+----------╮
| Contract          | Selector    | Calls | Reverts | Discards |
+==============================================================+
| PoolVotingHandler | advanceTime | 1976  | 0       | 0        |
|-------------------+-------------+-------+---------+----------|
| PoolVotingHandler | moveShares  | 2120  | 0       | 0        |
|-------------------+-------------+-------+---------+----------|
| PoolVotingHandler | propose     | 2072  | 0       | 0        |
|-------------------+-------------+-------+---------+----------|
| PoolVotingHandler | vote        | 2024  | 0       | 0        |
╰-------------------+-------------+-------+---------+----------╯

Logs:
  Bound result 49
  Bound result 10
  Bound result 5
  Bound result 1
  Bound result 1
  Bound result 24
  Bound result 12
  Bound result 24
  Bound result 2
  Bound result 22
  Bound result 6
  Bound result 1
  Bound result 30

[PASS] invariant_snapshotOwnershipSurvivesArbitraryShareMovesAndProposalReplacement() (runs: 128, calls: 8192, reverts: 0)

╭-------------------+-------------+-------+---------+----------╮
| Contract          | Selector    | Calls | Reverts | Discards |
+==============================================================+
| PoolVotingHandler | advanceTime | 1976  | 0       | 0        |
|-------------------+-------------+-------+---------+----------|
| PoolVotingHandler | moveShares  | 2120  | 0       | 0        |
|-------------------+-------------+-------+---------+----------|
| PoolVotingHandler | propose     | 2072  | 0       | 0        |
|-------------------+-------------+-------+---------+----------|
| PoolVotingHandler | vote        | 2024  | 0       | 0        |
╰-------------------+-------------+-------+---------+----------╯

Logs:
  Bound result 49
  Bound result 10
  Bound result 5
  Bound result 1
  Bound result 1
  Bound result 24
  Bound result 12
  Bound result 24
  Bound result 2
  Bound result 22
  Bound result 1
  Bound result 1
  Bound result 31

Suite result: ok. 2 passed; 0 failed; 0 skipped; finished in 34.82s (42.06s CPU time)

Ran 37 tests for test/unit/PoolPurchase.t.sol:PoolPurchaseTest
[PASS] testFuzz_badClaimPostconditionsRollback(uint8) (runs: 256, μ: 1010145, ~: 1002100)
Logs:
  Bound result 3

[PASS] testFuzz_badPostPurchaseOwnershipOrMiningRollsBack(uint8) (runs: 256, μ: 1171882, ~: 1191725)
Logs:
  Bound result 1

[PASS] testFuzz_directBadCallbackRollsBackSellerCreditAndReward(uint8) (runs: 256, μ: 1534290, ~: 1512552)
Logs:
  Bound result 1

[PASS] testFuzz_wrongOrDuplicateCallbackRollsBack(uint8) (runs: 256, μ: 1159773, ~: 1128637)
Logs:
  Bound result 1

[PASS] test_callbackCannotReenterAnotherPurchase() (gas: 1274747)
[PASS] test_claimCallbackCannotReenterAnotherPurchase() (gas: 1323934)
[PASS] test_claimCallbackCannotWithdrawExistingCredit() (gas: 1437348)
[PASS] test_claimFailureDoesNotGetSwallowedEvenWhenPendingZero() (gas: 889517)
[PASS] test_directDeadlineRejectsAtDeadline() (gas: 1235686)
[PASS] test_directOnlyConfiguredSellerAndRequiresApproval() (gas: 1437397)
[PASS] test_directPurchasedEventIdentifiesPathAndPrice() (gas: 1537217)
[PASS] test_directRepeatPurchaseCannotCreditSellerTwice() (gas: 1551399)
[PASS] test_directSellerMayBeAMemberWithoutMixingSellerPriceAndSurplus() (gas: 1579534)
[PASS] test_directSellerReceivesPullCreditAndHistoricalBem() (gas: 1604541)
[PASS] test_existingSellerBemCannotMaskMissingSettlementReceipt() (gas: 1006062)
[PASS] test_inactiveMinerCannotBePurchased() (gas: 859324)
[PASS] test_marketDeadlineRejectsAtDeadlineAndLeavesRefundAvailable() (gas: 896768)
[PASS] test_marketFailureRollsBackPreviouslyMintedSellerReward() (gas: 1130286)
[PASS] test_marketPriceCapInclusiveAndOneWeiExcessRejected() (gas: 1310789)
[PASS] test_marketPurchaseOneSecondBeforeDeadlineSucceedsDespiteDepositPause() (gas: 1196337)
[PASS] test_marketPurchasePaysOnlyListedPriceAndCreditsOriginalSurplus() (gas: 1212546)
[PASS] test_marketRejectsInvalidListingWrongNftAndWrongTokenId() (gas: 1045966)
[PASS] test_marketRejectsSellerWhoseOwnershipChanged() (gas: 845352)
[PASS] test_marketSettlementEventPrecedesNftTransferAndPurchase() (gas: 1170070)
[PASS] test_minerBecomingInactiveDuringClaimRollsBackEverything() (gas: 1212461)
[PASS] test_miningRecordMustMatchRequestedNft() (gas: 859514)
[PASS] test_noSurplusWhenPurchaseUsesEntireRaise() (gas: 1663919)
[PASS] test_previousWithdrawalCreditAndForcedBnbDoNotInflateSurplus() (gas: 1264803)
[PASS] test_purchaseRequiresFundedAndCannotRepeat() (gas: 1176472)
[PASS] test_rejectingDirectSellerDoesNotBlockPurchaseAndKeepsPullCredit() (gas: 1783622)
[PASS] test_surplusDoesNotPermitOrdinaryTransfersBeforeT1d() (gas: 1180545)
[PASS] test_surplusRemainderReservedSeparatelyAndAllMembersConserveBnb() (gas: 1390237)
[PASS] test_surplusWithdrawImmediatelyAtPurchaseTimestampAndOnlyOnce() (gas: 1251565)
[PASS] test_unconfiguredDirectPathRejected() (gas: 682247)
[PASS] test_unsolicitedTargetNftTransferRejectedOutsidePurchaseContext() (gas: 709700)
[PASS] test_zeroStoredPendingStillClaimsUnreportedRewards() (gas: 1185451)
[PASS] test_zeroTotalRewardCanStillBeSettledAndPurchased() (gas: 1138689)
Suite result: ok. 37 passed; 0 failed; 0 skipped; finished in 35.71s (719.72ms CPU time)

Ran 2 tests for test/invariant/PoolRewardsInvariant.t.sol:PoolRewardsInvariantTest
[PASS] invariant_accumulatorAndHistoricalEpochLiabilitiesMatchOracle() (runs: 128, calls: 8192, reverts: 0)

╭----------------+---------------------+-------+---------+----------╮
| Contract       | Selector            | Calls | Reverts | Discards |
+===================================================================+
| RewardsHandler | advanceTime         | 980   | 0       | 0        |
|----------------+---------------------+-------+---------+----------|
| RewardsHandler | burn                | 1031  | 0       | 0        |
|----------------+---------------------+-------+---------+----------|
| RewardsHandler | claim               | 1042  | 0       | 0        |
|----------------+---------------------+-------+---------+----------|
| RewardsHandler | donate              | 1004  | 0       | 0        |
|----------------+---------------------+-------+---------+----------|
| RewardsHandler | externalMiningClaim | 966   | 0       | 0        |
|----------------+---------------------+-------+---------+----------|
| RewardsHandler | harvest             | 1044  | 0       | 0        |
|----------------+---------------------+-------+---------+----------|
| RewardsHandler | queueMining         | 1087  | 0       | 0        |
|----------------+---------------------+-------+---------+----------|
| RewardsHandler | settle              | 1038  | 0       | 0        |
╰----------------+---------------------+-------+---------+----------╯

Logs:
  Bound result 8926615119
  Bound result 6745
  Bound result 269348788493
  Bound result 3064
  Bound result 8750
  Bound result 907755524663
  Bound result 373109987170
  Bound result 7212
  Bound result 798
  Bound result 289904091701
  Bound result 885380891815
  Bound result 407
  Bound result 689768656334
  Bound result 2230662
  Bound result 113334361510
  Bound result 16595
  Bound result 15257
  Bound result 936697078026
  Bound result 465885183338
  Bound result 0
  Bound result 755287
  Bound result 20308

[PASS] invariant_actualBalancesMatchIndependentGrossNetAndLiabilities() (runs: 128, calls: 8192, reverts: 0)

╭----------------+---------------------+-------+---------+----------╮
| Contract       | Selector            | Calls | Reverts | Discards |
+===================================================================+
| RewardsHandler | advanceTime         | 980   | 0       | 0        |
|----------------+---------------------+-------+---------+----------|
| RewardsHandler | burn                | 1031  | 0       | 0        |
|----------------+---------------------+-------+---------+----------|
| RewardsHandler | claim               | 1042  | 0       | 0        |
|----------------+---------------------+-------+---------+----------|
| RewardsHandler | donate              | 1004  | 0       | 0        |
|----------------+---------------------+-------+---------+----------|
| RewardsHandler | externalMiningClaim | 966   | 0       | 0        |
|----------------+---------------------+-------+---------+----------|
| RewardsHandler | harvest             | 1044  | 0       | 0        |
|----------------+---------------------+-------+---------+----------|
| RewardsHandler | queueMining         | 1087  | 0       | 0        |
|----------------+---------------------+-------+---------+----------|
| RewardsHandler | settle              | 1038  | 0       | 0        |
╰----------------+---------------------+-------+---------+----------╯

Logs:
  Bound result 8926615119
  Bound result 6885
  Bound result 269348788493
  Bound result 3072
  Bound result 8750
  Bound result 907755524663
  Bound result 373109987170
  Bound result 17652
  Bound result 798
  Bound result 289904091701
  Bound result 885380891815
  Bound result 407
  Bound result 689768656334
  Bound result 2230662
  Bound result 113334361510
  Bound result 16596
  Bound result 15238
  Bound result 936697078026
  Bound result 465885183338
  Bound result 0
  Bound result 755287
  Bound result 20307

Suite result: ok. 2 passed; 0 failed; 0 skipped; finished in 41.94s (21.61s CPU time)

Ran 2 tests for test/invariant/ShareMarketInvariant.t.sol:ShareMarketInvariantTest
[PASS] invariant_paidBnbEqualsIndependentCreditsAndWithdrawals() (runs: 128, calls: 8192, reverts: 0)

╭--------------------+---------------------+-------+---------+----------╮
| Contract           | Selector            | Calls | Reverts | Discards |
+=======================================================================+
| ShareMarketHandler | cancelOrder         | 1367  | 0       | 0        |
|--------------------+---------------------+-------+---------+----------|
| ShareMarketHandler | fillOrder           | 1358  | 0       | 0        |
|--------------------+---------------------+-------+---------+----------|
| ShareMarketHandler | listOrder           | 1363  | 0       | 0        |
|--------------------+---------------------+-------+---------+----------|
| ShareMarketHandler | rejectBadPayment    | 1331  | 0       | 0        |
|--------------------+---------------------+-------+---------+----------|
| ShareMarketHandler | rejectMiningFailure | 1413  | 0       | 0        |
|--------------------+---------------------+-------+---------+----------|
| ShareMarketHandler | withdraw            | 1360  | 0       | 0        |
╰--------------------+---------------------+-------+---------+----------╯

Logs:
  Bound result 12
  Bound result 10001
  Bound result 20
  Bound result 16
  Bound result 99
  Bound result 2
  Bound result 100000000000001
  Bound result 5
  Bound result 7
  Bound result 7
  Bound result 133
  Bound result 2
  Bound result 2
  Bound result 14
  Bound result 26
  Bound result 3
  Bound result 27
  Bound result 1
  Bound result 1
  Bound result 977752981095953
  Bound result 2
  Bound result 772044019550723
  Bound result 7
  Bound result 673487645090098
  Bound result 6
  Bound result 4

[PASS] invariant_realOrdersLockExactlyTheirRemainingBeneficialShares() (runs: 128, calls: 8192, reverts: 0)

╭--------------------+---------------------+-------+---------+----------╮
| Contract           | Selector            | Calls | Reverts | Discards |
+=======================================================================+
| ShareMarketHandler | cancelOrder         | 1367  | 0       | 0        |
|--------------------+---------------------+-------+---------+----------|
| ShareMarketHandler | fillOrder           | 1358  | 0       | 0        |
|--------------------+---------------------+-------+---------+----------|
| ShareMarketHandler | listOrder           | 1363  | 0       | 0        |
|--------------------+---------------------+-------+---------+----------|
| ShareMarketHandler | rejectBadPayment    | 1331  | 0       | 0        |
|--------------------+---------------------+-------+---------+----------|
| ShareMarketHandler | rejectMiningFailure | 1413  | 0       | 0        |
|--------------------+---------------------+-------+---------+----------|
| ShareMarketHandler | withdraw            | 1360  | 0       | 0        |
╰--------------------+---------------------+-------+---------+----------╯

Logs:
  Bound result 12
  Bound result 10001
  Bound result 20
  Bound result 16
  Bound result 99
  Bound result 2
  Bound result 100000000000001
  Bound result 5
  Bound result 7
  Bound result 7
  Bound result 133
  Bound result 2
  Bound result 3
  Bound result 14
  Bound result 13
  Bound result 923594156989539
  Bound result 12
  Bound result 27
  Bound result 1
  Bound result 2
  Bound result 772044019550723
  Bound result 7
  Bound result 673487645090098
  Bound result 1
  Bound result 10

Suite result: ok. 2 passed; 0 failed; 0 skipped; finished in 41.29s (54.00s CPU time)

Ran 24 test suites in 41.96s (293.35s CPU time): 297 tests passed, 0 failed, 0 skipped (297 total tests)
