No files changed, compilation skipped

Ran 2 tests for test/unit/DeploymentScript.t.sol:DeploymentScriptTest
[PASS] test_scriptRejectsWrongChainBeforeDeployment() (gas: 12675523)
[PASS] test_scriptSimulatesAtomicDeploymentWithoutPrivateKey() (gas: 27291999)
Logs:
  chainId 56
  coordinator 0xa8Aad1e3ba125Dd2Ac2749B0f059823e4E8C15CE
  deployer 0x000000000000000000000000000000000000D310
  ownerMultisig 0x5615dEB798BB3E4dFa0139dFa1b3D433Cc23b72f
  operator 0x0000000000000000000000000000000000000123
  treasury 0x5615dEB798BB3E4dFa0139dFa1b3D433Cc23b72f
  timelock 0x10f79912D89Eb45A9Df871917507f2494df6EC99
  beacon 0x04DF9CeE8dCbf3FA682284AdB7CC7e5d76CE9b29
  factory 0xF396E8E0c79F3a226De10b272D88f5dab805B526
  shareMarket 0xD49a44B234fDd5e6aa2388830052a505B3d7cd91
  vaultImplementation 0x074d190812BBdEeF161Ac61E12F0856F39093a5a
  0x1fba085d481e9c9cb9898ae76d8543d4698e8e6001a5c7f00078a1c1d219599f
  factoryImplementation 0x744B4E42FF9b6A72bE4B54414F79e972766A1a56
  0x2edca1ee1f7d1a4be34a887a781e8beeffce355ec218665cc66c5b857b00d7a0
  marketImplementation 0xBe54712881c6957580f8e2C4575a8511cc7ffAC8
  0x77d5ff90060217e0ee6651957799be75acde0c862107c11791c1c64aa594f1c1

Suite result: ok. 2 passed; 0 failed; 0 skipped; finished in 8.78ms (4.64ms CPU time)

Ran 12 tests for test/unit/PoolGovernance.t.sol:PoolGovernanceTest
[PASS] test_BeaconOwnershipCannotMigrateEvenThroughTimelock() (gas: 99036)
[PASS] test_BeaconUpgradeChangesAllPoolsOnlyAfter48Hours() (gas: 6738702)
[PASS] test_CreateBothWhitelistedCircuitTypesAndDirectSale() (gas: 1094866)
[PASS] test_CreatePoolRegistryAndTreasurySnapshot() (gas: 1047951)
[PASS] test_CreateRejectsInvalidEconomicAndTimingParameters() (gas: 215599)
[PASS] test_DailyAdminDoesNotGiveOperatorOwnerPowers() (gas: 616700)
[PASS] test_FactoryUpgradeRequiresRealTimelockQueueAndPreservesRegistry() (gas: 2942723)
[PASS] test_GovernanceRolesAndNoDeployerAdmin() (gas: 77091)
[PASS] test_InitializationRejectsMissingRolesAndUnprotectedGovernance() (gas: 2258777)
[PASS] test_InitializeIsAtomicAndCannotBeRepeated() (gas: 38847)
[PASS] test_TimelockDelayCannotBeReducedBelow48Hours() (gas: 63457)
[PASS] test_TimelockProposeCancelAndPublicExecuteBoundaries() (gas: 58056)
Suite result: ok. 12 passed; 0 failed; 0 skipped; finished in 9.34ms (2.95ms CPU time)

Ran 15 tests for test/unit/AtomicDeployment.t.sol:AtomicDeploymentTest
[PASS] test_AtomicGraphIsInitializedWithCorrectRolesAndNoDeployerAuthority() (gas: 3250278)
[PASS] test_AtomicMarketUpgradeStillRequiresFull48HourTimelock() (gas: 3789925)
[PASS] test_BeaconAcceptsBoundUpgradeOnlyAfter48Hours() (gas: 7843488)
[PASS] test_BeaconRejectsWrongFactoryOrMissingBindingEvenAfterTimelock() (gas: 7363193)
[PASS] test_BootstrapMarketCannotBeReplacedByOwnerOperatorOrLaterTimelock() (gas: 2466105)
[PASS] test_DeploymentAndBothInitializersCannotBeReplayedOrTakenOver() (gas: 2437821)
[PASS] test_ImplementationsCannotBeInitializedBeforeDeployment() (gas: 28790)
[PASS] test_NoPublicProxySurvivesFailedBootstrapAndSamePredictionCanRetry() (gas: 4611065)
[PASS] test_OnlyBoundOfficialFactoryCanInitializeOfficialBeaconPool() (gas: 3241234)
[PASS] test_ProductionCoordinatorAndImplementationsFitProtocolCodeLimits() (gas: 43819)
[PASS] test_RejectsForeignFactoryBindingAndEmptyImplementation() (gas: 4995811)
[PASS] test_RejectsInvalidOwnerMultisigConfiguration() (gas: 928850)
[PASS] test_RejectsInvalidTreasuryMultisigThreshold() (gas: 483163)
[PASS] test_RejectsUnseparatedOrMissingProductionRoles() (gas: 76226)
[PASS] test_SeparateTreasuryMultisigCanUseDifferentValidThreshold() (gas: 2691923)
Suite result: ok. 15 passed; 0 failed; 0 skipped; finished in 11.88ms (5.77ms CPU time)

Ran 17 tests for test/unit/PoolMining.t.sol:PoolMiningTest
[PASS] test_armAndStartRejectOtherCollectionOrToken() (gas: 1129907)
[PASS] test_armForwardsExactDataFromVaultToFixedMining() (gas: 1194996)
[PASS] test_externalCallCannotReenterMineEvenWhenMiningIsOperator() (gas: 1407423)
[PASS] test_mineRejectsMemberOwnerAndStranger() (gas: 1065642)
[PASS] test_mineRequiresActiveInFundingFundedAndRefunding() (gas: 774762)
[PASS] test_minerIdentityChangeDuringMiningCallRollsBack() (gas: 1223190)
[PASS] test_missingOwnershipRejectsBeforeCallingMining() (gas: 1039947)
[PASS] test_operatorRotationRevokesOldAuthorityOnExistingPool() (gas: 1208314)
[PASS] test_ownerLossDuringMiningCallRollsBackProtocolMutation() (gas: 1230750)
[PASS] test_protocolCustomErrorBubblesWithoutChangingAssets() (gas: 1140105)
[PASS] test_reclaimOnlyForCurrentProjectKey() (gas: 1189023)
[PASS] test_shortPayloadAndWrongFixedLengthsRejected() (gas: 1206837)
[PASS] test_startDecodesCompleteDynamicArgumentsAndPreservesReturnData() (gas: 1580615)
[PASS] test_startMalformedDynamicOffsetsCannotReachMining() (gas: 1036961)
[PASS] test_startRejectsNoncanonicalTrailingData() (gas: 1044264)
[PASS] test_stopClaimApprovalAndArbitrarySelectorRejectedBeforeExternalCall() (gas: 1140979)
[PASS] test_wrongMinerIdentityRejectsBeforeCallingMining() (gas: 1045837)
Suite result: ok. 17 passed; 0 failed; 0 skipped; finished in 11.92ms (5.20ms CPU time)

Ran 12 tests for test/unit/AuditMiningSettlement.t.sol:AuditMiningSettlementTest
[PASS] test_activeClaimCannotLeavePendingDebt() (gas: 213564)
[PASS] test_activeClaimFailureStillRejectsEvenWithZeroPending() (gas: 698849)
[PASS] test_activeClaimStillRequiresPendingPaidToCurrentVault() (gas: 234160)
[PASS] test_mockClaimRejectsEveryNonMiningStatusWithRealSelector() (gas: 28771)
[PASS] test_nonMiningOutstandingPendingFailsClosedForTransferAndSale() (gas: 709750)
[PASS] test_ordinaryInactiveHarvestEmitsFailureAndOldRewardsRemainClaimable() (gas: 719784)
[PASS] test_status0ZeroSettlementAllowsTransfersMarketFillAndCompleteSale() (gas: 2161466)
[PASS] test_status2ZeroSettlementAllowsTransfersMarketFillAndCompleteSale() (gas: 2166223)
[PASS] test_status3ZeroSettlementAllowsTransfersMarketFillAndCompleteSale() (gas: 2166289)
[PASS] test_unknownPostClaimStatusAlsoFailsClosed() (gas: 161877)
[PASS] test_unknownStatusesWithZeroPendingFailClosed() (gas: 740671)
[PASS] test_zeroSettlementStillChecksIdentityAndActualNftOwner() (gas: 186798)
Suite result: ok. 12 passed; 0 failed; 0 skipped; finished in 20.46ms (13.03ms CPU time)

Ran 29 tests for test/unit/PoolFunding.t.sol:PoolFundingTest
[PASS] testFuzz_paymentMustMatchExactIntegerShares(uint8,uint96) (runs: 256, μ: 57087, ~: 57202)
Logs:
  Bound result 4
  Bound result 31951

[PASS] test_assetOwedExposesOnlyNativeBnbLiability() (gas: 344673)
[PASS] test_bnbCallbackCannotWithdrawTwice() (gas: 450008)
[PASS] test_checkpointTracksMembershipAndSameTimestampFinalState() (gas: 710814)
[PASS] test_cumulativeShareCapAndRepeatMembership() (gas: 351761)
[PASS] test_currentAndFutureCheckpointLookupsReject() (gas: 33463)
[PASS] test_depositBeforeDeadlineButRejectAtDeadlineAndAfter() (gas: 332860)
[PASS] test_depositOneAndFortyNineShares() (gas: 482949)
[PASS] test_erc20TransfersAndApprovalsCannotReplaceBnbSubscription() (gas: 584033)
[PASS] test_failedBnbTransferRestoresPullCredit() (gas: 384459)
[PASS] test_finalizeBeforeFundingDeadlineAndRepeatedFinalizeRejected() (gas: 378663)
[PASS] test_fundingTimeoutCreditsActualContributionsOnly() (gas: 551651)
[PASS] test_initialStateAndAssetBindings() (gas: 74403)
[PASS] test_nonCanonicalUint8AbiCannotMintFractionalShares() (gas: 36390)
[PASS] test_oneHundredMemberFailureHasBoundedGasAndConservesBnb() (gas: 17612527)
Logs:
  finalizeFailure 100 members gas: 2359547

[PASS] test_operatorReplacementRevokesOldAuthorityInExistingPool() (gas: 78415)
[PASS] test_overRemainingSharesRejectedThenLastShareCompletes() (gas: 839788)
[PASS] test_pauseOnlyDepositsAndDoesNotBlockWithdrawalOrFailure() (gas: 570548)
[PASS] test_pauseRequiresOperatorAndResumeRestoresDeposits() (gas: 366203)
[PASS] test_plainBnbTransferCannotSubscribe() (gas: 39940)
[PASS] test_purchaseTimeoutAndExactDeadline() (gas: 727205)
[PASS] test_redepositDoesNotOverwritePriorPullCreditOrDuplicateRefund() (gas: 509520)
[PASS] test_refundHasNoBemClaimIntervalOrExpiry() (gas: 734415)
[PASS] test_repeatedWithdrawAndNonMemberCannotTakeOthersBnb() (gas: 360740)
[PASS] test_shareTransferAndTransferFromRejectedBeforeActive() (gas: 352875)
[PASS] test_threeMembersFortyNineFortyNineTwoFundExactly() (gas: 673302)
[PASS] test_withdrawDepositAfterDeadlineBeforeFinalizationRemainsAvailable() (gas: 371306)
[PASS] test_withdrawDepositIsPullAndRemovesCurrentMember() (gas: 487232)
[PASS] test_zeroAndFiftySharesRejected() (gas: 52632)
Suite result: ok. 29 passed; 0 failed; 0 skipped; finished in 50.65ms (55.96ms CPU time)

Ran 8 tests for test/unit/SingleOwnerDeployment.t.sol:SingleOwnerDeploymentTest
[PASS] test_AllThreeUpgradePathsRequire48HoursAndPreserveFundedPool() (gas: 11780612)
[PASS] test_DeploymentAndInitializersCannotBeReplayedOrTakenOver() (gas: 2435269)
[PASS] test_FailedGraphLeavesNoUninitializedProxyAndCanRetrySamePrediction() (gas: 4576408)
[PASS] test_ForeignCallerCannotDeployAndOwnerCannotBeRedirected() (gas: 40290)
[PASS] test_OwnerCannotReduceSchedulingFloorEvenThroughTimelock() (gas: 2439046)
[PASS] test_RejectsEmptyImplementationsAndForeignVaultBinding() (gas: 4922399)
[PASS] test_RejectsZeroRolesAndPreservesLegacyMultisigRequirements() (gas: 46151)
[PASS] test_SingleEOAWalletReceivesDailyRolesButNotDirectUpgradeAuthority() (gas: 2957934)
Suite result: ok. 8 passed; 0 failed; 0 skipped; finished in 4.99ms (4.15ms CPU time)

Ran 22 tests for test/unit/ShareMarket.t.sol:ShareMarketTest
[PASS] testFuzz_listedOrClosedCannotFillButCancelOnlyUnlocks(bool) (runs: 256, μ: 214660, ~: 214566)
[PASS] test_cancelOnlySellerAndCannotRepeatOrFillCancelledOrder() (gas: 195558)
[PASS] test_failedFinalMiningClaimRollsBackFillBnbCreditAndLocks() (gas: 427002)
[PASS] test_feeRecipientUsesPoolSnapshotWhenFactoryTreasuryChanges() (gas: 608127)
[PASS] test_feeRoundsDownPerPartialFillAndRemainderStaysWithSeller() (gas: 673674)
[PASS] test_fullFillCreditsCanBeWithdrawnOnlyOnceByRecipients() (gas: 618490)
[PASS] test_fundingPoolCannotListShares() (gas: 554586)
[PASS] test_listingAndCancelDoNotTransferSharesOrCreateMemberCheckpoints() (gas: 216039)
[PASS] test_lockedSharesCannotBeUsedToBypassBuyerMaximum() (gas: 675519)
[PASS] test_marketInitializeLockedAndRejectsWrongGovernance() (gas: 2986294)
[PASS] test_miningCallbackCannotReenterFillDuringLockedTransfer() (gas: 1177968)
[PASS] test_multipleOrdersCannotLockMoreThanSellerOwnsAndCancelFreesOnlyRemainder() (gas: 887895)
[PASS] test_partialFillsPreserveLocksAndDeductExactlyOnePercentFromSeller() (gas: 854149)
[PASS] test_registrationChecksCodeFactoryAndTimelockIdentityEvenThroughQueue() (gas: 2859179)
[PASS] test_registrationRequiresActual48HourQueueAndCannotInstantlyReplace() (gas: 5730641)
[PASS] test_rejectingSellerCannotBlockFillAndFailedWithdrawalKeepsCredit() (gas: 1139330)
[PASS] test_sellerAndTreasurySameAddressAccumulateRatherThanOverwrite() (gas: 700082)
[PASS] test_unregisteredMarketAndUnknownPoolCannotCreateOrders() (gas: 1605131)
[PASS] test_uupsUpgradeRequiresActual48HourQueueAndPreservesOrderAndCredit() (gas: 2280674)
[PASS] test_withdrawBnbCallbackCannotReenterAndGetPaidTwice() (gas: 1212474)
[PASS] test_wrongAmountWrongPaymentAndUnknownOrderAreAtomic() (gas: 296222)
[PASS] test_zeroPriceOrderTransfersFreelyWithNoFeeOrBnbLiability() (gas: 731255)
Suite result: ok. 22 passed; 0 failed; 0 skipped; finished in 212.35ms (208.77ms CPU time)

Ran 4 tests for test/unit/AuditShareRecipient.t.sol:AuditShareRecipientTest
[PASS] testFuzz_marketFillRejectsPoolAndFactoryAndPreservesOrderAndPayment(bool) (runs: 256, μ: 410696, ~: 409644)
[PASS] testFuzz_subscriptionCannotMintToPoolOrFactory(bool) (runs: 256, μ: 607914, ~: 607788)
[PASS] testFuzz_transferFromRejectsPoolAndFactoryAndPreservesAllowance(bool) (runs: 256, μ: 159478, ~: 157441)
[PASS] testFuzz_transferRejectsPoolAndFactoryWithoutConsumingOldRewards(bool) (runs: 256, μ: 1022703, ~: 1020666)
Suite result: ok. 4 passed; 0 failed; 0 skipped; finished in 472.12ms (594.32ms CPU time)

Ran 37 tests for test/unit/PoolPurchase.t.sol:PoolPurchaseTest
[PASS] testFuzz_badClaimPostconditionsRollback(uint8) (runs: 256, μ: 1017349, ~: 1007858)
Logs:
  Bound result 3

[PASS] testFuzz_badPostPurchaseOwnershipOrMiningRollsBack(uint8) (runs: 256, μ: 1173398, ~: 1196548)
Logs:
  Bound result 3

[PASS] testFuzz_directBadCallbackRollsBackSellerCreditAndReward(uint8) (runs: 256, μ: 1539649, ~: 1517896)
Logs:
  Bound result 6

[PASS] testFuzz_wrongOrDuplicateCallbackRollsBack(uint8) (runs: 256, μ: 1164509, ~: 1134138)
Logs:
  Bound result 6

[PASS] test_callbackCannotReenterAnotherPurchase() (gas: 1280383)
[PASS] test_claimCallbackCannotReenterAnotherPurchase() (gas: 1329570)
[PASS] test_claimCallbackCannotWithdrawExistingCredit() (gas: 1442918)
[PASS] test_claimFailureDoesNotGetSwallowedEvenWhenPendingZero() (gas: 894893)
[PASS] test_directDeadlineRejectsAtDeadline() (gas: 1238849)
[PASS] test_directOnlyConfiguredSellerAndRequiresApproval() (gas: 1447973)
[PASS] test_directPurchasedEventIdentifiesPathAndPrice() (gas: 1542446)
[PASS] test_directRepeatPurchaseCannotCreditSellerTwice() (gas: 1557233)
[PASS] test_directSellerMayBeAMemberWithoutMixingSellerPriceAndSurplus() (gas: 1584697)
[PASS] test_directSellerReceivesPullCreditAndHistoricalBem() (gas: 1609727)
[PASS] test_existingSellerBemCannotMaskMissingSettlementReceipt() (gas: 1011438)
[PASS] test_inactiveMinerCannotBePurchased() (gas: 864700)
[PASS] test_marketDeadlineRejectsAtDeadlineAndLeavesRefundAvailable() (gas: 899928)
[PASS] test_marketFailureRollsBackPreviouslyMintedSellerReward() (gas: 1135796)
[PASS] test_marketPriceCapInclusiveAndOneWeiExcessRejected() (gas: 1321845)
[PASS] test_marketPurchaseOneSecondBeforeDeadlineSucceedsDespiteDepositPause() (gas: 1202083)
[PASS] test_marketPurchasePaysOnlyListedPriceAndCreditsOriginalSurplus() (gas: 1218138)
[PASS] test_marketRejectsInvalidListingWrongNftAndWrongTokenId() (gas: 1062226)
[PASS] test_marketRejectsSellerWhoseOwnershipChanged() (gas: 850706)
[PASS] test_marketSettlementEventPrecedesNftTransferAndPurchase() (gas: 1175683)
[PASS] test_minerBecomingInactiveDuringClaimRollsBackEverything() (gas: 1217936)
[PASS] test_miningRecordMustMatchRequestedNft() (gas: 864890)
[PASS] test_noSurplusWhenPurchaseUsesEntireRaise() (gas: 1669564)
[PASS] test_previousWithdrawalCreditAndForcedBnbDoNotInflateSurplus() (gas: 1270328)
[PASS] test_purchaseRequiresFundedAndCannotRepeat() (gas: 1186161)
[PASS] test_rejectingDirectSellerDoesNotBlockPurchaseAndKeepsPullCredit() (gas: 1788830)
[PASS] test_surplusDoesNotPermitOrdinaryTransfersBeforeT1d() (gas: 1186114)
[PASS] test_surplusRemainderReservedSeparatelyAndAllMembersConserveBnb() (gas: 1395740)
[PASS] test_surplusWithdrawImmediatelyAtPurchaseTimestampAndOnlyOnce() (gas: 1257201)
[PASS] test_unconfiguredDirectPathRejected() (gas: 687461)
[PASS] test_unsolicitedTargetNftTransferRejectedOutsidePurchaseContext() (gas: 709634)
[PASS] test_zeroStoredPendingStillClaimsUnreportedRewards() (gas: 1191087)
[PASS] test_zeroTotalRewardCanStillBeSettledAndPurchased() (gas: 1144325)
Suite result: ok. 37 passed; 0 failed; 0 skipped; finished in 601.59ms (600.05ms CPU time)

Ran 20 tests for test/unit/FlexiblePurchase.t.sol:FlexiblePurchaseTest
[PASS] testFuzz_alternativeRejectsLowWeightUnverifiedOptimalOrInactive(uint8) (runs: 256, μ: 872718, ~: 868082)
Logs:
  Bound result 3

[PASS] testFuzz_invalidNftCallbackRollsBackSelectionAndSellerSettlement(uint8) (runs: 256, μ: 1174694, ~: 1148069)
Logs:
  Bound result 6

[PASS] testFuzz_marketFaultRollsBackSelectionAndFunds(uint8) (runs: 256, μ: 1109361, ~: 1084312)
Logs:
  Bound result 2

[PASS] testFuzz_qualityChangedDuringRewardClaimRollsBack(uint8) (runs: 256, μ: 1259227, ~: 1264270)
Logs:
  Bound result 3

[PASS] test_callbacksCannotReenterAndPurchaseCannotRepeat() (gas: 1485192)
[PASS] test_configRejectsDirectRouteAndZeroOrFutureTerms() (gas: 1639883)
[PASS] test_configureIsAtomicFactoryOnlyAndImmutable() (gas: 77749)
[PASS] test_configureRejectsPostFundingEvenWhenFactoryCalls() (gas: 823530)
[PASS] test_extraAdjustableAndTargetRoundsUpToHundredWei() (gas: 1370873)
[PASS] test_factoryCreationRejectsUnauthorizedAndInvalidReferenceRaise() (gas: 574997)
[PASS] test_fixedPoolCannotUseAlternativeAndKeepsOriginalName() (gas: 1289728)
[PASS] test_flexiblePoolCannotUseDirectSellerBypass() (gas: 715308)
[PASS] test_fullSurplusUses49_26_25AndRoundingNoDustRemains() (gas: 1344928)
[PASS] test_originalEntryCannotBypassVerifiedQuality() (gas: 878421)
[PASS] test_originalSoldThenQualifiedAlternativeActivatesAndSettlesSellerOldRewards() (gas: 1525404)
[PASS] test_priceCapRejectsOneWeiExcessAndAllowsBoundary() (gas: 1357998)
[PASS] test_purchaseRequiresFullFundingAndStopsExactlyAtDeadline() (gas: 945443)
[PASS] test_transferAfterPurchaseKeepsRefundWithOriginalShareholders() (gas: 3065573)
[PASS] test_withdrawnSubscriptionCreditAndDonationsExcludedFromNewSurplus() (gas: 1333715)
[PASS] test_wrongCollectionEvenAnotherOfficialCollectionRejected() (gas: 833705)
Suite result: ok. 20 passed; 0 failed; 0 skipped; finished in 636.73ms (635.52ms CPU time)

Ran 23 tests for test/unit/PoolBurn.t.sol:PoolBurnTest
[PASS] testFuzz_partialPullBudgetConservation(uint256,uint256) (runs: 256, μ: 1802432, ~: 1806241)
Logs:
  Bound result 187877615085085700
  Bound result 4583951269071

[PASS] test_deadTransferFailureRollsBackBudgetSwapAndAllBalances() (gas: 1826893)
[PASS] test_fullInputBurnPreservesEveryOtherAssetAndLiability() (gas: 1792534)
[PASS] test_maxInOnlyBoundsThisCallAndCannotSpendMoreThanBudget() (gas: 1368963)
[PASS] test_memberAndTreasuryWithdrawalsBeforeBurnLeaveBudgetBacked() (gas: 1988668)
[PASS] test_missingNativeRefundRevertsAtomically() (gas: 1803248)
[PASS] test_onlyCurrentOperatorInClosedCanExecute() (gas: 1488363)
[PASS] test_outputBelowMinimumRevertsAllPaymentsAndAccounting() (gas: 1763761)
[PASS] test_partialInputRefundUses2300GasProxyReceiveAndRetainsOldWbnb() (gas: 1883821)
[PASS] test_plainBnbAndUnsolicitedWbnbSenderRefundRemainRejected() (gas: 1156488)
[PASS] test_privilegedBemCallbackCannotReenterBurn() (gas: 1553852)
[PASS] test_privilegedRouterCallbackCannotReenterBurn() (gas: 1531938)
[PASS] test_routerCannotConsumeDonatedOldWbnb() (gas: 1792638)
[PASS] test_routerCannotInflateWrappedRefundBeyondThisInput() (gas: 1804460)
[PASS] test_routerCannotPullMoreThanExactAllowance() (gas: 1735812)
[PASS] test_wrongDepositMintAmountRevertsAtomically() (gas: 1646875)
[PASS] test_wrongNativeRefundAmountFailsReceiveAndRollsBack() (gas: 1811289)
[PASS] test_wrongReportedOutputRevertsAllPaymentsAndAccounting() (gas: 1767986)
[PASS] test_zeroActualSpendStillBurnsOutputAndRestoresEntireBudget() (gas: 1769841)
[PASS] test_zeroMaxInAndZeroBudgetRejectWithoutRouterCall() (gas: 1682650)
[PASS] test_zeroMaxInWithFundedBudgetRejects() (gas: 1566555)
[PASS] test_zeroMinOutAllowedWithPositiveActualOutput() (gas: 1358179)
[PASS] test_zeroOutputRejectsEvenWhenMinimumIsZero() (gas: 1741106)
Suite result: ok. 23 passed; 0 failed; 0 skipped; finished in 397.53ms (395.11ms CPU time)

Ran 30 tests for test/unit/PoolRewards.t.sol:PoolRewardsTest
[PASS] testFuzz_failedFeeOrBurnTransferRollsBackHarvest(bool) (runs: 256, μ: 458976, ~: 444675)
[PASS] testFuzz_harnessStrictHarvestRejectsFailedOrUnsettledClaimWithoutCharging(uint8) (runs: 256, μ: 250530, ~: 256850)
Logs:
  Bound result 3

[PASS] testFuzz_harnessTerminalStateKeepsHistoricalClaimsAndOriginalExpiry(bool) (runs: 256, μ: 893905, ~: 893892)
[PASS] test_allEightLiveEpochsIncludedBeforeExactExpiry() (gas: 2299702)
[PASS] test_bemTransferCannotReenterHarvest() (gas: 525913)
[PASS] test_bnbSurplusWithdrawalNotBlockedByBemCooldown() (gas: 725974)
[PASS] test_burnIncludesBatchDustAndCannotChargeAgain() (gas: 1314949)
[PASS] test_cumulativeDustMayExceedSingleDivisionBound() (gas: 21593494)
[PASS] test_directBemAndExternalMiningClaimAreRecognizedExactlyOnce() (gas: 479982)
[PASS] test_directReceiptUsesAccountingEpochAfterLongIdlePeriod() (gas: 646614)
[PASS] test_expiringBatchesDoNotCarryFractionAcrossEpochs() (gas: 1467268)
[PASS] test_expiryCanOnlyBeConfiguredOnceDuringFactoryCreation() (gas: 1041496)
[PASS] test_expiryDisabledKeepsOldRewardsAndGlobalFractionalCarry() (gas: 2465077)
[PASS] test_expiryDisabledSampleStillSplitsNinetyFiveFourOne() (gas: 2263574)
[PASS] test_failedExpiryBurnPreservesWholeBatchAndCanRetry() (gas: 552871)
[PASS] test_failedMemberTransferPreservesDebtAndClaimTime() (gas: 914130)
[PASS] test_feeRoundingIsPerHarvestNotRecomputedFromLifetimeGross() (gas: 6569470)
[PASS] test_firstClaimImmediateThenExactTwentyFourHourBoundary() (gas: 1034601)
[PASS] test_harnessClosedStatePreservesExistingClaimCooldown() (gas: 856007)
[PASS] test_harnessClosedWithExpiryDisabledKeepsRewardsForYears() (gas: 2212015)
[PASS] test_harnessStrictHarvestSuccessfullyAccountsActualReceipt() (gas: 451512)
[PASS] test_longGapRecordsOnlyActualCurrentReceiptWithoutInventingPastDays() (gas: 961276)
Logs:
  harvest and claim after 30000 empty days: 332511

[PASS] test_miningClaimCannotReenterHarvest() (gas: 519936)
[PASS] test_miningClaimChangingOwnerRollsBackEntireHarvest() (gas: 254544)
[PASS] test_oneBemSpecificationExampleAndAllMembersConserve() (gas: 1087356)
[PASS] test_ordinaryClaimFailureStillAccountsIndependentDirectReceipt() (gas: 669893)
[PASS] test_ringOverwritePreservesExpiredGlobalLiabilityAndNewRewards() (gas: 1338778)
[PASS] test_sameEpochMultipleSettlementsPreserveFractionalRemainder() (gas: 1237970)
[PASS] test_twoOneBemHarvestsAccumulateWithoutChargingOldBalancesAgain() (gas: 1221686)
[PASS] test_zeroClaimDoesNotStartCooldownAndOtherUsersDoNotResetIt() (gas: 1024637)
Suite result: ok. 30 passed; 0 failed; 0 skipped; finished in 448.17ms (446.41ms CPU time)

Ran 27 tests for test/unit/PoolVoting.t.sol:PoolVotingTest
[PASS] testFuzz_referenceAndPriceAreRecordedWithoutOracleValidation(uint256,uint256,uint64) (runs: 256, μ: 259061, ~: 259528)
[PASS] test_acquisitionSevenDayBoundaryAndProposalSnapshot() (gas: 301722)
[PASS] test_closedLifecycleFixtureCannotVoteOrProposeButRetainsHistory() (gas: 402287)
[PASS] test_currentNewMemberCanProposeButHasNoSameSecondHistoricalVote() (gas: 741422)
[PASS] test_exactlyHalfMembersFailEvenWithShareMajority() (gas: 712857)
[PASS] test_exactlyHalfSharesFailEvenWithMemberMajority() (gas: 933865)
[PASS] test_falseVoteConsumesVoteAndCannotBeChanged() (gas: 325505)
[PASS] test_formerMemberVotesOriginalWeightAfterCompleteExit() (gas: 712228)
[PASS] test_fortyNineSharesAloneDoNotPass() (gas: 333231)
[PASS] test_fundingFundedAndRefundingPoolsCannotProposeOrVote() (gas: 1219906)
[PASS] test_listedLifecycleFixtureRejectsProposalsAndVotesWithoutChangingHistory() (gas: 391029)
[PASS] test_lockedSharesRetainBeneficialOwnerVoteAndCancellationDoesNotResetVote() (gas: 496431)
[PASS] test_memberReceivingMoreSharesAfterProposalOnlyVotesHistoricalWeight() (gas: 706462)
[PASS] test_miningCallbackCannotProposeDuringShareTransfer() (gas: 1052781)
[PASS] test_miningCallbackCannotVoteDuringShareTransfer() (gas: 1109425)
[PASS] test_nonMembersHaveNoPrivilegedProposalOrVoteAccess() (gas: 383750)
[PASS] test_onlyOneLiveProposalAndRejectedAttemptsDoNotSetCooldown() (gas: 289315)
[PASS] test_replacementProposalRefreshesSnapshotAndDoesNotInheritOldVotes() (gas: 1080154)
[PASS] test_sameProposerSevenDayBoundarySurvivesExitAndReentry() (gas: 823090)
[PASS] test_sameSecondDirectTransferCannotDuplicateSnapshotVotes() (gas: 762009)
[PASS] test_sameSecondMarketFillCannotDuplicateSnapshotVotes() (gas: 875590)
[PASS] test_sameSecondMemberExitCannotLowerSnapshotMajorityThreshold() (gas: 795964)
[PASS] test_sameSecondTransferFromCannotDuplicateSnapshotVotes() (gas: 772630)
[PASS] test_twentyFourHourVotingBoundaryAndExpiredProposalReplacement() (gas: 660162)
[PASS] test_twoOfThreeMembersWithFiftyOneSharesPass() (gas: 372340)
[PASS] test_unknownProposalViewsAndVotesRejectWithoutWritingVotes() (gas: 305861)
[PASS] test_zeroPriceAndReferenceWithFutureReferenceTimestampAreAccepted() (gas: 335114)
Suite result: ok. 27 passed; 0 failed; 0 skipped; finished in 151.67ms (149.15ms CPU time)

INCOMPLETE: default-profile long invariant run intentionally interrupted; 258 emitted PASS, 0 emitted FAIL. Superseded by flexible-ci-regression.log (repository CI profile).
