▲ Next.js 16.2.1 (Turbopack)

  Creating an optimized production build ...
✓ Compiled successfully in 1309ms
  Running TypeScript ...
  Finished TypeScript in 81ms ...
  Collecting page data using 8 workers ...
  Generating static pages using 8 workers (0/7) ...
  Generating static pages using 8 workers (1/7) 
  Generating static pages using 8 workers (3/7) 
  Generating static pages using 8 workers (5/7) 
✓ Generating static pages using 8 workers (7/7) in 275ms
  Finalizing page optimization ...

Route (app)
┌ ○ /
├ ○ /_not-found
├ ○ /design
├ ○ /icon.svg
├ ○ /review
└ ○ /review/frame


○  (Static)  prerendered as static content

