No files changed, compilation skipped

Ran 35 tests for test/unit/FlexiblePurchase.t.sol:FlexiblePurchaseTest
[PASS] testFuzz_alternativeRejectsLowWeightUnverifiedOptimalOrInactive(uint8) (runs: 256, μ: 899969, ~: 895572)
Logs:
  Bound result 0

[PASS] testFuzz_configureRejectsInvalidOnchainReferenceAtomically(uint8) (runs: 256, μ: 599503, ~: 596184)
Logs:
  Bound result 0

[PASS] testFuzz_invalidNftCallbackRollsBackSelectionAndSellerSettlement(uint8) (runs: 256, μ: 1207693, ~: 1188528)
Logs:
  Bound result 6

[PASS] testFuzz_marketFaultRollsBackSelectionAndFunds(uint8) (runs: 256, μ: 1150879, ~: 1124927)
Logs:
  Bound result 2

[PASS] testFuzz_modelChangedDuringClaimOrMarketTransferRollsBack(bool) (runs: 256, μ: 1384745, ~: 1384046)
[PASS] testFuzz_modelIsReadFromChainIncludingTaskZero(uint32) (runs: 256, μ: 773321, ~: 773354)
[PASS] testFuzz_originalUnavailableOrUnqualifiedAllowsReplacement(uint8) (runs: 256, μ: 1448347, ~: 1455574)
Logs:
  Bound result 2

[PASS] testFuzz_qualityChangedDuringRewardClaimRollsBack(uint8) (runs: 256, μ: 1299582, ~: 1304926)
Logs:
  Bound result 3

[PASS] testFuzz_rejectingBnbHolderCannotBlockPurchaseOrOtherRefunds(bool) (runs: 256, μ: 1122348, ~: 823888)
[PASS] testFuzz_wrongMinerIdentityRollsBackAllFunds(bool) (runs: 256, μ: 888827, ~: 888746)
[PASS] testFuzz_zeroPriceOrSellerOriginalIsNotPurchasable(bool) (runs: 256, μ: 1405783, ~: 1396044)
[PASS] test_callbacksCannotReenterAndPurchaseCannotRepeat() (gas: 1524015)
[PASS] test_configRejectsDirectRouteAndZeroOrFutureTerms() (gas: 1640104)
[PASS] test_configureIsAtomicFactoryOnlyAndImmutable() (gas: 83493)
[PASS] test_configureRejectsPostFundingEvenWhenFactoryCalls() (gas: 823552)
[PASS] test_extraAdjustableAndTargetRoundsUpToHundredWei() (gas: 1450255)
[PASS] test_factoryCreationRejectsUnauthorizedAndInvalidReferenceRaise() (gas: 575107)
[PASS] test_failedOriginalLookupCannotBeTreatedAsUnavailable() (gas: 931038)
[PASS] test_failureWith100HoldersStaysWithinLocalGasBudgetAndReturnsEveryWei() (gas: 21875331)
Logs:
  100-holder failure local execution gas (setup excluded): 3052347

[PASS] test_fixedPoolCannotUseAlternativeAndKeepsOriginalName() (gas: 1312750)
[PASS] test_flexiblePoolCannotUseDirectSellerBypass() (gas: 715507)
[PASS] test_fullSurplusUses49_26_25AndRoundingNoDustRemains() (gas: 1383768)
[PASS] test_legacyFlexibleWithoutModelCannotPurchaseOrBackfillButCanRefund() (gas: 1121774)
[PASS] test_missingTransferApprovalRollsBackSelectionPaymentAndSellerRewards() (gas: 1124355)
[PASS] test_originalAffordableListingPreventsThirdPartyAlternativeFrontRun() (gas: 1520740)
[PASS] test_originalEntryCannotBypassVerifiedQuality() (gas: 903806)
[PASS] test_originalSimulationFailureDoesNotAuthorizeAlternativeButDeadlineRefundWorks() (gas: 1304695)
[PASS] test_originalSoldThenQualifiedAlternativeActivatesAndSettlesSellerOldRewards() (gas: 1581673)
[PASS] test_priceCapRejectsOneWeiExcessAndAllowsBoundary() (gas: 1414963)
[PASS] test_purchaseRequiresFullFundingAndStopsExactlyAtDeadline() (gas: 968367)
[PASS] test_purchaseWith100HoldersStaysWithinLocalGasBudgetAndAllocatesEveryWei() (gas: 22881604)
Logs:
  100-holder purchase local execution gas (setup excluded): 5831032

[PASS] test_sameWeightWrongTaskRejectedOnBothPurchaseEntries() (gas: 1058835)
[PASS] test_transferAfterPurchaseKeepsRefundWithOriginalShareholders() (gas: 3104689)
[PASS] test_withdrawnSubscriptionCreditAndDonationsExcludedFromNewSurplus() (gas: 1372532)
[PASS] test_wrongCollectionEvenAnotherOfficialCollectionRejected() (gas: 858947)
Suite result: ok. 35 passed; 0 failed; 0 skipped; finished in 158.96ms (1.38s CPU time)

Ran 1 test suite in 164.20ms (158.96ms CPU time): 35 tests passed, 0 failed, 0 skipped (35 total tests)
