::group::toolchain
forge Version: 1.7.1
Commit SHA: 4072e48705af9d93e3c0f6e29e93b5e9a40caed8
Build Timestamp: 2026-05-08T07:54:31.470926000Z (1778226871)
Build Profile: dist

toolchain: exit 0 — /var/folders/mq/m38nclt50d37ftnz_9bxthnm0000gn/T/pinkuang-forge-real-failure-zI1KZy/evidence/toolchain.log
::endgroup::
::group::forge-fmt
Warning: Selected profile `ci` does not exist; falling back to the default profile.

forge-fmt: exit 0 — /var/folders/mq/m38nclt50d37ftnz_9bxthnm0000gn/T/pinkuang-forge-real-failure-zI1KZy/evidence/forge-fmt.log
::endgroup::
::group::forge-build-sizes
Warning: Selected profile `ci` does not exist; falling back to the default profile.
Compiling 1 files with Solc 0.8.24
Solc 0.8.24 finished in 6.69ms
Compiler run successful!

╭----------+------------------+-------------------+--------------------+---------------------╮
| Contract | Runtime Size (B) | Initcode Size (B) | Runtime Margin (B) | Initcode Margin (B) |
+============================================================================================+
╰----------+------------------+-------------------+--------------------+---------------------╯


forge-build-sizes: exit 0 — /var/folders/mq/m38nclt50d37ftnz_9bxthnm0000gn/T/pinkuang-forge-real-failure-zI1KZy/evidence/forge-build-sizes.log
::endgroup::
::group::forge-test
Warning: Selected profile `ci` does not exist; falling back to the default profile.
No files changed, compilation skipped

Ran 1 test for test/Failure.t.sol:FailureTest
[FAIL: intentional fixture failure] test_deliberateFailure() (gas: 421)
Suite result: FAILED. 0 passed; 1 failed; 0 skipped; finished in 221.38µs (60.42µs CPU time)

Ran 1 test suite in 3.19ms (221.38µs CPU time): 0 tests passed, 1 failed, 0 skipped (1 total tests)

Failing tests:
Encountered 1 failing test in test/Failure.t.sol:FailureTest
[FAIL: intentional fixture failure] test_deliberateFailure() (gas: 421)

Encountered a total of 1 failing tests, 0 tests succeeded

Tip: Run `forge test --rerun` to retry only the 1 failed test

forge-test: exit 1 — /var/folders/mq/m38nclt50d37ftnz_9bxthnm0000gn/T/pinkuang-forge-real-failure-zI1KZy/evidence/forge-test.log
::endgroup::
forge-test failed; inspect /var/folders/mq/m38nclt50d37ftnz_9bxthnm0000gn/T/pinkuang-forge-real-failure-zI1KZy/evidence/forge-test.log
