Compiling 7 files with Solc 0.8.24
Solc 0.8.24 finished in 34.26s
Compiler run successful!

Ran 16 tests for test/unit/PoolTransfers.t.sol:PoolTransfersTest
[PASS] testFuzz_failedStrictClaimRollsBackTransferAndAllowance(uint8) (runs: 256, μ: 272413, ~: 301947)
[PASS] testFuzz_pendingRewardsBelongToOldSharesBeforeTransfer(uint8) (runs: 256, μ: 1001159, ~: 1001157)
[PASS] test_disabledExpiryPreservesFractionsAcrossDaysAndOwnershipChanges() (gas: 2761299)
[PASS] test_listedAndClosedOrdinaryTransfersFailWithoutMovingShares() (gas: 82409)
[PASS] test_lockDoesNotProvideASecondFortyNineShareAllowance() (gas: 662800)
[PASS] test_lockedSharesRemainSellerPropertyAndCannotBeTransferredOrdinarily() (gas: 948346)
[PASS] test_memberCheckpointsRecordExitEntryAndNewMemberCount() (gas: 776930)
[PASS] test_miningClaimCannotReenterApprovedTransferFrom() (gas: 904421)
[PASS] test_onlyRegisteredMarketCanChangeLocksOrTransferLockedShares() (gas: 88580)
[PASS] test_purchaseTimestampTransferCannotCarryOldBnbSurplus() (gas: 640135)
[PASS] test_sameEpochFractionStaysWithOriginalOwnerAcrossTransfers() (gas: 1089880)
[PASS] test_selfTransferRespectsUnlockedBalanceWithoutArtificiallyExceedingCap() (gas: 680519)
[PASS] test_transferFromConsumesAllowanceAndMaintainsHolderCap() (gas: 518138)
[PASS] test_transferPreservesPermanentFormerHolderIncome() (gas: 1041648)
[PASS] test_zeroBalanceFormerMemberStillClaimsOldRewards() (gas: 829367)
[PASS] test_zeroOverCapAndMarketDestinationRejected() (gas: 419995)
Suite result: ok. 16 passed; 0 failed; 0 skipped; finished in 1.01s (1.01s CPU time)

Ran 2 tests for test/invariant/PoolRewardsInvariant.t.sol:PoolRewardsNoExpiryInvariantTest
[PASS] invariant_accumulatorAndHistoricalEpochLiabilitiesMatchOracle() (runs: 128, calls: 8192, reverts: 0)

╭----------------+---------------------+-------+---------+----------╮
| Contract       | Selector            | Calls | Reverts | Discards |
+===================================================================+
| RewardsHandler | advanceTime         | 1003  | 0       | 0        |
|----------------+---------------------+-------+---------+----------|
| RewardsHandler | burn                | 1002  | 0       | 0        |
|----------------+---------------------+-------+---------+----------|
| RewardsHandler | claim               | 1042  | 0       | 0        |
|----------------+---------------------+-------+---------+----------|
| RewardsHandler | donate              | 1086  | 0       | 0        |
|----------------+---------------------+-------+---------+----------|
| RewardsHandler | externalMiningClaim | 1014  | 0       | 0        |
|----------------+---------------------+-------+---------+----------|
| RewardsHandler | harvest             | 998   | 0       | 0        |
|----------------+---------------------+-------+---------+----------|
| RewardsHandler | queueMining         | 993   | 0       | 0        |
|----------------+---------------------+-------+---------+----------|
| RewardsHandler | settle              | 1054  | 0       | 0        |
╰----------------+---------------------+-------+---------+----------╯

[PASS] invariant_actualBalancesMatchIndependentGrossNetAndLiabilities() (runs: 128, calls: 8192, reverts: 0)

╭----------------+---------------------+-------+---------+----------╮
| Contract       | Selector            | Calls | Reverts | Discards |
+===================================================================+
| RewardsHandler | advanceTime         | 1003  | 0       | 0        |
|----------------+---------------------+-------+---------+----------|
| RewardsHandler | burn                | 1002  | 0       | 0        |
|----------------+---------------------+-------+---------+----------|
| RewardsHandler | claim               | 1042  | 0       | 0        |
|----------------+---------------------+-------+---------+----------|
| RewardsHandler | donate              | 1086  | 0       | 0        |
|----------------+---------------------+-------+---------+----------|
| RewardsHandler | externalMiningClaim | 1014  | 0       | 0        |
|----------------+---------------------+-------+---------+----------|
| RewardsHandler | harvest             | 998   | 0       | 0        |
|----------------+---------------------+-------+---------+----------|
| RewardsHandler | queueMining         | 993   | 0       | 0        |
|----------------+---------------------+-------+---------+----------|
| RewardsHandler | settle              | 1054  | 0       | 0        |
╰----------------+---------------------+-------+---------+----------╯

Suite result: ok. 2 passed; 0 failed; 0 skipped; finished in 15.25s (19.74s CPU time)

Ran 2 tests for test/invariant/PoolRewardsInvariant.t.sol:PoolRewardsInvariantTest
[PASS] invariant_accumulatorAndHistoricalEpochLiabilitiesMatchOracle() (runs: 128, calls: 8192, reverts: 0)

╭----------------+---------------------+-------+---------+----------╮
| Contract       | Selector            | Calls | Reverts | Discards |
+===================================================================+
| RewardsHandler | advanceTime         | 1003  | 0       | 0        |
|----------------+---------------------+-------+---------+----------|
| RewardsHandler | burn                | 1002  | 0       | 0        |
|----------------+---------------------+-------+---------+----------|
| RewardsHandler | claim               | 1042  | 0       | 0        |
|----------------+---------------------+-------+---------+----------|
| RewardsHandler | donate              | 1086  | 0       | 0        |
|----------------+---------------------+-------+---------+----------|
| RewardsHandler | externalMiningClaim | 1014  | 0       | 0        |
|----------------+---------------------+-------+---------+----------|
| RewardsHandler | harvest             | 998   | 0       | 0        |
|----------------+---------------------+-------+---------+----------|
| RewardsHandler | queueMining         | 993   | 0       | 0        |
|----------------+---------------------+-------+---------+----------|
| RewardsHandler | settle              | 1054  | 0       | 0        |
╰----------------+---------------------+-------+---------+----------╯

[PASS] invariant_actualBalancesMatchIndependentGrossNetAndLiabilities() (runs: 128, calls: 8192, reverts: 0)

╭----------------+---------------------+-------+---------+----------╮
| Contract       | Selector            | Calls | Reverts | Discards |
+===================================================================+
| RewardsHandler | advanceTime         | 1003  | 0       | 0        |
|----------------+---------------------+-------+---------+----------|
| RewardsHandler | burn                | 1002  | 0       | 0        |
|----------------+---------------------+-------+---------+----------|
| RewardsHandler | claim               | 1042  | 0       | 0        |
|----------------+---------------------+-------+---------+----------|
| RewardsHandler | donate              | 1086  | 0       | 0        |
|----------------+---------------------+-------+---------+----------|
| RewardsHandler | externalMiningClaim | 1014  | 0       | 0        |
|----------------+---------------------+-------+---------+----------|
| RewardsHandler | harvest             | 998   | 0       | 0        |
|----------------+---------------------+-------+---------+----------|
| RewardsHandler | queueMining         | 993   | 0       | 0        |
|----------------+---------------------+-------+---------+----------|
| RewardsHandler | settle              | 1054  | 0       | 0        |
╰----------------+---------------------+-------+---------+----------╯

Suite result: ok. 2 passed; 0 failed; 0 skipped; finished in 15.31s (19.82s CPU time)

Ran 2 tests for test/invariant/PoolSaleInvariant.t.sol:PoolSaleClosedInvariantTest
[PASS] invariant_bnbEqualsIndependentCreditsReservesAndForcedFunds() (runs: 128, calls: 8192, reverts: 0)

╭-----------------+-------------+-------+---------+----------╮
| Contract        | Selector    | Calls | Reverts | Discards |
+============================================================+
| PoolSaleHandler | advanceTime | 1197  | 0       | 0        |
|-----------------+-------------+-------+---------+----------|
| PoolSaleHandler | cancel      | 1141  | 0       | 0        |
|-----------------+-------------+-------+---------+----------|
| PoolSaleHandler | complete    | 1134  | 0       | 0        |
|-----------------+-------------+-------+---------+----------|
| PoolSaleHandler | forceBnb    | 1179  | 0       | 0        |
|-----------------+-------------+-------+---------+----------|
| PoolSaleHandler | listSale    | 1154  | 0       | 0        |
|-----------------+-------------+-------+---------+----------|
| PoolSaleHandler | moveShares  | 1186  | 0       | 0        |
|-----------------+-------------+-------+---------+----------|
| PoolSaleHandler | withdraw    | 1201  | 0       | 0        |
╰-----------------+-------------+-------+---------+----------╯

[PASS] invariant_ownershipRemainsFrozenAfterAtMostOneCompletedSale() (runs: 128, calls: 8192, reverts: 0)

╭-----------------+-------------+-------+---------+----------╮
| Contract        | Selector    | Calls | Reverts | Discards |
+============================================================+
| PoolSaleHandler | advanceTime | 1197  | 0       | 0        |
|-----------------+-------------+-------+---------+----------|
| PoolSaleHandler | cancel      | 1141  | 0       | 0        |
|-----------------+-------------+-------+---------+----------|
| PoolSaleHandler | complete    | 1134  | 0       | 0        |
|-----------------+-------------+-------+---------+----------|
| PoolSaleHandler | forceBnb    | 1179  | 0       | 0        |
|-----------------+-------------+-------+---------+----------|
| PoolSaleHandler | listSale    | 1154  | 0       | 0        |
|-----------------+-------------+-------+---------+----------|
| PoolSaleHandler | moveShares  | 1186  | 0       | 0        |
|-----------------+-------------+-------+---------+----------|
| PoolSaleHandler | withdraw    | 1201  | 0       | 0        |
╰-----------------+-------------+-------+---------+----------╯

Suite result: ok. 2 passed; 0 failed; 0 skipped; finished in 19.72s (29.00s CPU time)

Ran 2 tests for test/invariant/PoolSaleInvariant.t.sol:PoolSaleLifecycleInvariantTest
[PASS] invariant_bnbEqualsIndependentCreditsReservesAndForcedFunds() (runs: 128, calls: 8192, reverts: 0)

╭-----------------+-------------+-------+---------+----------╮
| Contract        | Selector    | Calls | Reverts | Discards |
+============================================================+
| PoolSaleHandler | advanceTime | 1197  | 0       | 0        |
|-----------------+-------------+-------+---------+----------|
| PoolSaleHandler | cancel      | 1141  | 0       | 0        |
|-----------------+-------------+-------+---------+----------|
| PoolSaleHandler | complete    | 1134  | 0       | 0        |
|-----------------+-------------+-------+---------+----------|
| PoolSaleHandler | forceBnb    | 1179  | 0       | 0        |
|-----------------+-------------+-------+---------+----------|
| PoolSaleHandler | listSale    | 1154  | 0       | 0        |
|-----------------+-------------+-------+---------+----------|
| PoolSaleHandler | moveShares  | 1186  | 0       | 0        |
|-----------------+-------------+-------+---------+----------|
| PoolSaleHandler | withdraw    | 1201  | 0       | 0        |
╰-----------------+-------------+-------+---------+----------╯

[PASS] invariant_ownershipRemainsFrozenAfterAtMostOneCompletedSale() (runs: 128, calls: 8192, reverts: 0)

╭-----------------+-------------+-------+---------+----------╮
| Contract        | Selector    | Calls | Reverts | Discards |
+============================================================+
| PoolSaleHandler | advanceTime | 1197  | 0       | 0        |
|-----------------+-------------+-------+---------+----------|
| PoolSaleHandler | cancel      | 1141  | 0       | 0        |
|-----------------+-------------+-------+---------+----------|
| PoolSaleHandler | complete    | 1134  | 0       | 0        |
|-----------------+-------------+-------+---------+----------|
| PoolSaleHandler | forceBnb    | 1179  | 0       | 0        |
|-----------------+-------------+-------+---------+----------|
| PoolSaleHandler | listSale    | 1154  | 0       | 0        |
|-----------------+-------------+-------+---------+----------|
| PoolSaleHandler | moveShares  | 1186  | 0       | 0        |
|-----------------+-------------+-------+---------+----------|
| PoolSaleHandler | withdraw    | 1201  | 0       | 0        |
╰-----------------+-------------+-------+---------+----------╯

Suite result: ok. 2 passed; 0 failed; 0 skipped; finished in 23.47s (32.72s CPU time)

Ran 2 tests for test/invariant/PoolTransfersInvariant.t.sol:PoolTransfersNoExpiryInvariantTest
[PASS] invariant_effectiveSharesLocksAndOriginalPurchaseSurplusRemainCorrect() (runs: 128, calls: 8192, reverts: 0)

╭----------------------+----------------+-------+---------+----------╮
| Contract             | Selector       | Calls | Reverts | Discards |
+====================================================================+
| ShareTransferHandler | advanceTime    | 927   | 0       | 0        |
|----------------------+----------------+-------+---------+----------|
| ShareTransferHandler | burn           | 876   | 0       | 0        |
|----------------------+----------------+-------+---------+----------|
| ShareTransferHandler | changeLock     | 927   | 0       | 0        |
|----------------------+----------------+-------+---------+----------|
| ShareTransferHandler | claim          | 891   | 0       | 0        |
|----------------------+----------------+-------+---------+----------|
| ShareTransferHandler | donate         | 948   | 0       | 0        |
|----------------------+----------------+-------+---------+----------|
| ShareTransferHandler | harvest        | 892   | 0       | 0        |
|----------------------+----------------+-------+---------+----------|
| ShareTransferHandler | queueMining    | 925   | 0       | 0        |
|----------------------+----------------+-------+---------+----------|
| ShareTransferHandler | transferLocked | 923   | 0       | 0        |
|----------------------+----------------+-------+---------+----------|
| ShareTransferHandler | transferShares | 883   | 0       | 0        |
╰----------------------+----------------+-------+---------+----------╯

[PASS] invariant_rawIncomeAndHistoricalHoldingsConserveEveryBemUnit() (runs: 128, calls: 8192, reverts: 0)

╭----------------------+----------------+-------+---------+----------╮
| Contract             | Selector       | Calls | Reverts | Discards |
+====================================================================+
| ShareTransferHandler | advanceTime    | 927   | 0       | 0        |
|----------------------+----------------+-------+---------+----------|
| ShareTransferHandler | burn           | 876   | 0       | 0        |
|----------------------+----------------+-------+---------+----------|
| ShareTransferHandler | changeLock     | 927   | 0       | 0        |
|----------------------+----------------+-------+---------+----------|
| ShareTransferHandler | claim          | 891   | 0       | 0        |
|----------------------+----------------+-------+---------+----------|
| ShareTransferHandler | donate         | 948   | 0       | 0        |
|----------------------+----------------+-------+---------+----------|
| ShareTransferHandler | harvest        | 892   | 0       | 0        |
|----------------------+----------------+-------+---------+----------|
| ShareTransferHandler | queueMining    | 925   | 0       | 0        |
|----------------------+----------------+-------+---------+----------|
| ShareTransferHandler | transferLocked | 923   | 0       | 0        |
|----------------------+----------------+-------+---------+----------|
| ShareTransferHandler | transferShares | 883   | 0       | 0        |
╰----------------------+----------------+-------+---------+----------╯

Suite result: ok. 2 passed; 0 failed; 0 skipped; finished in 33.28s (54.75s CPU time)

Ran 2 tests for test/invariant/PoolTransfersInvariant.t.sol:PoolTransfersInvariantTest
[PASS] invariant_effectiveSharesLocksAndOriginalPurchaseSurplusRemainCorrect() (runs: 128, calls: 8192, reverts: 0)

╭----------------------+----------------+-------+---------+----------╮
| Contract             | Selector       | Calls | Reverts | Discards |
+====================================================================+
| ShareTransferHandler | advanceTime    | 927   | 0       | 0        |
|----------------------+----------------+-------+---------+----------|
| ShareTransferHandler | burn           | 876   | 0       | 0        |
|----------------------+----------------+-------+---------+----------|
| ShareTransferHandler | changeLock     | 927   | 0       | 0        |
|----------------------+----------------+-------+---------+----------|
| ShareTransferHandler | claim          | 891   | 0       | 0        |
|----------------------+----------------+-------+---------+----------|
| ShareTransferHandler | donate         | 948   | 0       | 0        |
|----------------------+----------------+-------+---------+----------|
| ShareTransferHandler | harvest        | 892   | 0       | 0        |
|----------------------+----------------+-------+---------+----------|
| ShareTransferHandler | queueMining    | 925   | 0       | 0        |
|----------------------+----------------+-------+---------+----------|
| ShareTransferHandler | transferLocked | 923   | 0       | 0        |
|----------------------+----------------+-------+---------+----------|
| ShareTransferHandler | transferShares | 883   | 0       | 0        |
╰----------------------+----------------+-------+---------+----------╯

[PASS] invariant_rawIncomeAndHistoricalHoldingsConserveEveryBemUnit() (runs: 128, calls: 8192, reverts: 0)

╭----------------------+----------------+-------+---------+----------╮
| Contract             | Selector       | Calls | Reverts | Discards |
+====================================================================+
| ShareTransferHandler | advanceTime    | 927   | 0       | 0        |
|----------------------+----------------+-------+---------+----------|
| ShareTransferHandler | burn           | 876   | 0       | 0        |
|----------------------+----------------+-------+---------+----------|
| ShareTransferHandler | changeLock     | 927   | 0       | 0        |
|----------------------+----------------+-------+---------+----------|
| ShareTransferHandler | claim          | 891   | 0       | 0        |
|----------------------+----------------+-------+---------+----------|
| ShareTransferHandler | donate         | 948   | 0       | 0        |
|----------------------+----------------+-------+---------+----------|
| ShareTransferHandler | harvest        | 892   | 0       | 0        |
|----------------------+----------------+-------+---------+----------|
| ShareTransferHandler | queueMining    | 925   | 0       | 0        |
|----------------------+----------------+-------+---------+----------|
| ShareTransferHandler | transferLocked | 923   | 0       | 0        |
|----------------------+----------------+-------+---------+----------|
| ShareTransferHandler | transferShares | 883   | 0       | 0        |
╰----------------------+----------------+-------+---------+----------╯

Suite result: ok. 2 passed; 0 failed; 0 skipped; finished in 33.50s (60.20s CPU time)

Ran 7 test suites in 33.50s (141.53s CPU time): 28 tests passed, 0 failed, 0 skipped (28 total tests)
