Compiling 98 files with Solc 0.8.24
Solc 0.8.24 finished in 10.48s
Compiler run successful!

Ran 2 tests for test/invariant/PoolVotingInvariant.t.sol:PoolVotingInvariantTest
[PASS] invariant_noDuplicateVotesOrReassignedHistoricalWeight() (runs: 128, calls: 8192, reverts: 0)

╭-------------------+-------------+-------+---------+----------╮
| Contract          | Selector    | Calls | Reverts | Discards |
+==============================================================+
| PoolVotingHandler | advanceTime | 2116  | 0       | 0        |
|-------------------+-------------+-------+---------+----------|
| PoolVotingHandler | moveShares  | 2018  | 0       | 0        |
|-------------------+-------------+-------+---------+----------|
| PoolVotingHandler | propose     | 2057  | 0       | 0        |
|-------------------+-------------+-------+---------+----------|
| PoolVotingHandler | vote        | 2001  | 0       | 0        |
╰-------------------+-------------+-------+---------+----------╯

Logs:
  Bound result 49
  Bound result 10
  Bound result 10
  Bound result 10
  Bound result 1
  Bound result 10
  Bound result 5
  Bound result 1
  Bound result 27
  Bound result 27
  Bound result 5
  Bound result 2
  Bound result 25

[PASS] invariant_snapshotOwnershipSurvivesArbitraryShareMovesAndProposalReplacement() (runs: 128, calls: 8192, reverts: 0)

╭-------------------+-------------+-------+---------+----------╮
| Contract          | Selector    | Calls | Reverts | Discards |
+==============================================================+
| PoolVotingHandler | advanceTime | 2116  | 0       | 0        |
|-------------------+-------------+-------+---------+----------|
| PoolVotingHandler | moveShares  | 2018  | 0       | 0        |
|-------------------+-------------+-------+---------+----------|
| PoolVotingHandler | propose     | 2057  | 0       | 0        |
|-------------------+-------------+-------+---------+----------|
| PoolVotingHandler | vote        | 2001  | 0       | 0        |
╰-------------------+-------------+-------+---------+----------╯

Logs:
  Bound result 49
  Bound result 10
  Bound result 10
  Bound result 10
  Bound result 1
  Bound result 10
  Bound result 5
  Bound result 1
  Bound result 34
  Bound result 27
  Bound result 5
  Bound result 28
  Bound result 2
  Bound result 25

Suite result: ok. 2 passed; 0 failed; 0 skipped; finished in 10.78s (18.27s CPU time)

Ran 1 test suite in 10.79s (10.78s CPU time): 2 tests passed, 0 failed, 0 skipped (2 total tests)
