Compiling 153 files with Solc 0.8.24
Solc 0.8.24 finished in 44.00s
Compiler run successful!

╭------------------------------------------------------------------------------------------------------------------------------------------------------------------------------------+------------------+-------------------+--------------------+---------------------╮
| Contract                                                                                                                                                                           | Runtime Size (B) | Initcode Size (B) | Runtime Margin (B) | Initcode Margin (B) |
+======================================================================================================================================================================================================================================================================+
| Address                                                                                                                                                                            | 85               | 135               | 24,491             | 49,017              |
|------------------------------------------------------------------------------------------------------------------------------------------------------------------------------------+------------------+-------------------+--------------------+---------------------|
| Addresses                                                                                                                                                                          | 85               | 135               | 24,491             | 49,017              |
|------------------------------------------------------------------------------------------------------------------------------------------------------------------------------------+------------------+-------------------+--------------------+---------------------|
| AtomicDeployment                                                                                                                                                                   | 16,883           | 16,941            | 7,693              | 32,211              |
|------------------------------------------------------------------------------------------------------------------------------------------------------------------------------------+------------------+-------------------+--------------------+---------------------|
| BeaconProxy                                                                                                                                                                        | 283              | 1,431             | 24,293             | 47,721              |
|------------------------------------------------------------------------------------------------------------------------------------------------------------------------------------+------------------+-------------------+--------------------+---------------------|
| BurnMockRouter                                                                                                                                                                     | 3,110            | 3,139             | 21,466             | 46,013              |
|------------------------------------------------------------------------------------------------------------------------------------------------------------------------------------+------------------+-------------------+--------------------+---------------------|
| BurnMockWbnb                                                                                                                                                                       | 2,546            | 3,026             | 22,030             | 46,126              |
|------------------------------------------------------------------------------------------------------------------------------------------------------------------------------------+------------------+-------------------+--------------------+---------------------|
| BurnOperations                                                                                                                                                                     | 3,460            | 3,513             | 21,116             | 45,639              |
|------------------------------------------------------------------------------------------------------------------------------------------------------------------------------------+------------------+-------------------+--------------------+---------------------|
| Checkpoints                                                                                                                                                                        | 85               | 135               | 24,491             | 49,017              |
|------------------------------------------------------------------------------------------------------------------------------------------------------------------------------------+------------------+-------------------+--------------------+---------------------|
| Core                                                                                                                                                                               | 85               | 135               | 24,491             | 49,017              |
|------------------------------------------------------------------------------------------------------------------------------------------------------------------------------------+------------------+-------------------+--------------------+---------------------|
| Defender                                                                                                                                                                           | 85               | 135               | 24,491             | 49,017              |
|------------------------------------------------------------------------------------------------------------------------------------------------------------------------------------+------------------+-------------------+--------------------+---------------------|
| DefenderDeploy                                                                                                                                                                     | 85               | 135               | 24,491             | 49,017              |
|------------------------------------------------------------------------------------------------------------------------------------------------------------------------------------+------------------+-------------------+--------------------+---------------------|
| DeploymentMultisigFixture                                                                                                                                                          | 328              | 789               | 24,248             | 48,363              |
|------------------------------------------------------------------------------------------------------------------------------------------------------------------------------------+------------------+-------------------+--------------------+---------------------|
| ERC1967Proxy (../node_modules/@openzeppelin/contracts/proxy/ERC1967/ERC1967Proxy.sol)                                                                                              | 163              | 1,008             | 24,413             | 48,144              |
|------------------------------------------------------------------------------------------------------------------------------------------------------------------------------------+------------------+-------------------+--------------------+---------------------|
| ERC1967Proxy (C:/Users/Administrator/AppData/Local/Temp/tapeout-fork-kRjPqE/node_modules/@openzeppelin/contracts/proxy/ERC1967/ERC1967Proxy.sol)                                   | 163              | 1,008             | 24,413             | 48,144              |
|------------------------------------------------------------------------------------------------------------------------------------------------------------------------------------+------------------+-------------------+--------------------+---------------------|
| ERC1967Utils (../node_modules/@openzeppelin/contracts/proxy/ERC1967/ERC1967Utils.sol)                                                                                              | 85               | 135               | 24,491             | 49,017              |
|------------------------------------------------------------------------------------------------------------------------------------------------------------------------------------+------------------+-------------------+--------------------+---------------------|
| ERC1967Utils (C:/Users/Administrator/AppData/Local/Temp/tapeout-fork-kRjPqE/node_modules/@openzeppelin/contracts/proxy/ERC1967/ERC1967Utils.sol)                                   | 85               | 135               | 24,491             | 49,017              |
|------------------------------------------------------------------------------------------------------------------------------------------------------------------------------------+------------------+-------------------+--------------------+---------------------|
| FakeFactoryCloneAttack                                                                                                                                                             | 2,121            | 2,150             | 22,455             | 47,002              |
|------------------------------------------------------------------------------------------------------------------------------------------------------------------------------------+------------------+-------------------+--------------------+---------------------|
| FundingTestToken                                                                                                                                                                   | 1,883            | 2,374             | 22,693             | 46,778              |
|------------------------------------------------------------------------------------------------------------------------------------------------------------------------------------+------------------+-------------------+--------------------+---------------------|
| InvalidVaultLayout                                                                                                                                                                 | 2,942            | 3,162             | 21,634             | 45,990              |
|------------------------------------------------------------------------------------------------------------------------------------------------------------------------------------+------------------+-------------------+--------------------+---------------------|
| MarketSellerProbe                                                                                                                                                                  | 1,481            | 1,539             | 23,095             | 47,613              |
|------------------------------------------------------------------------------------------------------------------------------------------------------------------------------------+------------------+-------------------+--------------------+---------------------|
| Math (../node_modules/@openzeppelin/contracts/utils/math/Math.sol)                                                                                                                 | 85               | 135               | 24,491             | 49,017              |
|------------------------------------------------------------------------------------------------------------------------------------------------------------------------------------+------------------+-------------------+--------------------+---------------------|
| Math (C:/Users/Administrator/AppData/Local/Temp/tapeout-fork-kRjPqE/node_modules/@openzeppelin/contracts/utils/math/Math.sol)                                                      | 85               | 135               | 24,491             | 49,017              |
|------------------------------------------------------------------------------------------------------------------------------------------------------------------------------------+------------------+-------------------+--------------------+---------------------|
| MiningOperations                                                                                                                                                                   | 6,040            | 6,093             | 18,536             | 43,059              |
|------------------------------------------------------------------------------------------------------------------------------------------------------------------------------------+------------------+-------------------+--------------------+---------------------|
| MiningPermissionMock                                                                                                                                                               | 7,599            | 7,628             | 16,977             | 41,524              |
|------------------------------------------------------------------------------------------------------------------------------------------------------------------------------------+------------------+-------------------+--------------------+---------------------|
| MiningStartFixtures                                                                                                                                                                | 85               | 135               | 24,491             | 49,017              |
|------------------------------------------------------------------------------------------------------------------------------------------------------------------------------------+------------------+-------------------+--------------------+---------------------|
| PoolBeacon                                                                                                                                                                         | 868              | 1,693             | 23,708             | 47,459              |
|------------------------------------------------------------------------------------------------------------------------------------------------------------------------------------+------------------+-------------------+--------------------+---------------------|
| PoolFactory                                                                                                                                                                        | 10,782           | 11,032            | 13,794             | 38,120              |
|------------------------------------------------------------------------------------------------------------------------------------------------------------------------------------+------------------+-------------------+--------------------+---------------------|
| PoolFactoryV2Fixture                                                                                                                                                               | 10,831           | 11,081            | 13,745             | 38,071              |
|------------------------------------------------------------------------------------------------------------------------------------------------------------------------------------+------------------+-------------------+--------------------+---------------------|
| PoolFunds                                                                                                                                                                          | 2,954            | 3,007             | 21,622             | 46,145              |
|------------------------------------------------------------------------------------------------------------------------------------------------------------------------------------+------------------+-------------------+--------------------+---------------------|
| PoolTimelock                                                                                                                                                                       | 6,608            | 7,519             | 17,968             | 41,633              |
|------------------------------------------------------------------------------------------------------------------------------------------------------------------------------------+------------------+-------------------+--------------------+---------------------|
| PoolVault                                                                                                                                                                          | 24,084           | 24,470            | 492                | 24,682              |
|------------------------------------------------------------------------------------------------------------------------------------------------------------------------------------+------------------+-------------------+--------------------+---------------------|
| PoolVaultV2Fixture                                                                                                                                                                 | 24,114           | 24,502            | 462                | 24,650              |
|------------------------------------------------------------------------------------------------------------------------------------------------------------------------------------+------------------+-------------------+--------------------+---------------------|
| ProbeHolder                                                                                                                                                                        | 5,646            | 6,188             | 18,930             | 42,964              |
|------------------------------------------------------------------------------------------------------------------------------------------------------------------------------------+------------------+-------------------+--------------------+---------------------|
| ProxyAdmin                                                                                                                                                                         | 1,031            | 1,276             | 23,545             | 47,876              |
|------------------------------------------------------------------------------------------------------------------------------------------------------------------------------------+------------------+-------------------+--------------------+---------------------|
| PurchaseCallbackRelay                                                                                                                                                              | 565              | 594               | 24,011             | 48,558              |
|------------------------------------------------------------------------------------------------------------------------------------------------------------------------------------+------------------+-------------------+--------------------+---------------------|
| PurchaseMockBem                                                                                                                                                                    | 1,883            | 2,353             | 22,693             | 46,799              |
|------------------------------------------------------------------------------------------------------------------------------------------------------------------------------------+------------------+-------------------+--------------------+---------------------|
| PurchaseMockMarket                                                                                                                                                                 | 2,630            | 2,659             | 21,946             | 46,493              |
|------------------------------------------------------------------------------------------------------------------------------------------------------------------------------------+------------------+-------------------+--------------------+---------------------|
| PurchaseMockMining                                                                                                                                                                 | 4,989            | 5,018             | 19,587             | 44,134              |
|------------------------------------------------------------------------------------------------------------------------------------------------------------------------------------+------------------+-------------------+--------------------+---------------------|
| PurchaseMockNft                                                                                                                                                                    | 6,179            | 6,677             | 18,397             | 42,475              |
|------------------------------------------------------------------------------------------------------------------------------------------------------------------------------------+------------------+-------------------+--------------------+---------------------|
| PurchaseRejectingSeller                                                                                                                                                            | 655              | 684               | 23,921             | 48,468              |
|------------------------------------------------------------------------------------------------------------------------------------------------------------------------------------+------------------+-------------------+--------------------+---------------------|
| PurchaseValidation                                                                                                                                                                 | 3,532            | 3,585             | 21,044             | 45,567              |
|------------------------------------------------------------------------------------------------------------------------------------------------------------------------------------+------------------+-------------------+--------------------+---------------------|
| ReenteringFundingRecipient                                                                                                                                                         | 558              | 696               | 24,018             | 48,456              |
|------------------------------------------------------------------------------------------------------------------------------------------------------------------------------------+------------------+-------------------+--------------------+---------------------|
| RejectDeploymentMarket                                                                                                                                                             | 208              | 236               | 24,368             | 48,916              |
|------------------------------------------------------------------------------------------------------------------------------------------------------------------------------------+------------------+-------------------+--------------------+---------------------|
| RejectingFundingRecipient                                                                                                                                                          | 278              | 409               | 24,298             | 48,743              |
|------------------------------------------------------------------------------------------------------------------------------------------------------------------------------------+------------------+-------------------+--------------------+---------------------|
| RejectingSaleForkBuyer                                                                                                                                                             | 496              | 525               | 24,080             | 48,627              |
|------------------------------------------------------------------------------------------------------------------------------------------------------------------------------------+------------------+-------------------+--------------------+---------------------|
| RewardAccounting                                                                                                                                                                   | 5,565            | 5,618             | 19,011             | 43,534              |
|------------------------------------------------------------------------------------------------------------------------------------------------------------------------------------+------------------+-------------------+--------------------+---------------------|
| RewardsFaultBem                                                                                                                                                                    | 3,407            | 3,903             | 21,169             | 45,249              |
|------------------------------------------------------------------------------------------------------------------------------------------------------------------------------------+------------------+-------------------+--------------------+---------------------|
| SafeCast                                                                                                                                                                           | 85               | 135               | 24,491             | 49,017              |
|------------------------------------------------------------------------------------------------------------------------------------------------------------------------------------+------------------+-------------------+--------------------+---------------------|
| SafeERC20                                                                                                                                                                          | 85               | 135               | 24,491             | 49,017              |
|------------------------------------------------------------------------------------------------------------------------------------------------------------------------------------+------------------+-------------------+--------------------+---------------------|
| SaleCallbackBuyer                                                                                                                                                                  | 3,366            | 3,395             | 21,210             | 45,757              |
|------------------------------------------------------------------------------------------------------------------------------------------------------------------------------------+------------------+-------------------+--------------------+---------------------|
| SaleGovernance                                                                                                                                                                     | 3,564            | 3,617             | 21,012             | 45,535              |
|------------------------------------------------------------------------------------------------------------------------------------------------------------------------------------+------------------+-------------------+--------------------+---------------------|
| SaleSettlement                                                                                                                                                                     | 2,149            | 2,202             | 22,427             | 46,950              |
|------------------------------------------------------------------------------------------------------------------------------------------------------------------------------------+------------------+-------------------+--------------------+---------------------|
| ShareCheckpoints                                                                                                                                                                   | 1,466            | 1,519             | 23,110             | 47,633              |
|------------------------------------------------------------------------------------------------------------------------------------------------------------------------------------+------------------+-------------------+--------------------+---------------------|
| ShareMarket                                                                                                                                                                        | 6,259            | 6,508             | 18,317             | 42,644              |
|------------------------------------------------------------------------------------------------------------------------------------------------------------------------------------+------------------+-------------------+--------------------+---------------------|
| ShareMarketIdentityStub                                                                                                                                                            | 210              | 384               | 24,366             | 48,768              |
|------------------------------------------------------------------------------------------------------------------------------------------------------------------------------------+------------------+-------------------+--------------------+---------------------|
| ShareMarketPaymentActor                                                                                                                                                            | 1,826            | 1,855             | 22,750             | 47,297              |
|------------------------------------------------------------------------------------------------------------------------------------------------------------------------------------+------------------+-------------------+--------------------+---------------------|
| ShareMarketV2Fixture                                                                                                                                                               | 6,289            | 6,538             | 18,287             | 42,614              |
|------------------------------------------------------------------------------------------------------------------------------------------------------------------------------------+------------------+-------------------+--------------------+---------------------|
| SignedMath                                                                                                                                                                         | 85               | 135               | 24,491             | 49,017              |
|------------------------------------------------------------------------------------------------------------------------------------------------------------------------------------+------------------+-------------------+--------------------+---------------------|
| StorageSlot                                                                                                                                                                        | 85               | 135               | 24,491             | 49,017              |
|------------------------------------------------------------------------------------------------------------------------------------------------------------------------------------+------------------+-------------------+--------------------+---------------------|
| StringFinder                                                                                                                                                                       | 85               | 135               | 24,491             | 49,017              |
|------------------------------------------------------------------------------------------------------------------------------------------------------------------------------------+------------------+-------------------+--------------------+---------------------|
| Strings (../node_modules/@openzeppelin/contracts/utils/Strings.sol)                                                                                                                | 85               | 135               | 24,491             | 49,017              |
|------------------------------------------------------------------------------------------------------------------------------------------------------------------------------------+------------------+-------------------+--------------------+---------------------|
| Strings (C:/Users/Administrator/AppData/Local/Temp/tapeout-fork-kRjPqE/node_modules/@openzeppelin/contracts/utils/Strings.sol)                                                     | 85               | 135               | 24,491             | 49,017              |
|------------------------------------------------------------------------------------------------------------------------------------------------------------------------------------+------------------+-------------------+--------------------+---------------------|
| TimelockController                                                                                                                                                                 | 6,536            | 7,500             | 18,040             | 41,652              |
|------------------------------------------------------------------------------------------------------------------------------------------------------------------------------------+------------------+-------------------+--------------------+---------------------|
| TransparentUpgradeableProxy (../node_modules/@openzeppelin/contracts/proxy/transparent/TransparentUpgradeableProxy.sol)                                                            | 1,129            | 3,664             | 23,447             | 45,488              |
|------------------------------------------------------------------------------------------------------------------------------------------------------------------------------------+------------------+-------------------+--------------------+---------------------|
| TransparentUpgradeableProxy (C:/Users/Administrator/AppData/Local/Temp/tapeout-fork-kRjPqE/node_modules/@openzeppelin/contracts/proxy/transparent/TransparentUpgradeableProxy.sol) | 1,129            | 3,664             | 23,447             | 45,488              |
|------------------------------------------------------------------------------------------------------------------------------------------------------------------------------------+------------------+-------------------+--------------------+---------------------|
| UnsafeUpgrades                                                                                                                                                                     | 85               | 135               | 24,491             | 49,017              |
|------------------------------------------------------------------------------------------------------------------------------------------------------------------------------------+------------------+-------------------+--------------------+---------------------|
| UpgradeableBeacon                                                                                                                                                                  | 644              | 1,057             | 23,932             | 48,095              |
|------------------------------------------------------------------------------------------------------------------------------------------------------------------------------------+------------------+-------------------+--------------------+---------------------|
| Upgrades                                                                                                                                                                           | 85               | 135               | 24,491             | 49,017              |
|------------------------------------------------------------------------------------------------------------------------------------------------------------------------------------+------------------+-------------------+--------------------+---------------------|
| Utils                                                                                                                                                                              | 85               | 135               | 24,491             | 49,017              |
|------------------------------------------------------------------------------------------------------------------------------------------------------------------------------------+------------------+-------------------+--------------------+---------------------|
| Versions                                                                                                                                                                           | 85               | 135               | 24,491             | 49,017              |
╰------------------------------------------------------------------------------------------------------------------------------------------------------------------------------------+------------------+-------------------+--------------------+---------------------╯

warning[block-timestamp]: usage of `block.timestamp` in a comparison may be manipulated by validators
    ╭▸ test\invariant\PoolSaleInvariant.t.sol:102:49
    │
102 │         if (phase != IPoolVault.State.Listed || block.timestamp < deadline) return;
    │                                                 ━━━━━━━━━━━━━━━━━━━━━━━━━━
    │
    ╰ help: https://book.getfoundry.sh/reference/forge/forge-lint#block-timestamp

warning[block-timestamp]: usage of `block.timestamp` in a comparison may be manipulated by validators
   ╭▸ test\invariant\PoolVotingInvariant.t.sol:60:17
   │
60 │             if (deadline > block.timestamp) delta = deadline - block.timestamp;
   │                 ━━━━━━━━━━━━━━━━━━━━━━━━━━
   │
   ╰ help: https://book.getfoundry.sh/reference/forge/forge-lint#block-timestamp

warning[erc20-unchecked-transfer]: ERC20 'transfer' and 'transferFrom' calls should check the return value
    ╭▸ test\unit\PoolSale.t.sol:109:9
    │
109 │         pool.transfer(DAVE, 1);
    │         ━━━━━━━━━━━━━━━━━━━━━━
    │
    ╰ help: https://book.getfoundry.sh/reference/forge/forge-lint#erc20-unchecked-transfer

warning[block-timestamp]: usage of `block.timestamp` in a comparison may be manipulated by validators
   ╭▸ test\invariant\PoolFundingInvariant.t.sol:28:13
   │
28 │         if (block.timestamp >= pool.params().fundingDeadline) return;
   │             ━━━━━━━━━━━━━━━━━━━━━━━━━━━━━━━━━━━━━━━━━━━━━━━━
   │
   ╰ help: https://book.getfoundry.sh/reference/forge/forge-lint#block-timestamp

warning[block-timestamp]: usage of `block.timestamp` in a comparison may be manipulated by validators
   ╭▸ src\PoolVault.sol:71:13
   │
71 │         if (params_.fundingDeadline <= block.timestamp || params_.purchaseDeadline <= params_.fundingDeadline) {
   │             ━━━━━━━━━━━━━━━━━━━━━━━━━━━━━━━━━━━━━━━━━━
   │
   ╰ help: https://book.getfoundry.sh/reference/forge/forge-lint#block-timestamp

warning[block-timestamp]: usage of `block.timestamp` in a comparison may be manipulated by validators
   ╭▸ src\libraries\PoolFunds.sol:28:17
   │
28 │             if (block.timestamp < s.params.fundingDeadline) revert IPoolVault.DeadlineNotReached();
   │                 ━━━━━━━━━━━━━━━━━━━━━━━━━━━━━━━━━━━━━━━━━━
   │
   ╰ help: https://book.getfoundry.sh/reference/forge/forge-lint#block-timestamp

warning[block-timestamp]: usage of `block.timestamp` in a comparison may be manipulated by validators
   ╭▸ test\invariant\PoolVotingInvariant.t.sol:99:41
   │
99 │         if (lastProposed[actor] != 0 && block.timestamp - lastProposed[actor] < 7 days) eligible = false;
   │                                         ━━━━━━━━━━━━━━━━━━━━━━━━━━━━━━━━━━━━━━━━━━━━━━
   │
   ╰ help: https://book.getfoundry.sh/reference/forge/forge-lint#block-timestamp

warning[block-timestamp]: usage of `block.timestamp` in a comparison may be manipulated by validators
    ╭▸ test\invariant\PoolSaleInvariant.t.sol:111:49
    │
111 │         if (phase != IPoolVault.State.Listed || block.timestamp >= deadline) return;
    │                                                 ━━━━━━━━━━━━━━━━━━━━━━━━━━━
    │
    ╰ help: https://book.getfoundry.sh/reference/forge/forge-lint#block-timestamp

warning[erc20-unchecked-transfer]: ERC20 'transfer' and 'transferFrom' calls should check the return value
   ╭▸ test\unit\AuditShareRecipient.t.sol:16:9
   │
16 │         pool.transfer(recipient, 1);
   │         ━━━━━━━━━━━━━━━━━━━━━━━━━━━
   │
   ╰ help: https://book.getfoundry.sh/reference/forge/forge-lint#erc20-unchecked-transfer

warning[erc20-unchecked-transfer]: ERC20 'transfer' and 'transferFrom' calls should check the return value
    ╭▸ test\unit\PoolSale.t.sol:114:9
    │
114 │         pool.transferFrom(ALICE, DAVE, 1);
    │         ━━━━━━━━━━━━━━━━━━━━━━━━━━━━━━━━━
    │
    ╰ help: https://book.getfoundry.sh/reference/forge/forge-lint#erc20-unchecked-transfer

warning[block-timestamp]: usage of `block.timestamp` in a comparison may be manipulated by validators
    ╭▸ test\invariant\PoolVotingInvariant.t.sol:100:35
    │
100 │         if (proposalCount != 0 && block.timestamp < proposals[proposalCount].proposedAt + 1 days) eligible = false;
    │                                   ━━━━━━━━━━━━━━━━━━━━━━━━━━━━━━━━━━━━━━━━━━━━━━━━━━━━━━━━━━━━━━
    │
    ╰ help: https://book.getfoundry.sh/reference/forge/forge-lint#block-timestamp

warning[block-timestamp]: usage of `block.timestamp` in a comparison may be manipulated by validators
   ╭▸ src\PoolVault.sol:88:13
   │
88 │         if (block.timestamp >= s.params.fundingDeadline) revert DeadlinePassed();
   │             ━━━━━━━━━━━━━━━━━━━━━━━━━━━━━━━━━━━━━━━━━━━
   │
   ╰ help: https://book.getfoundry.sh/reference/forge/forge-lint#block-timestamp

warning[block-timestamp]: usage of `block.timestamp` in a comparison may be manipulated by validators
   ╭▸ src\libraries\PoolFunds.sol:30:17
   │
30 │             if (block.timestamp < s.params.purchaseDeadline) revert IPoolVault.DeadlineNotReached();
   │                 ━━━━━━━━━━━━━━━━━━━━━━━━━━━━━━━━━━━━━━━━━━━
   │
   ╰ help: https://book.getfoundry.sh/reference/forge/forge-lint#block-timestamp

warning[block-timestamp]: usage of `block.timestamp` in a comparison may be manipulated by validators
    ╭▸ test\invariant\PoolTransfersInvariant.t.sol:144:48
    │
144 │         bool tooSoon = lastPaid[actor] != 0 && block.timestamp < lastPaid[actor] + 1 days;
    │                                                ━━━━━━━━━━━━━━━━━━━━━━━━━━━━━━━━━━━━━━━━━━
    │
    ╰ help: https://book.getfoundry.sh/reference/forge/forge-lint#block-timestamp

warning[block-timestamp]: usage of `block.timestamp` in a comparison may be manipulated by validators
   ╭▸ src\libraries\SaleSettlement.sol:29:13
   │
29 │         if (block.timestamp >= s.expiresAt) revert IPoolVault.DeadlinePassed();
   │             ━━━━━━━━━━━━━━━━━━━━━━━━━━━━━━
   │
   ╰ help: https://book.getfoundry.sh/reference/forge/forge-lint#block-timestamp

warning[block-timestamp]: usage of `block.timestamp` in a comparison may be manipulated by validators
    ╭▸ test\invariant\PoolVotingInvariant.t.sol:122:59
    │
122 │         bool eligible = id != 0 && id == proposalCount && block.timestamp < p.proposedAt + 1 days
    │                                                           ━━━━━━━━━━━━━━━━━━━━━━━━━━━━━━━━━━━━━━━
    │
    ╰ help: https://book.getfoundry.sh/reference/forge/forge-lint#block-timestamp

warning[erc20-unchecked-transfer]: ERC20 'transfer' and 'transferFrom' calls should check the return value
   ╭▸ test\unit\AuditShareRecipient.t.sol:30:9
   │
30 │         pool.transferFrom(ALICE, recipient, 1);
   │         ━━━━━━━━━━━━━━━━━━━━━━━━━━━━━━━━━━━━━━
   │
   ╰ help: https://book.getfoundry.sh/reference/forge/forge-lint#erc20-unchecked-transfer

warning[block-timestamp]: usage of `block.timestamp` in a comparison may be manipulated by validators
    ╭▸ test\invariant\PoolTransfersInvariant.t.sol:209:16
    │
209 │         return block.timestamp >= (uint256(e) + 8) * 1 days;
    │                ━━━━━━━━━━━━━━━━━━━━━━━━━━━━━━━━━━━━━━━━━━━━
    │
    ╰ help: https://book.getfoundry.sh/reference/forge/forge-lint#block-timestamp

warning[block-timestamp]: usage of `block.timestamp` in a comparison may be manipulated by validators
   ╭▸ test\invariant\PoolFundingInvariant.t.sol:68:50
   │
68 │         if (state == IPoolVault.State.Funding && block.timestamp < p.fundingDeadline) return;
   │                                                  ━━━━━━━━━━━━━━━━━━━━━━━━━━━━━━━━━━━
   │
   ╰ help: https://book.getfoundry.sh/reference/forge/forge-lint#block-timestamp

warning[block-timestamp]: usage of `block.timestamp` in a comparison may be manipulated by validators
   ╭▸ src\libraries\RewardAccounting.sol:88:35
   │
88 │         if (u.lastClaimAt != 0 && block.timestamp < uint256(u.lastClaimAt) + DAY) revert ClaimTooSoon();
   │                                   ━━━━━━━━━━━━━━━━━━━━━━━━━━━━━━━━━━━━━━━━━━━━━━
   │
   ╰ help: https://book.getfoundry.sh/reference/forge/forge-lint#block-timestamp

warning[unsafe-typecast]: typecasts that can truncate values should be checked
    ╭▸ test\unit\PoolSale.t.sol:418:58
    │
418 │         (uint32 slotEpoch,,) = rewards.rewardSlot(ALICE, uint8(incomeEpoch % 8));
    │                                                          ━━━━━━━━━━━━━━━━━━━━━━
    │
    ├ note: consider disabling this lint if you're certain the cast is safe
    │       
    │       // casting to 'uint8' is safe because [explain why]
    │       // forge-lint: disable-next-line(unsafe-typecast)
    │       
    │       
    ╰ help: https://book.getfoundry.sh/reference/forge/forge-lint#unsafe-typecast

warning[erc20-unchecked-transfer]: ERC20 'transfer' and 'transferFrom' calls should check the return value
    ╭▸ test\invariant\PoolTransfersInvariant.t.sol:112:13
    │
112 │             pool.transferFrom(seller, buyer, amount);
    │             ━━━━━━━━━━━━━━━━━━━━━━━━━━━━━━━━━━━━━━━━
    │
    ╰ help: https://book.getfoundry.sh/reference/forge/forge-lint#erc20-unchecked-transfer

warning[block-timestamp]: usage of `block.timestamp` in a comparison may be manipulated by validators
   ╭▸ src\libraries\SaleGovernance.sol:57:13
   │
57 │         if (block.timestamp < uint256(input.activatedAt) + PROPOSE_INTERVAL) {
   │             ━━━━━━━━━━━━━━━━━━━━━━━━━━━━━━━━━━━━━━━━━━━━━━━━━━━━━━━━━━━━━━━
   │
   ╰ help: https://book.getfoundry.sh/reference/forge/forge-lint#block-timestamp

warning[erc20-unchecked-transfer]: ERC20 'transfer' and 'transferFrom' calls should check the return value
    ╭▸ test\unit\PoolSale.t.sol:459:9
    │
459 │         pool.transfer(DAVE, 1);
    │         ━━━━━━━━━━━━━━━━━━━━━━
    │
    ╰ help: https://book.getfoundry.sh/reference/forge/forge-lint#erc20-unchecked-transfer

warning[erc20-unchecked-transfer]: ERC20 'transfer' and 'transferFrom' calls should check the return value
    ╭▸ test\invariant\PoolTransfersInvariant.t.sol:115:13
    │
115 │             pool.transfer(buyer, amount);
    │             ━━━━━━━━━━━━━━━━━━━━━━━━━━━━
    │
    ╰ help: https://book.getfoundry.sh/reference/forge/forge-lint#erc20-unchecked-transfer

warning[block-timestamp]: usage of `block.timestamp` in a comparison may be manipulated by validators
   ╭▸ test\invariant\PoolFundingInvariant.t.sol:69:49
   │
69 │         if (state == IPoolVault.State.Funded && block.timestamp < p.purchaseDeadline) return;
   │                                                 ━━━━━━━━━━━━━━━━━━━━━━━━━━━━━━━━━━━━
   │
   ╰ help: https://book.getfoundry.sh/reference/forge/forge-lint#block-timestamp

warning[block-timestamp]: usage of `block.timestamp` in a comparison may be manipulated by validators
    ╭▸ src\PoolVault.sol:165:13
    │
165 │         if (block.timestamp >= s.params.purchaseDeadline) revert DeadlinePassed();
    │             ━━━━━━━━━━━━━━━━━━━━━━━━━━━━━━━━━━━━━━━━━━━━
    │
    ╰ help: https://book.getfoundry.sh/reference/forge/forge-lint#block-timestamp

warning[block-timestamp]: usage of `block.timestamp` in a comparison may be manipulated by validators
    ╭▸ src\PoolFactory.sol:228:13
    │
228 │         if (params.fundingDeadline <= block.timestamp || params.purchaseDeadline <= params.fundingDeadline) {
    │             ━━━━━━━━━━━━━━━━━━━━━━━━━━━━━━━━━━━━━━━━━
    │
    ╰ help: https://book.getfoundry.sh/reference/forge/forge-lint#block-timestamp

warning[block-timestamp]: usage of `block.timestamp` in a comparison may be manipulated by validators
   ╭▸ test\invariant\PoolRewardsInvariant.t.sol:94:50
   │
94 │         bool tooSoon = lastPaidAt[actor] != 0 && block.timestamp < lastPaidAt[actor] + 1 days;
   │                                                  ━━━━━━━━━━━━━━━━━━━━━━━━━━━━━━━━━━━━━━━━━━━━
   │
   ╰ help: https://book.getfoundry.sh/reference/forge/forge-lint#block-timestamp

warning[block-timestamp]: usage of `block.timestamp` in a comparison may be manipulated by validators
    ╭▸ src\PoolVault.sol:303:13
    │
303 │         if (block.timestamp >= sale.expiresAt) revert DeadlinePassed();
    │             ━━━━━━━━━━━━━━━━━━━━━━━━━━━━━━━━━
    │
    ╰ help: https://book.getfoundry.sh/reference/forge/forge-lint#block-timestamp

warning[unsafe-typecast]: typecasts that can truncate values should be checked
   ╭▸ test\unit\PoolTransfers.t.sol:46:81
   │
46 │         (, uint256 daveAmount, uint256 daveFraction) = rewards.rewardSlot(DAVE, uint8(firstEpoch % 8));
   │                                                                                 ━━━━━━━━━━━━━━━━━━━━━
   │
   ├ note: consider disabling this lint if you're certain the cast is safe
   │       
   │       // casting to 'uint8' is safe because [explain why]
   │       // forge-lint: disable-next-line(unsafe-typecast)
   │       
   │       
   ╰ help: https://book.getfoundry.sh/reference/forge/forge-lint#unsafe-typecast

warning[unsafe-typecast]: typecasts that can truncate values should be checked
   ╭▸ test\invariant\PoolFundingInvariant.t.sol:22:33
   │
22 │             actors[i] = address(uint160(0x70000 + i));
   │                                 ━━━━━━━━━━━━━━━━━━━━
   │
   ├ note: consider disabling this lint if you're certain the cast is safe
   │       
   │       // casting to 'uint160' is safe because [explain why]
   │       // forge-lint: disable-next-line(unsafe-typecast)
   │       
   │       
   ╰ help: https://book.getfoundry.sh/reference/forge/forge-lint#unsafe-typecast

warning[block-timestamp]: usage of `block.timestamp` in a comparison may be manipulated by validators
    ╭▸ test\invariant\PoolRewardsInvariant.t.sol:162:16
    │
162 │         return block.timestamp >= (uint256(e) + 8) * 1 days;
    │                ━━━━━━━━━━━━━━━━━━━━━━━━━━━━━━━━━━━━━━━━━━━━
    │
    ╰ help: https://book.getfoundry.sh/reference/forge/forge-lint#block-timestamp

warning[unsafe-typecast]: typecasts that can truncate values should be checked
    ╭▸ test\unit\AtomicDeployment.t.sol:343:33
    │
343 │             result[i] = address(uint160(0x1000 + i));
    │                                 ━━━━━━━━━━━━━━━━━━━
    │
    ├ note: consider disabling this lint if you're certain the cast is safe
    │       
    │       // casting to 'uint160' is safe because [explain why]
    │       // forge-lint: disable-next-line(unsafe-typecast)
    │       
    │       
    ╰ help: https://book.getfoundry.sh/reference/forge/forge-lint#unsafe-typecast

warning[unsafe-typecast]: typecasts that can truncate values should be checked
    ╭▸ test\fork\MiningStartProbe.t.sol:148:18
    │
148 │         assertEq(bytes4(reason), NOT_OWNER_ERROR);
    │                  ━━━━━━━━━━━━━━
    │
    ├ note: consider disabling this lint if you're certain the cast is safe
    │       
    │       // casting to 'bytes4' is safe because [explain why]
    │       // forge-lint: disable-next-line(unsafe-typecast)
    │       
    │       
    ╰ help: https://book.getfoundry.sh/reference/forge/forge-lint#unsafe-typecast

warning[block-timestamp]: usage of `block.timestamp` in a comparison may be manipulated by validators
   ╭▸ src\libraries\SaleGovernance.sol:62:26
   │
62 │         if (last != 0 && block.timestamp < last + PROPOSE_INTERVAL) revert ProposeCooldown();
   │                          ━━━━━━━━━━━━━━━━━━━━━━━━━━━━━━━━━━━━━━━━━
   │
   ╰ help: https://book.getfoundry.sh/reference/forge/forge-lint#block-timestamp

warning[unsafe-typecast]: typecasts that can truncate values should be checked
   ╭▸ test\unit\PoolTransfers.t.sol:55:62
   │
55 │         (,, uint256 erinFraction) = rewards.rewardSlot(ERIN, uint8(firstEpoch % 8));
   │                                                              ━━━━━━━━━━━━━━━━━━━━━
   │
   ├ note: consider disabling this lint if you're certain the cast is safe
   │       
   │       // casting to 'uint8' is safe because [explain why]
   │       // forge-lint: disable-next-line(unsafe-typecast)
   │       
   │       
   ╰ help: https://book.getfoundry.sh/reference/forge/forge-lint#unsafe-typecast

warning[unsafe-typecast]: typecasts that can truncate values should be checked
   ╭▸ test\utils\MiningPermissionMocks.sol:70:86
   │
70 │         if (mineFault == 2) this.setIdentity(minerKey(circuits, id), address(0xBAD), uint64(id));
   │                                                                                      ━━━━━━━━━━
   │
   ├ note: consider disabling this lint if you're certain the cast is safe
   │       
   │       // casting to 'uint64' is safe because [explain why]
   │       // forge-lint: disable-next-line(unsafe-typecast)
   │       
   │       
   ╰ help: https://book.getfoundry.sh/reference/forge/forge-lint#unsafe-typecast

warning[unsafe-typecast]: typecasts that can truncate values should be checked
    ╭▸ src\PoolVault.sol:118:43
    │
118 │         emit DepositWithdrawn(msg.sender, uint8(shares), amount);
    │                                           ━━━━━━━━━━━━━
    │
    ├ note: consider disabling this lint if you're certain the cast is safe
    │       
    │       // casting to 'uint8' is safe because [explain why]
    │       // forge-lint: disable-next-line(unsafe-typecast)
    │       
    │       
    ╰ help: https://book.getfoundry.sh/reference/forge/forge-lint#unsafe-typecast

warning[block-timestamp]: usage of `block.timestamp` in a comparison may be manipulated by validators
   ╭▸ src\libraries\SaleGovernance.sol:67:37
   │
67 │             if (!active.executed && block.timestamp < active.endsAt) revert ProposalActive();
   │                                     ━━━━━━━━━━━━━━━━━━━━━━━━━━━━━━━
   │
   ╰ help: https://book.getfoundry.sh/reference/forge/forge-lint#block-timestamp

warning[erc20-unchecked-transfer]: ERC20 'transfer' and 'transferFrom' calls should check the return value
    ╭▸ test\unit\PoolTransfers.t.sol:120:9
    │
120 │         pool.transferFrom(ALICE, DAVE, 4);
    │         ━━━━━━━━━━━━━━━━━━━━━━━━━━━━━━━━━
    │
    ╰ help: https://book.getfoundry.sh/reference/forge/forge-lint#erc20-unchecked-transfer

warning[erc20-unchecked-transfer]: ERC20 'transfer' and 'transferFrom' calls should check the return value
    ╭▸ test\unit\PoolFunding.t.sol:318:9
    │
318 │         token.transfer(address(pool), 100 ether);
    │         ━━━━━━━━━━━━━━━━━━━━━━━━━━━━━━━━━━━━━━━━
    │
    ╰ help: https://book.getfoundry.sh/reference/forge/forge-lint#erc20-unchecked-transfer

warning[block-timestamp]: usage of `block.timestamp` in a comparison may be manipulated by validators
    ╭▸ test\utils\SaleTestBase.sol:111:13
    │
111 │         if (block.timestamp < firstAllowed) vm.warp(firstAllowed);
    │             ━━━━━━━━━━━━━━━━━━━━━━━━━━━━━━
    │
    ╰ help: https://book.getfoundry.sh/reference/forge/forge-lint#block-timestamp

warning[erc20-unchecked-transfer]: ERC20 'transfer' and 'transferFrom' calls should check the return value
   ╭▸ test\unit\AuditMiningSettlement.t.sol:51:9
   │
51 │         pool.transfer(DAVE, 1);
   │         ━━━━━━━━━━━━━━━━━━━━━━
   │
   ╰ help: https://book.getfoundry.sh/reference/forge/forge-lint#erc20-unchecked-transfer

warning[unsafe-typecast]: typecasts that can truncate values should be checked
    ╭▸ test\utils\PurchaseMocks.sol:122:27
    │
122 │         miner.circuitId = uint64(id);
    │                           ━━━━━━━━━━
    │
    ├ note: consider disabling this lint if you're certain the cast is safe
    │       
    │       // casting to 'uint64' is safe because [explain why]
    │       // forge-lint: disable-next-line(unsafe-typecast)
    │       
    │       
    ╰ help: https://book.getfoundry.sh/reference/forge/forge-lint#unsafe-typecast

warning[erc20-unchecked-transfer]: ERC20 'transfer' and 'transferFrom' calls should check the return value
    ╭▸ test\unit\PoolTransfers.t.sol:124:9
    │
124 │         pool.transferFrom(ALICE, DAVE, 1);
    │         ━━━━━━━━━━━━━━━━━━━━━━━━━━━━━━━━━
    │
    ╰ help: https://book.getfoundry.sh/reference/forge/forge-lint#erc20-unchecked-transfer

warning[erc20-unchecked-transfer]: ERC20 'transfer' and 'transferFrom' calls should check the return value
   ╭▸ test\unit\AuditMiningSettlement.t.sol:62:13
   │
62 │             pool.transfer(DAVE, 1);
   │             ━━━━━━━━━━━━━━━━━━━━━━
   │
   ╰ help: https://book.getfoundry.sh/reference/forge/forge-lint#erc20-unchecked-transfer

warning[unsafe-typecast]: typecasts that can truncate values should be checked
    ╭▸ test\fork\PoolRewardsFork.t.sol:310:18
    │
310 │         assertEq(bytes4(protocolReason), bytes4(0x79710317), "observed protocol status rejection changed");
    │                  ━━━━━━━━━━━━━━━━━━━━━━
    │
    ├ note: consider disabling this lint if you're certain the cast is safe
    │       
    │       // casting to 'bytes4' is safe because [explain why]
    │       // forge-lint: disable-next-line(unsafe-typecast)
    │       
    │       
    ╰ help: https://book.getfoundry.sh/reference/forge/forge-lint#unsafe-typecast

warning[block-timestamp]: usage of `block.timestamp` in a comparison may be manipulated by validators
    ╭▸ src\libraries\SaleGovernance.sol:100:13
    │
100 │         if (block.timestamp >= p.endsAt) revert DeadlinePassed();
    │             ━━━━━━━━━━━━━━━━━━━━━━━━━━━
    │
    ╰ help: https://book.getfoundry.sh/reference/forge/forge-lint#block-timestamp

warning[erc20-unchecked-transfer]: ERC20 'transfer' and 'transferFrom' calls should check the return value
    ╭▸ test\unit\PoolTransfers.t.sol:152:9
    │
152 │         pool.transfer(DAVE, 0);
    │         ━━━━━━━━━━━━━━━━━━━━━━
    │
    ╰ help: https://book.getfoundry.sh/reference/forge/forge-lint#erc20-unchecked-transfer

warning[erc20-unchecked-transfer]: ERC20 'transfer' and 'transferFrom' calls should check the return value
   ╭▸ test\unit\AuditMiningSettlement.t.sol:78:9
   │
78 │         pool.transfer(DAVE, 1);
   │         ━━━━━━━━━━━━━━━━━━━━━━
   │
   ╰ help: https://book.getfoundry.sh/reference/forge/forge-lint#erc20-unchecked-transfer

warning[erc20-unchecked-transfer]: ERC20 'transfer' and 'transferFrom' calls should check the return value
    ╭▸ test\unit\PoolFunding.t.sol:400:9
    │
400 │         pool.transfer(BOB, 1);
    │         ━━━━━━━━━━━━━━━━━━━━━
    │
    ╰ help: https://book.getfoundry.sh/reference/forge/forge-lint#erc20-unchecked-transfer

warning[block-timestamp]: usage of `block.timestamp` in a comparison may be manipulated by validators
    ╭▸ src\libraries\SaleGovernance.sol:123:13
    │
123 │         if (block.timestamp >= p.endsAt) revert DeadlinePassed();
    │             ━━━━━━━━━━━━━━━━━━━━━━━━━━━
    │
    ╰ help: https://book.getfoundry.sh/reference/forge/forge-lint#block-timestamp

warning[erc20-unchecked-transfer]: ERC20 'transfer' and 'transferFrom' calls should check the return value
    ╭▸ test\fork\AuditMiningSettlementFork.t.sol:133:9
    │
133 │         vault.transfer(DAVE, 1);
    │         ━━━━━━━━━━━━━━━━━━━━━━━
    │
    ╰ help: https://book.getfoundry.sh/reference/forge/forge-lint#erc20-unchecked-transfer

warning[erc20-unchecked-transfer]: ERC20 'transfer' and 'transferFrom' calls should check the return value
    ╭▸ test\unit\PoolTransfers.t.sol:154:9
    │
154 │         pool.transfer(DAVE, 50);
    │         ━━━━━━━━━━━━━━━━━━━━━━━
    │
    ╰ help: https://book.getfoundry.sh/reference/forge/forge-lint#erc20-unchecked-transfer

warning[block-timestamp]: usage of `block.timestamp` in a comparison may be manipulated by validators
    ╭▸ src\libraries\SaleGovernance.sol:137:13
    │
137 │         if (block.timestamp < s.expiresAt) revert DeadlineNotReached();
    │             ━━━━━━━━━━━━━━━━━━━━━━━━━━━━━
    │
    ╰ help: https://book.getfoundry.sh/reference/forge/forge-lint#block-timestamp

warning[erc20-unchecked-transfer]: ERC20 'transfer' and 'transferFrom' calls should check the return value
    ╭▸ test\unit\PoolFunding.t.sol:405:9
    │
405 │         pool.transferFrom(ALICE, BOB, 1);
    │         ━━━━━━━━━━━━━━━━━━━━━━━━━━━━━━━━
    │
    ╰ help: https://book.getfoundry.sh/reference/forge/forge-lint#erc20-unchecked-transfer

warning[erc20-unchecked-transfer]: ERC20 'transfer' and 'transferFrom' calls should check the return value
    ╭▸ test\unit\PoolTransfers.t.sol:156:9
    │
156 │         pool.transfer(BOB, 1);
    │         ━━━━━━━━━━━━━━━━━━━━━
    │
    ╰ help: https://book.getfoundry.sh/reference/forge/forge-lint#erc20-unchecked-transfer

warning[unsafe-typecast]: typecasts that can truncate values should be checked
    ╭▸ test\fork\AuditMiningSettlementFork.t.sol:189:18
    │
189 │         assertEq(uint8(beforeWord), 1);
    │                  ━━━━━━━━━━━━━━━━━
    │
    ├ note: consider disabling this lint if you're certain the cast is safe
    │       
    │       // casting to 'uint8' is safe because [explain why]
    │       // forge-lint: disable-next-line(unsafe-typecast)
    │       
    │       
    ╰ help: https://book.getfoundry.sh/reference/forge/forge-lint#unsafe-typecast

warning[unsafe-typecast]: typecasts that can truncate values should be checked
    ╭▸ test\unit\PoolFunding.t.sol:469:36
    │
469 │             _deposit(pool, address(uint160(0x10000 + i)), 1);
    │                                    ━━━━━━━━━━━━━━━━━━━━
    │
    ├ note: consider disabling this lint if you're certain the cast is safe
    │       
    │       // casting to 'uint160' is safe because [explain why]
    │       // forge-lint: disable-next-line(unsafe-typecast)
    │       
    │       
    ╰ help: https://book.getfoundry.sh/reference/forge/forge-lint#unsafe-typecast

warning[erc20-unchecked-transfer]: ERC20 'transfer' and 'transferFrom' calls should check the return value
    ╭▸ test\unit\PoolTransfers.t.sol:158:9
    │
158 │         pool.transfer(address(shareMarket), 1);
    │         ━━━━━━━━━━━━━━━━━━━━━━━━━━━━━━━━━━━━━━
    │
    ╰ help: https://book.getfoundry.sh/reference/forge/forge-lint#erc20-unchecked-transfer

warning[unsafe-typecast]: typecasts that can truncate values should be checked
   ╭▸ test\fork\AuditMiningStateFork.t.sol:43:18
   │
43 │         assertEq(uint8(beforeWord), 1);
   │                  ━━━━━━━━━━━━━━━━━
   │
   ├ note: consider disabling this lint if you're certain the cast is safe
   │       
   │       // casting to 'uint8' is safe because [explain why]
   │       // forge-lint: disable-next-line(unsafe-typecast)
   │       
   │       
   ╰ help: https://book.getfoundry.sh/reference/forge/forge-lint#unsafe-typecast

warning[unsafe-typecast]: typecasts that can truncate values should be checked
    ╭▸ test\unit\PoolFunding.t.sol:480:37
    │
480 │             address actor = address(uint160(0x10000 + i));
    │                                     ━━━━━━━━━━━━━━━━━━━━
    │
    ├ note: consider disabling this lint if you're certain the cast is safe
    │       
    │       // casting to 'uint160' is safe because [explain why]
    │       // forge-lint: disable-next-line(unsafe-typecast)
    │       
    │       
    ╰ help: https://book.getfoundry.sh/reference/forge/forge-lint#unsafe-typecast

warning[erc20-unchecked-transfer]: ERC20 'transfer' and 'transferFrom' calls should check the return value
    ╭▸ test\unit\PoolTransfers.t.sol:173:9
    │
173 │         pool.transfer(ALICE, 49);
    │         ━━━━━━━━━━━━━━━━━━━━━━━━
    │
    ╰ help: https://book.getfoundry.sh/reference/forge/forge-lint#erc20-unchecked-transfer

warning[unsafe-typecast]: typecasts that can truncate values should be checked
   ╭▸ test\unit\PoolMining.t.sol:70:79
   │
70 │             (circuits, id, uint32(7), uint256(8000), inputs, outputs, proofs, bytes32("salt"))
   │                                                                               ━━━━━━━━━━━━━━━
   │
   ├ note: consider disabling this lint if you're certain the cast is safe
   │       
   │       // casting to 'bytes32' is safe because [explain why]
   │       // forge-lint: disable-next-line(unsafe-typecast)
   │       
   │       
   ╰ help: https://book.getfoundry.sh/reference/forge/forge-lint#unsafe-typecast

warning[divide-before-multiply]: multiplication should occur before division to avoid loss of precision
    ╭▸ test\unit\PoolRewards.t.sol:229:37
    │
229 │             cumulativeDust += net - (net * 49 / 100) * 2 - net * 2 / 100;
    │                                     ━━━━━━━━━━━━━━━━━━━━
    │
    ╰ help: https://book.getfoundry.sh/reference/forge/forge-lint#divide-before-multiply

warning[erc20-unchecked-transfer]: ERC20 'transfer' and 'transferFrom' calls should check the return value
   ╭▸ test\unit\AuditMiningSettlement.t.sol:92:9
   │
92 │         pool.transfer(DAVE, 1);
   │         ━━━━━━━━━━━━━━━━━━━━━━
   │
   ╰ help: https://book.getfoundry.sh/reference/forge/forge-lint#erc20-unchecked-transfer

warning[unsafe-typecast]: typecasts that can truncate values should be checked
    ╭▸ test\unit\PoolPurchase.t.sol:279:47
    │
279 │         mining.setIdentity(key, address(nft), uint64(ID + 1));
    │                                               ━━━━━━━━━━━━━━
    │
    ├ note: consider disabling this lint if you're certain the cast is safe
    │       
    │       // casting to 'uint64' is safe because [explain why]
    │       // forge-lint: disable-next-line(unsafe-typecast)
    │       
    │       
    ╰ help: https://book.getfoundry.sh/reference/forge/forge-lint#unsafe-typecast

warning[erc20-unchecked-transfer]: ERC20 'transfer' and 'transferFrom' calls should check the return value
    ╭▸ test\unit\PoolTransfers.t.sol:189:9
    │
189 │         pool.transferFrom(ALICE, DAVE, 30);
    │         ━━━━━━━━━━━━━━━━━━━━━━━━━━━━━━━━━━
    │
    ╰ help: https://book.getfoundry.sh/reference/forge/forge-lint#erc20-unchecked-transfer

warning[unsafe-typecast]: typecasts that can truncate values should be checked
    ╭▸ test\unit\PoolMining.t.sol:270:62
    │
270 │         mining.setIdentity(key, Addresses.BEHEMOTH_CIRCUITS, uint64(ID));
    │                                                              ━━━━━━━━━━
    │
    ├ note: consider disabling this lint if you're certain the cast is safe
    │       
    │       // casting to 'uint64' is safe because [explain why]
    │       // forge-lint: disable-next-line(unsafe-typecast)
    │       
    │       
    ╰ help: https://book.getfoundry.sh/reference/forge/forge-lint#unsafe-typecast

warning[erc20-unchecked-transfer]: ERC20 'transfer' and 'transferFrom' calls should check the return value
    ╭▸ test\unit\PoolTransfers.t.sol:194:9
    │
194 │         pool.transfer(ERIN, 1);
    │         ━━━━━━━━━━━━━━━━━━━━━━
    │
    ╰ help: https://book.getfoundry.sh/reference/forge/forge-lint#erc20-unchecked-transfer

warning[erc20-unchecked-transfer]: ERC20 'transfer' and 'transferFrom' calls should check the return value
    ╭▸ test\unit\PoolPurchase.t.sol:594:9
    │
594 │         pool.transfer(BOB, 1);
    │         ━━━━━━━━━━━━━━━━━━━━━
    │
    ╰ help: https://book.getfoundry.sh/reference/forge/forge-lint#erc20-unchecked-transfer

warning[unsafe-typecast]: typecasts that can truncate values should be checked
   ╭▸ test\unit\PoolRewards.t.sol:68:83
   │
68 │         (uint32 e, uint256 amount, uint256 remainder) = rewards.rewardSlot(ALICE, uint8(firstEpoch % 8));
   │                                                                                   ━━━━━━━━━━━━━━━━━━━━━
   │
   ├ note: consider disabling this lint if you're certain the cast is safe
   │       
   │       // casting to 'uint8' is safe because [explain why]
   │       // forge-lint: disable-next-line(unsafe-typecast)
   │       
   │       
   ╰ help: https://book.getfoundry.sh/reference/forge/forge-lint#unsafe-typecast

warning[erc20-unchecked-transfer]: ERC20 'transfer' and 'transferFrom' calls should check the return value
    ╭▸ test\unit\PoolTransfers.t.sol:235:9
    │
235 │         pool.transferFrom(ALICE, DAVE, 10);
    │         ━━━━━━━━━━━━━━━━━━━━━━━━━━━━━━━━━━
    │
    ╰ help: https://book.getfoundry.sh/reference/forge/forge-lint#erc20-unchecked-transfer

warning[unsafe-typecast]: typecasts that can truncate values should be checked
   ╭▸ test\unit\PoolRewards.t.sol:75:59
   │
75 │         (, amount, remainder) = rewards.rewardSlot(ALICE, uint8(firstEpoch % 8));
   │                                                           ━━━━━━━━━━━━━━━━━━━━━
   │
   ├ note: consider disabling this lint if you're certain the cast is safe
   │       
   │       // casting to 'uint8' is safe because [explain why]
   │       // forge-lint: disable-next-line(unsafe-typecast)
   │       
   │       
   ╰ help: https://book.getfoundry.sh/reference/forge/forge-lint#unsafe-typecast

warning[erc20-unchecked-transfer]: ERC20 'transfer' and 'transferFrom' calls should check the return value
    ╭▸ test\unit\PoolTransfers.t.sol:254:9
    │
254 │         pool.transferFrom(ALICE, DAVE, 1);
    │         ━━━━━━━━━━━━━━━━━━━━━━━━━━━━━━━━━
    │
    ╰ help: https://book.getfoundry.sh/reference/forge/forge-lint#erc20-unchecked-transfer

warning[unsafe-typecast]: typecasts that can truncate values should be checked
   ╭▸ test\unit\PoolRewards.t.sol:86:59
   │
86 │         (, amount, remainder) = rewards.rewardSlot(ALICE, uint8(firstEpoch % 8));
   │                                                           ━━━━━━━━━━━━━━━━━━━━━
   │
   ├ note: consider disabling this lint if you're certain the cast is safe
   │       
   │       // casting to 'uint8' is safe because [explain why]
   │       // forge-lint: disable-next-line(unsafe-typecast)
   │       
   │       
   ╰ help: https://book.getfoundry.sh/reference/forge/forge-lint#unsafe-typecast

warning[erc20-unchecked-transfer]: ERC20 'transfer' and 'transferFrom' calls should check the return value
    ╭▸ test\unit\PoolTransfers.t.sol:270:9
    │
270 │         pool.transfer(DAVE, 1);
    │         ━━━━━━━━━━━━━━━━━━━━━━
    │
    ╰ help: https://book.getfoundry.sh/reference/forge/forge-lint#erc20-unchecked-transfer

warning[erc20-unchecked-transfer]: ERC20 'transfer' and 'transferFrom' calls should check the return value
    ╭▸ test\unit\PoolTransfers.t.sol:277:9
    │
277 │         pool.transfer(DAVE, 1);
    │         ━━━━━━━━━━━━━━━━━━━━━━
    │
    ╰ help: https://book.getfoundry.sh/reference/forge/forge-lint#erc20-unchecked-transfer

warning[erc20-unchecked-transfer]: ERC20 'transfer' and 'transferFrom' calls should check the return value
    ╭▸ test\unit\AuditMiningSettlement.t.sol:103:9
    │
103 │         pool.transfer(DAVE, 1);
    │         ━━━━━━━━━━━━━━━━━━━━━━
    │
    ╰ help: https://book.getfoundry.sh/reference/forge/forge-lint#erc20-unchecked-transfer

warning[unsafe-typecast]: typecasts that can truncate values should be checked
    ╭▸ test\unit\PoolRewards.t.sol:118:63
    │
118 │         (uint32 e, uint256 amount,) = rewards.rewardSlot(BOB, uint8(firstEpoch % 8));
    │                                                               ━━━━━━━━━━━━━━━━━━━━━
    │
    ├ note: consider disabling this lint if you're certain the cast is safe
    │       
    │       // casting to 'uint8' is safe because [explain why]
    │       // forge-lint: disable-next-line(unsafe-typecast)
    │       
    │       
    ╰ help: https://book.getfoundry.sh/reference/forge/forge-lint#unsafe-typecast

warning[erc20-unchecked-transfer]: ERC20 'transfer' and 'transferFrom' calls should check the return value
    ╭▸ test\unit\AuditMiningSettlement.t.sol:111:9
    │
111 │         pool.transfer(DAVE, 1);
    │         ━━━━━━━━━━━━━━━━━━━━━━
    │
    ╰ help: https://book.getfoundry.sh/reference/forge/forge-lint#erc20-unchecked-transfer

warning[unsafe-typecast]: typecasts that can truncate values should be checked
    ╭▸ test\unit\AuditMiningSettlement.t.sol:117:49
    │
117 │         mining.setIdentity(key, address(0xBAD), uint64(rewardId));
    │                                                 ━━━━━━━━━━━━━━━━
    │
    ├ note: consider disabling this lint if you're certain the cast is safe
    │       
    │       // casting to 'uint64' is safe because [explain why]
    │       // forge-lint: disable-next-line(unsafe-typecast)
    │       
    │       
    ╰ help: https://book.getfoundry.sh/reference/forge/forge-lint#unsafe-typecast

warning[erc20-unchecked-transfer]: ERC20 'transfer' and 'transferFrom' calls should check the return value
    ╭▸ test\unit\AuditMiningSettlement.t.sol:120:9
    │
120 │         pool.transfer(DAVE, 1);
    │         ━━━━━━━━━━━━━━━━━━━━━━
    │
    ╰ help: https://book.getfoundry.sh/reference/forge/forge-lint#erc20-unchecked-transfer

warning[unsafe-typecast]: typecasts that can truncate values should be checked
    ╭▸ test\unit\AuditMiningSettlement.t.sol:121:47
    │
121 │         mining.setIdentity(key, address(nft), uint64(rewardId));
    │                                               ━━━━━━━━━━━━━━━━
    │
    ├ note: consider disabling this lint if you're certain the cast is safe
    │       
    │       // casting to 'uint64' is safe because [explain why]
    │       // forge-lint: disable-next-line(unsafe-typecast)
    │       
    │       
    ╰ help: https://book.getfoundry.sh/reference/forge/forge-lint#unsafe-typecast

warning[erc20-unchecked-transfer]: ERC20 'transfer' and 'transferFrom' calls should check the return value
    ╭▸ test\unit\AuditMiningSettlement.t.sol:125:9
    │
125 │         pool.transfer(DAVE, 1);
    │         ━━━━━━━━━━━━━━━━━━━━━━
    │
    ╰ help: https://book.getfoundry.sh/reference/forge/forge-lint#erc20-unchecked-transfer

